{"timestamp":"2026-07-25T07:03:25.754730Z","level":"info","event":"::group::Pre Execute","logger":"task","filename":"task_runner.py","lineno":2303}
{"timestamp":"2026-07-25T07:03:25.780172Z","level":"info","event":"DAG bundles loaded: dags-folder, example_dags, apache-airflow-providers-common-sql-example-dags, apache-airflow-providers-standard-example-dags","try_number":1,"ti_id":"019f9815-f8f4-7995-bcce-7f7d5e132d8b","task_id":"python_task","run_id":"scheduled__2026-07-25T07:00:00+00:00","dag_id":"data_load_daily","map_index":-1,"logger":"airflow.dag_processing.bundles.manager.DagBundlesManager","filename":"manager.py","lineno":271}
{"timestamp":"2026-07-25T07:03:25.780593Z","level":"info","event":"Filling up the DagBag from /opt/airflow/dags/read_data_dag.py","try_number":1,"ti_id":"019f9815-f8f4-7995-bcce-7f7d5e132d8b","task_id":"python_task","run_id":"scheduled__2026-07-25T07:00:00+00:00","dag_id":"data_load_daily","map_index":-1,"logger":"airflow.dag_processing.dagbag.BundleDagBag","filename":"dagbag.py","lineno":460}
{"timestamp":"2026-07-25T07:03:25.785939Z","level":"info","event":"Worker startup parse complete","bundle_name":"dags-folder","bundle_version":null,"dag_file":"read_data_dag.py","dag_id":"data_load_daily","bundle_prepare_ms":1,"dag_file_parse_ms":5,"try_number":1,"ti_id":"019f9815-f8f4-7995-bcce-7f7d5e132d8b","task_id":"python_task","run_id":"scheduled__2026-07-25T07:00:00+00:00","map_index":-1,"logger":"task","filename":"task_runner.py","lineno":1062}
{"timestamp":"2026-07-25T07:03:25.802030Z","level":"info","event":"Task instance is in running state","logger":"task.stdout"}
{"timestamp":"2026-07-25T07:03:25.802645Z","level":"info","event":" Previous state of the Task instance: TaskInstanceState.QUEUED","logger":"task.stdout"}
{"timestamp":"2026-07-25T07:03:25.802791Z","level":"info","event":"Current task name:python_task","logger":"task.stdout"}
{"timestamp":"2026-07-25T07:03:25.802864Z","level":"info","event":"Dag name:data_load_daily","logger":"task.stdout"}
{"timestamp":"2026-07-25T07:03:25.802254Z","level":"info","event":"::endgroup::","try_number":1,"ti_id":"019f9815-f8f4-7995-bcce-7f7d5e132d8b","task_id":"python_task","run_id":"scheduled__2026-07-25T07:00:00+00:00","dag_id":"data_load_daily","map_index":-1,"logger":"task","filename":"task_runner.py","lineno":2107}
{"timestamp":"2026-07-25T07:03:26.533012Z","level":"info","event":"Downloaded page 1/530","logger":"task.stdout"}
{"timestamp":"2026-07-25T07:03:27.229192Z","level":"info","event":"Downloaded page 2/530","logger":"task.stdout"}
{"timestamp":"2026-07-25T07:03:27.881372Z","level":"info","event":"Downloaded page 3/530","logger":"task.stdout"}
{"timestamp":"2026-07-25T07:03:28.637258Z","level":"info","event":"Downloaded page 4/530","logger":"task.stdout"}
{"timestamp":"2026-07-25T07:03:29.355712Z","level":"info","event":"Downloaded page 5/530","logger":"task.stdout"}
{"timestamp":"2026-07-25T07:03:29.366944Z","level":"info","event":"","logger":"task.stdout"}
{"timestamp":"2026-07-25T07:03:29.367858Z","level":"info","event":"Saved 250 records to obsoletes.json","logger":"task.stdout"}
{"timestamp":"2026-07-25T07:03:29.367158Z","level":"info","event":"Done. Returned value was: None","try_number":1,"ti_id":"019f9815-f8f4-7995-bcce-7f7d5e132d8b","task_id":"python_task","run_id":"scheduled__2026-07-25T07:00:00+00:00","dag_id":"data_load_daily","map_index":-1,"logger":"airflow.task.operators.airflow.providers.standard.operators.python.PythonOperator","filename":"python.py","lineno":233}
{"timestamp":"2026-07-25T07:03:29.367337Z","level":"info","event":"::group::Post Execute","try_number":1,"ti_id":"019f9815-f8f4-7995-bcce-7f7d5e132d8b","task_id":"python_task","run_id":"scheduled__2026-07-25T07:00:00+00:00","dag_id":"data_load_daily","map_index":-1,"logger":"task","filename":"task_runner.py","lineno":1577}
{"timestamp":"2026-07-25T07:03:29.384128Z","level":"info","event":"Task instance in success state","logger":"task.stdout"}
{"timestamp":"2026-07-25T07:03:29.384261Z","level":"info","event":" Previous state of the Task instance: TaskInstanceState.RUNNING","logger":"task.stdout"}
{"timestamp":"2026-07-25T07:03:29.384372Z","level":"info","event":"Task operator:<Task(PythonOperator): python_task>","logger":"task.stdout"}
{"timestamp":"2026-07-25T07:03:29.384325Z","level":"info","event":"::endgroup::","try_number":1,"ti_id":"019f9815-f8f4-7995-bcce-7f7d5e132d8b","task_id":"python_task","run_id":"scheduled__2026-07-25T07:00:00+00:00","dag_id":"data_load_daily","map_index":-1,"logger":"task","filename":"task_runner.py","lineno":2270}
