{"timestamp":"2026-07-24T02:07:43.175322Z","level":"info","event":"::group::Pre Execute","logger":"task","filename":"task_runner.py","lineno":2303}
{"timestamp":"2026-07-24T02:07:43.208454Z","level":"info","event":"DAG bundles loaded: dags-folder, example_dags, apache-airflow-providers-common-sql-example-dags, apache-airflow-providers-standard-example-dags","task_id":"python_task","map_index":-1,"try_number":1,"dag_id":"data_load_daily","run_id":"scheduled__2026-07-24T02:00:00+00:00","ti_id":"019f91e0-e3cd-7984-a667-04a33638f7c3","logger":"airflow.dag_processing.bundles.manager.DagBundlesManager","filename":"manager.py","lineno":271}
{"timestamp":"2026-07-24T02:07:43.209039Z","level":"info","event":"Filling up the DagBag from /opt/airflow/dags/read_data_dag.py","task_id":"python_task","map_index":-1,"try_number":1,"dag_id":"data_load_daily","run_id":"scheduled__2026-07-24T02:00:00+00:00","ti_id":"019f91e0-e3cd-7984-a667-04a33638f7c3","logger":"airflow.dag_processing.dagbag.BundleDagBag","filename":"dagbag.py","lineno":460}
{"timestamp":"2026-07-24T02:07:43.213779Z","level":"info","event":"Worker startup parse complete","bundle_name":"dags-folder","bundle_version":null,"dag_file":"read_data_dag.py","dag_id":"data_load_daily","bundle_prepare_ms":1,"dag_file_parse_ms":4,"task_id":"python_task","map_index":-1,"try_number":1,"run_id":"scheduled__2026-07-24T02:00:00+00:00","ti_id":"019f91e0-e3cd-7984-a667-04a33638f7c3","logger":"task","filename":"task_runner.py","lineno":1062}
{"timestamp":"2026-07-24T02:07:43.231047Z","level":"info","event":"Task instance is in running state","logger":"task.stdout"}
{"timestamp":"2026-07-24T02:07:43.231130Z","level":"info","event":" Previous state of the Task instance: TaskInstanceState.QUEUED","logger":"task.stdout"}
{"timestamp":"2026-07-24T02:07:43.231195Z","level":"info","event":"Current task name:python_task","logger":"task.stdout"}
{"timestamp":"2026-07-24T02:07:43.231272Z","level":"info","event":"Dag name:data_load_daily","logger":"task.stdout"}
{"timestamp":"2026-07-24T02:07:43.230109Z","level":"info","event":"::endgroup::","task_id":"python_task","map_index":-1,"try_number":1,"dag_id":"data_load_daily","run_id":"scheduled__2026-07-24T02:00:00+00:00","ti_id":"019f91e0-e3cd-7984-a667-04a33638f7c3","logger":"task","filename":"task_runner.py","lineno":2107}
{"timestamp":"2026-07-24T02:07:44.353480Z","level":"info","event":"Downloaded page 1/530","logger":"task.stdout"}
{"timestamp":"2026-07-24T02:07:45.191940Z","level":"info","event":"Downloaded page 2/530","logger":"task.stdout"}
{"timestamp":"2026-07-24T02:07:45.933639Z","level":"info","event":"Downloaded page 3/530","logger":"task.stdout"}
{"timestamp":"2026-07-24T02:07:46.732443Z","level":"info","event":"Downloaded page 4/530","logger":"task.stdout"}
{"timestamp":"2026-07-24T02:07:47.504231Z","level":"info","event":"Downloaded page 5/530","logger":"task.stdout"}
{"timestamp":"2026-07-24T02:07:47.513474Z","level":"info","event":"","logger":"task.stdout"}
{"timestamp":"2026-07-24T02:07:47.513533Z","level":"info","event":"Saved 250 records to obsoletes.json","logger":"task.stdout"}
{"timestamp":"2026-07-24T02:07:47.513132Z","level":"info","event":"Done. Returned value was: None","task_id":"python_task","map_index":-1,"try_number":1,"dag_id":"data_load_daily","run_id":"scheduled__2026-07-24T02:00:00+00:00","ti_id":"019f91e0-e3cd-7984-a667-04a33638f7c3","logger":"airflow.task.operators.airflow.providers.standard.operators.python.PythonOperator","filename":"python.py","lineno":233}
{"timestamp":"2026-07-24T02:07:47.513213Z","level":"info","event":"::group::Post Execute","task_id":"python_task","map_index":-1,"try_number":1,"dag_id":"data_load_daily","run_id":"scheduled__2026-07-24T02:00:00+00:00","ti_id":"019f91e0-e3cd-7984-a667-04a33638f7c3","logger":"task","filename":"task_runner.py","lineno":1577}
{"timestamp":"2026-07-24T02:07:47.526272Z","level":"info","event":"Task instance in success state","logger":"task.stdout"}
{"timestamp":"2026-07-24T02:07:47.527201Z","level":"info","event":" Previous state of the Task instance: TaskInstanceState.RUNNING","logger":"task.stdout"}
{"timestamp":"2026-07-24T02:07:47.527302Z","level":"info","event":"Task operator:<Task(PythonOperator): python_task>","logger":"task.stdout"}
{"timestamp":"2026-07-24T02:07:47.524442Z","level":"info","event":"::endgroup::","task_id":"python_task","map_index":-1,"try_number":1,"dag_id":"data_load_daily","run_id":"scheduled__2026-07-24T02:00:00+00:00","ti_id":"019f91e0-e3cd-7984-a667-04a33638f7c3","logger":"task","filename":"task_runner.py","lineno":2270}
