{"timestamp":"2026-07-28T03:00:07.818591Z","level":"info","event":"::group::Pre Execute","logger":"task","filename":"task_runner.py","lineno":2303}
{"timestamp":"2026-07-28T03:00:07.848585Z","level":"info","event":"DAG bundles loaded: dags-folder, example_dags, apache-airflow-providers-common-sql-example-dags, apache-airflow-providers-standard-example-dags","run_id":"scheduled__2026-07-28T03:00:00+00:00","task_id":"read_api_data","ti_id":"019fa6aa-519f-7183-9795-40967ef6f614","try_number":1,"map_index":-1,"dag_id":"cards_pipeline","logger":"airflow.dag_processing.bundles.manager.DagBundlesManager","filename":"manager.py","lineno":271}
{"timestamp":"2026-07-28T03:00:07.849155Z","level":"info","event":"Filling up the DagBag from /opt/airflow/dags/cards_pipeline.py","run_id":"scheduled__2026-07-28T03:00:00+00:00","task_id":"read_api_data","ti_id":"019fa6aa-519f-7183-9795-40967ef6f614","try_number":1,"map_index":-1,"dag_id":"cards_pipeline","logger":"airflow.dag_processing.dagbag.BundleDagBag","filename":"dagbag.py","lineno":460}
{"timestamp":"2026-07-28T03:00:08.286399Z","level":"warning","event":"The `airflow.decorators.dag` attribute is deprecated. Please use `'airflow.sdk.dag'`.","category":"UserWarning","filename":"/opt/airflow/dags/cards_pipeline.py","lineno":38,"run_id":"scheduled__2026-07-28T03:00:00+00:00","task_id":"read_api_data","ti_id":"019fa6aa-519f-7183-9795-40967ef6f614","try_number":1,"map_index":-1,"dag_id":"cards_pipeline","logger":"py.warnings"}
{"timestamp":"2026-07-28T03:00:08.286480Z","level":"warning","event":"The `airflow.decorators.task` attribute is deprecated. Please use `'airflow.sdk.task'`.","category":"UserWarning","filename":"/opt/airflow/dags/cards_pipeline.py","lineno":38,"run_id":"scheduled__2026-07-28T03:00:00+00:00","task_id":"read_api_data","ti_id":"019fa6aa-519f-7183-9795-40967ef6f614","try_number":1,"map_index":-1,"dag_id":"cards_pipeline","logger":"py.warnings"}
{"timestamp":"2026-07-28T03:00:08.288164Z","level":"info","event":"Worker startup parse complete","bundle_name":"dags-folder","bundle_version":null,"dag_file":"cards_pipeline.py","dag_id":"cards_pipeline","bundle_prepare_ms":1,"dag_file_parse_ms":439,"run_id":"scheduled__2026-07-28T03:00:00+00:00","task_id":"read_api_data","ti_id":"019fa6aa-519f-7183-9795-40967ef6f614","try_number":1,"map_index":-1,"logger":"task","filename":"task_runner.py","lineno":1062}
{"timestamp":"2026-07-28T03:00:08.317576Z","level":"info","event":"Task instance is in running state","logger":"task.stdout"}
{"timestamp":"2026-07-28T03:00:08.317705Z","level":"info","event":" Previous state of the Task instance: TaskInstanceState.QUEUED","logger":"task.stdout"}
{"timestamp":"2026-07-28T03:00:08.317777Z","level":"info","event":"Current task name:read_api_data","logger":"task.stdout"}
{"timestamp":"2026-07-28T03:00:08.317831Z","level":"info","event":"Dag name:cards_pipeline","logger":"task.stdout"}
{"timestamp":"2026-07-28T03:00:08.316458Z","level":"info","event":"::endgroup::","run_id":"scheduled__2026-07-28T03:00:00+00:00","task_id":"read_api_data","ti_id":"019fa6aa-519f-7183-9795-40967ef6f614","try_number":1,"map_index":-1,"dag_id":"cards_pipeline","logger":"task","filename":"task_runner.py","lineno":2107}
{"timestamp":"2026-07-28T03:00:09.328613Z","level":"info","event":"Downloaded page 1/532","logger":"task.stdout"}
{"timestamp":"2026-07-28T03:00:09.617071Z","level":"info","event":"Downloaded page 2/532","logger":"task.stdout"}
{"timestamp":"2026-07-28T03:00:09.919372Z","level":"info","event":"Downloaded page 3/532","logger":"task.stdout"}
{"timestamp":"2026-07-28T03:00:10.202446Z","level":"info","event":"Downloaded page 4/532","logger":"task.stdout"}
{"timestamp":"2026-07-28T03:00:10.582405Z","level":"info","event":"Downloaded page 5/532","logger":"task.stdout"}
{"timestamp":"2026-07-28T03:00:10.582766Z","level":"info","event":"Hit MAX_PAGES safety cap (5); stopping early.","logger":"task.stdout"}
{"timestamp":"2026-07-28T03:00:10.587966Z","level":"info","event":"Saved 250 records to /opt/airflow/data/obsoletes_2026-07-28.json","logger":"task.stdout"}
{"timestamp":"2026-07-28T03:00:10.588190Z","level":"info","event":"Done. Returned value was: /opt/airflow/data/obsoletes_2026-07-28.json","run_id":"scheduled__2026-07-28T03:00:00+00:00","task_id":"read_api_data","ti_id":"019fa6aa-519f-7183-9795-40967ef6f614","try_number":1,"map_index":-1,"dag_id":"cards_pipeline","logger":"airflow.task.operators.airflow.providers.standard.decorators.python._PythonDecoratedOperator","filename":"python.py","lineno":233}
{"timestamp":"2026-07-28T03:00:10.588282Z","level":"info","event":"::group::Post Execute","run_id":"scheduled__2026-07-28T03:00:00+00:00","task_id":"read_api_data","ti_id":"019fa6aa-519f-7183-9795-40967ef6f614","try_number":1,"map_index":-1,"dag_id":"cards_pipeline","logger":"task","filename":"task_runner.py","lineno":1577}
{"timestamp":"2026-07-28T03:00:10.588362Z","level":"info","event":"Pushing xcom","ti":"RuntimeTaskInstance(id=UUID('019fa6aa-519f-7183-9795-40967ef6f614'), task_id='read_api_data', dag_id='cards_pipeline', run_id='scheduled__2026-07-28T03:00:00+00:00', try_number=1, dag_version_id=UUID('019fa3cc-a6ce-7ee0-aaf8-e50b4de997e4'), map_index=-1, hostname='94898af98ea4', context_carrier={'traceparent': '00-0e951d34595a33967fcf7bea5496392e-21337036d05841b9-00'}, queue='default', task=<Task(_PythonDecoratedOperator): read_api_data>, bundle_instance=LocalDagBundle(name=dags-folder), max_tries=2, start_date=datetime.datetime(2026, 7, 28, 3, 0, 7, 830865, tzinfo=datetime.timezone.utc), end_date=None, state=<TaskInstanceState.RUNNING: 'running'>, is_mapped=False, rendered_map_index=None, sentry_integration='sentry_sdk.integrations.celery.CeleryIntegration')","run_id":"scheduled__2026-07-28T03:00:00+00:00","task_id":"read_api_data","ti_id":"019fa6aa-519f-7183-9795-40967ef6f614","try_number":1,"map_index":-1,"dag_id":"cards_pipeline","logger":"task","filename":"task_runner.py","lineno":2171}
{"timestamp":"2026-07-28T03:00:10.629145Z","level":"info","event":"Task instance in success state","logger":"task.stdout"}
{"timestamp":"2026-07-28T03:00:10.629299Z","level":"info","event":" Previous state of the Task instance: TaskInstanceState.RUNNING","logger":"task.stdout"}
{"timestamp":"2026-07-28T03:00:10.629339Z","level":"info","event":"Task operator:<Task(_PythonDecoratedOperator): read_api_data>","logger":"task.stdout"}
{"timestamp":"2026-07-28T03:00:10.625748Z","level":"info","event":"::endgroup::","run_id":"scheduled__2026-07-28T03:00:00+00:00","task_id":"read_api_data","ti_id":"019fa6aa-519f-7183-9795-40967ef6f614","try_number":1,"map_index":-1,"dag_id":"cards_pipeline","logger":"task","filename":"task_runner.py","lineno":2270}
