{"timestamp":"2026-07-24T00:11:41.760397Z","level":"info","event":"::group::Pre Execute","logger":"task","filename":"task_runner.py","lineno":2303}
{"timestamp":"2026-07-24T00:11:43.145208Z","level":"info","event":"DAG bundles loaded: dags-folder, example_dags, apache-airflow-providers-common-sql-example-dags, apache-airflow-providers-standard-example-dags","ti_id":"019f9176-a61e-78b2-a6f2-62d07032f011","run_id":"manual__2026-07-24T00:11:39.907738+00:00","task_id":"python_task","dag_id":"data_load_daily","try_number":1,"map_index":-1,"logger":"airflow.dag_processing.bundles.manager.DagBundlesManager","filename":"manager.py","lineno":271}
{"timestamp":"2026-07-24T00:11:43.146017Z","level":"info","event":"Filling up the DagBag from /opt/airflow/dags/read_data_dag.py","ti_id":"019f9176-a61e-78b2-a6f2-62d07032f011","run_id":"manual__2026-07-24T00:11:39.907738+00:00","task_id":"python_task","dag_id":"data_load_daily","try_number":1,"map_index":-1,"logger":"airflow.dag_processing.dagbag.BundleDagBag","filename":"dagbag.py","lineno":460}
{"timestamp":"2026-07-24T00:11:43.151350Z","level":"info","event":"Worker startup parse complete","bundle_name":"dags-folder","bundle_version":null,"dag_file":"read_data_dag.py","dag_id":"data_load_daily","bundle_prepare_ms":1,"dag_file_parse_ms":5,"ti_id":"019f9176-a61e-78b2-a6f2-62d07032f011","run_id":"manual__2026-07-24T00:11:39.907738+00:00","task_id":"python_task","try_number":1,"map_index":-1,"logger":"task","filename":"task_runner.py","lineno":1062}
{"timestamp":"2026-07-24T00:11:43.172958Z","level":"info","event":"Task instance is in running state","logger":"task.stdout"}
{"timestamp":"2026-07-24T00:11:43.173366Z","level":"info","event":" Previous state of the Task instance: TaskInstanceState.QUEUED","logger":"task.stdout"}
{"timestamp":"2026-07-24T00:11:43.174144Z","level":"info","event":"Current task name:python_task","logger":"task.stdout"}
{"timestamp":"2026-07-24T00:11:43.174406Z","level":"info","event":"Dag name:data_load_daily","logger":"task.stdout"}
{"timestamp":"2026-07-24T00:11:43.172360Z","level":"info","event":"::endgroup::","ti_id":"019f9176-a61e-78b2-a6f2-62d07032f011","run_id":"manual__2026-07-24T00:11:39.907738+00:00","task_id":"python_task","dag_id":"data_load_daily","try_number":1,"map_index":-1,"logger":"task","filename":"task_runner.py","lineno":2107}
{"timestamp":"2026-07-24T00:11:43.866712Z","level":"info","event":"Downloaded page 1/530","logger":"task.stdout"}
{"timestamp":"2026-07-24T00:11:44.551260Z","level":"info","event":"Downloaded page 2/530","logger":"task.stdout"}
{"timestamp":"2026-07-24T00:11:45.227886Z","level":"info","event":"Downloaded page 3/530","logger":"task.stdout"}
{"timestamp":"2026-07-24T00:11:45.922324Z","level":"info","event":"Downloaded page 4/530","logger":"task.stdout"}
{"timestamp":"2026-07-24T00:11:46.600652Z","level":"info","event":"Downloaded page 5/530","logger":"task.stdout"}
{"timestamp":"2026-07-24T00:11:46.605791Z","level":"info","event":"","logger":"task.stdout"}
{"timestamp":"2026-07-24T00:11:46.605872Z","level":"info","event":"Saved 250 records to obsoletes.json","logger":"task.stdout"}
{"timestamp":"2026-07-24T00:11:46.605871Z","level":"info","event":"Done. Returned value was: None","ti_id":"019f9176-a61e-78b2-a6f2-62d07032f011","run_id":"manual__2026-07-24T00:11:39.907738+00:00","task_id":"python_task","dag_id":"data_load_daily","try_number":1,"map_index":-1,"logger":"airflow.task.operators.airflow.providers.standard.operators.python.PythonOperator","filename":"python.py","lineno":233}
{"timestamp":"2026-07-24T00:11:46.605942Z","level":"info","event":"::group::Post Execute","ti_id":"019f9176-a61e-78b2-a6f2-62d07032f011","run_id":"manual__2026-07-24T00:11:39.907738+00:00","task_id":"python_task","dag_id":"data_load_daily","try_number":1,"map_index":-1,"logger":"task","filename":"task_runner.py","lineno":1577}
{"timestamp":"2026-07-24T00:11:46.618762Z","level":"info","event":"Task instance in success state","logger":"task.stdout"}
{"timestamp":"2026-07-24T00:11:46.618886Z","level":"info","event":" Previous state of the Task instance: TaskInstanceState.RUNNING","logger":"task.stdout"}
{"timestamp":"2026-07-24T00:11:46.618980Z","level":"info","event":"Task operator:<Task(PythonOperator): python_task>","logger":"task.stdout"}
{"timestamp":"2026-07-24T00:11:46.618899Z","level":"info","event":"::endgroup::","ti_id":"019f9176-a61e-78b2-a6f2-62d07032f011","run_id":"manual__2026-07-24T00:11:39.907738+00:00","task_id":"python_task","dag_id":"data_load_daily","try_number":1,"map_index":-1,"logger":"task","filename":"task_runner.py","lineno":2270}
