{"timestamp":"2026-07-27T13:42:19.982586Z","level":"info","event":"::group::Pre Execute","logger":"task","filename":"task_runner.py","lineno":2303}
{"timestamp":"2026-07-27T13:42:20.003702Z","level":"info","event":"DAG bundles loaded: dags-folder, example_dags, apache-airflow-providers-common-sql-example-dags, apache-airflow-providers-standard-example-dags","dag_id":"cards_pipeline","map_index":-1,"task_id":"read_api_data","ti_id":"019fa3cf-e6c1-7f4a-9f98-838c2237f15e","run_id":"manual__2026-07-27T13:42:19.060245+00:00","try_number":1,"logger":"airflow.dag_processing.bundles.manager.DagBundlesManager","filename":"manager.py","lineno":271}
{"timestamp":"2026-07-27T13:42:20.004197Z","level":"info","event":"Filling up the DagBag from /opt/airflow/dags/cards_pipeline.py","dag_id":"cards_pipeline","map_index":-1,"task_id":"read_api_data","ti_id":"019fa3cf-e6c1-7f4a-9f98-838c2237f15e","run_id":"manual__2026-07-27T13:42:19.060245+00:00","try_number":1,"logger":"airflow.dag_processing.dagbag.BundleDagBag","filename":"dagbag.py","lineno":460}
{"timestamp":"2026-07-27T13:42:20.486222Z","level":"warning","event":"The `airflow.decorators.dag` attribute is deprecated. Please use `'airflow.sdk.dag'`.","category":"UserWarning","filename":"/opt/airflow/dags/cards_pipeline.py","lineno":38,"dag_id":"cards_pipeline","map_index":-1,"task_id":"read_api_data","ti_id":"019fa3cf-e6c1-7f4a-9f98-838c2237f15e","run_id":"manual__2026-07-27T13:42:19.060245+00:00","try_number":1,"logger":"py.warnings"}
{"timestamp":"2026-07-27T13:42:20.486303Z","level":"warning","event":"The `airflow.decorators.task` attribute is deprecated. Please use `'airflow.sdk.task'`.","category":"UserWarning","filename":"/opt/airflow/dags/cards_pipeline.py","lineno":38,"dag_id":"cards_pipeline","map_index":-1,"task_id":"read_api_data","ti_id":"019fa3cf-e6c1-7f4a-9f98-838c2237f15e","run_id":"manual__2026-07-27T13:42:19.060245+00:00","try_number":1,"logger":"py.warnings"}
{"timestamp":"2026-07-27T13:42:20.486971Z","level":"info","event":"Worker startup parse complete","bundle_name":"dags-folder","bundle_version":null,"dag_file":"cards_pipeline.py","dag_id":"cards_pipeline","bundle_prepare_ms":1,"dag_file_parse_ms":482,"map_index":-1,"task_id":"read_api_data","ti_id":"019fa3cf-e6c1-7f4a-9f98-838c2237f15e","run_id":"manual__2026-07-27T13:42:19.060245+00:00","try_number":1,"logger":"task","filename":"task_runner.py","lineno":1062}
{"timestamp":"2026-07-27T13:42:20.501454Z","level":"info","event":"Task instance is in running state","logger":"task.stdout"}
{"timestamp":"2026-07-27T13:42:20.501736Z","level":"info","event":" Previous state of the Task instance: TaskInstanceState.QUEUED","logger":"task.stdout"}
{"timestamp":"2026-07-27T13:42:20.501843Z","level":"info","event":"Current task name:read_api_data","logger":"task.stdout"}
{"timestamp":"2026-07-27T13:42:20.501930Z","level":"info","event":"Dag name:cards_pipeline","logger":"task.stdout"}
{"timestamp":"2026-07-27T13:42:20.501537Z","level":"info","event":"::endgroup::","dag_id":"cards_pipeline","map_index":-1,"task_id":"read_api_data","ti_id":"019fa3cf-e6c1-7f4a-9f98-838c2237f15e","run_id":"manual__2026-07-27T13:42:19.060245+00:00","try_number":1,"logger":"task","filename":"task_runner.py","lineno":2107}
{"timestamp":"2026-07-27T13:42:21.314845Z","level":"info","event":"Downloaded page 1/532","logger":"task.stdout"}
{"timestamp":"2026-07-27T13:42:21.910649Z","level":"info","event":"Downloaded page 2/532","logger":"task.stdout"}
{"timestamp":"2026-07-27T13:42:22.443881Z","level":"info","event":"Downloaded page 3/532","logger":"task.stdout"}
{"timestamp":"2026-07-27T13:42:23.044034Z","level":"info","event":"Downloaded page 4/532","logger":"task.stdout"}
{"timestamp":"2026-07-27T13:42:23.596659Z","level":"info","event":"Downloaded page 5/532","logger":"task.stdout"}
{"timestamp":"2026-07-27T13:42:24.159529Z","level":"info","event":"Downloaded page 6/532","logger":"task.stdout"}
{"timestamp":"2026-07-27T13:42:24.710498Z","level":"info","event":"Downloaded page 7/532","logger":"task.stdout"}
{"timestamp":"2026-07-27T13:42:25.278993Z","level":"info","event":"Downloaded page 8/532","logger":"task.stdout"}
{"timestamp":"2026-07-27T13:42:25.820995Z","level":"info","event":"Downloaded page 9/532","logger":"task.stdout"}
{"timestamp":"2026-07-27T13:42:26.345547Z","level":"info","event":"Downloaded page 10/532","logger":"task.stdout"}
{"timestamp":"2026-07-27T13:42:26.849723Z","level":"info","event":"Downloaded page 11/532","logger":"task.stdout"}
{"timestamp":"2026-07-27T13:42:27.371277Z","level":"info","event":"Downloaded page 12/532","logger":"task.stdout"}
{"timestamp":"2026-07-27T13:42:27.900584Z","level":"info","event":"Downloaded page 13/532","logger":"task.stdout"}
{"timestamp":"2026-07-27T13:42:28.465995Z","level":"info","event":"Downloaded page 14/532","logger":"task.stdout"}
{"timestamp":"2026-07-27T13:42:29.070984Z","level":"info","event":"Downloaded page 15/532","logger":"task.stdout"}
{"timestamp":"2026-07-27T13:42:29.696166Z","level":"info","event":"Downloaded page 16/532","logger":"task.stdout"}
{"timestamp":"2026-07-27T13:42:30.244932Z","level":"info","event":"Downloaded page 17/532","logger":"task.stdout"}
{"timestamp":"2026-07-27T13:42:30.816079Z","level":"info","event":"Downloaded page 18/532","logger":"task.stdout"}
{"timestamp":"2026-07-27T13:42:31.419605Z","level":"info","event":"Downloaded page 19/532","logger":"task.stdout"}
{"timestamp":"2026-07-27T13:42:31.926298Z","level":"info","event":"Downloaded page 20/532","logger":"task.stdout"}
{"timestamp":"2026-07-27T13:42:32.556884Z","level":"info","event":"Downloaded page 21/532","logger":"task.stdout"}
{"timestamp":"2026-07-27T13:42:33.075432Z","level":"info","event":"Downloaded page 22/532","logger":"task.stdout"}
{"timestamp":"2026-07-27T13:42:33.599825Z","level":"info","event":"Downloaded page 23/532","logger":"task.stdout"}
{"timestamp":"2026-07-27T13:42:34.116027Z","level":"info","event":"Downloaded page 24/532","logger":"task.stdout"}
{"timestamp":"2026-07-27T13:42:34.639268Z","level":"info","event":"Downloaded page 25/532","logger":"task.stdout"}
{"timestamp":"2026-07-27T13:42:35.226122Z","level":"info","event":"Downloaded page 26/532","logger":"task.stdout"}
{"timestamp":"2026-07-27T13:42:35.860800Z","level":"info","event":"Downloaded page 27/532","logger":"task.stdout"}
{"timestamp":"2026-07-27T13:42:36.421487Z","level":"info","event":"Downloaded page 28/532","logger":"task.stdout"}
{"timestamp":"2026-07-27T13:42:36.987191Z","level":"info","event":"Downloaded page 29/532","logger":"task.stdout"}
{"timestamp":"2026-07-27T13:42:37.570486Z","level":"info","event":"Downloaded page 30/532","logger":"task.stdout"}
{"timestamp":"2026-07-27T13:42:38.121510Z","level":"info","event":"Downloaded page 31/532","logger":"task.stdout"}
{"timestamp":"2026-07-27T13:42:38.708242Z","level":"info","event":"Downloaded page 32/532","logger":"task.stdout"}
{"timestamp":"2026-07-27T13:42:39.319713Z","level":"info","event":"Downloaded page 33/532","logger":"task.stdout"}
{"timestamp":"2026-07-27T13:42:39.822885Z","level":"info","event":"Downloaded page 34/532","logger":"task.stdout"}
{"timestamp":"2026-07-27T13:42:40.441932Z","level":"info","event":"Downloaded page 35/532","logger":"task.stdout"}
{"timestamp":"2026-07-27T13:42:40.979584Z","level":"info","event":"Downloaded page 36/532","logger":"task.stdout"}
{"timestamp":"2026-07-27T13:42:41.514443Z","level":"info","event":"Downloaded page 37/532","logger":"task.stdout"}
{"timestamp":"2026-07-27T13:42:42.047414Z","level":"info","event":"Downloaded page 38/532","logger":"task.stdout"}
{"timestamp":"2026-07-27T13:42:42.605971Z","level":"info","event":"Downloaded page 39/532","logger":"task.stdout"}
{"timestamp":"2026-07-27T13:42:43.164105Z","level":"info","event":"Downloaded page 40/532","logger":"task.stdout"}
{"timestamp":"2026-07-27T13:42:43.713307Z","level":"info","event":"Downloaded page 41/532","logger":"task.stdout"}
{"timestamp":"2026-07-27T13:42:44.266754Z","level":"info","event":"Downloaded page 42/532","logger":"task.stdout"}
{"timestamp":"2026-07-27T13:42:44.839500Z","level":"info","event":"Downloaded page 43/532","logger":"task.stdout"}
{"timestamp":"2026-07-27T13:42:45.368941Z","level":"info","event":"Downloaded page 44/532","logger":"task.stdout"}
{"timestamp":"2026-07-27T13:42:46.069437Z","level":"info","event":"Downloaded page 45/532","logger":"task.stdout"}
{"timestamp":"2026-07-27T13:42:46.600098Z","level":"info","event":"Downloaded page 46/532","logger":"task.stdout"}
{"timestamp":"2026-07-27T13:42:47.141179Z","level":"info","event":"Downloaded page 47/532","logger":"task.stdout"}
{"timestamp":"2026-07-27T13:42:47.723592Z","level":"info","event":"Downloaded page 48/532","logger":"task.stdout"}
{"timestamp":"2026-07-27T13:42:48.270169Z","level":"info","event":"Downloaded page 49/532","logger":"task.stdout"}
{"timestamp":"2026-07-27T13:42:48.845916Z","level":"info","event":"Downloaded page 50/532","logger":"task.stdout"}
{"timestamp":"2026-07-27T13:42:48.846510Z","level":"info","event":"Hit MAX_PAGES safety cap (50); stopping early.","logger":"task.stdout"}
{"timestamp":"2026-07-27T13:42:48.919907Z","level":"info","event":"Saved 2500 records to /opt/airflow/data/obsoletes_2026-07-27.json","logger":"task.stdout"}
{"timestamp":"2026-07-27T13:42:48.926927Z","level":"info","event":"Done. Returned value was: /opt/airflow/data/obsoletes_2026-07-27.json","dag_id":"cards_pipeline","map_index":-1,"task_id":"read_api_data","ti_id":"019fa3cf-e6c1-7f4a-9f98-838c2237f15e","run_id":"manual__2026-07-27T13:42:19.060245+00:00","try_number":1,"logger":"airflow.task.operators.airflow.providers.standard.decorators.python._PythonDecoratedOperator","filename":"python.py","lineno":233}
{"timestamp":"2026-07-27T13:42:48.927512Z","level":"info","event":"::group::Post Execute","dag_id":"cards_pipeline","map_index":-1,"task_id":"read_api_data","ti_id":"019fa3cf-e6c1-7f4a-9f98-838c2237f15e","run_id":"manual__2026-07-27T13:42:19.060245+00:00","try_number":1,"logger":"task","filename":"task_runner.py","lineno":1577}
{"timestamp":"2026-07-27T13:42:48.927872Z","level":"info","event":"Pushing xcom","ti":"RuntimeTaskInstance(id=UUID('019fa3cf-e6c1-7f4a-9f98-838c2237f15e'), task_id='read_api_data', dag_id='cards_pipeline', run_id='manual__2026-07-27T13:42:19.060245+00:00', try_number=1, dag_version_id=UUID('019fa3cc-a6ce-7ee0-aaf8-e50b4de997e4'), map_index=-1, hostname='94898af98ea4', context_carrier={'traceparent': '00-7185c1ffe32858d224cbef8c9dc486c8-fe0e796e9996e5d8-00'}, queue='default', task=<Task(_PythonDecoratedOperator): read_api_data>, bundle_instance=LocalDagBundle(name=dags-folder), max_tries=2, start_date=datetime.datetime(2026, 7, 27, 13, 42, 19, 985992, tzinfo=datetime.timezone.utc), end_date=None, state=<TaskInstanceState.RUNNING: 'running'>, is_mapped=False, rendered_map_index=None, sentry_integration='sentry_sdk.integrations.celery.CeleryIntegration')","dag_id":"cards_pipeline","map_index":-1,"task_id":"read_api_data","ti_id":"019fa3cf-e6c1-7f4a-9f98-838c2237f15e","run_id":"manual__2026-07-27T13:42:19.060245+00:00","try_number":1,"logger":"task","filename":"task_runner.py","lineno":2171}
{"timestamp":"2026-07-27T13:42:48.945841Z","level":"info","event":"Task instance in success state","logger":"task.stdout"}
{"timestamp":"2026-07-27T13:42:48.945979Z","level":"info","event":" Previous state of the Task instance: TaskInstanceState.RUNNING","logger":"task.stdout"}
{"timestamp":"2026-07-27T13:42:48.946234Z","level":"info","event":"Task operator:<Task(_PythonDecoratedOperator): read_api_data>","logger":"task.stdout"}
{"timestamp":"2026-07-27T13:42:48.946289Z","level":"info","event":"::endgroup::","dag_id":"cards_pipeline","map_index":-1,"task_id":"read_api_data","ti_id":"019fa3cf-e6c1-7f4a-9f98-838c2237f15e","run_id":"manual__2026-07-27T13:42:19.060245+00:00","try_number":1,"logger":"task","filename":"task_runner.py","lineno":2270}
