{"timestamp":"2026-07-25T18:08:14.958433Z","level":"info","event":"::group::Pre Execute","logger":"task","filename":"task_runner.py","lineno":2303}
{"timestamp":"2026-07-25T18:08:15.002961Z","level":"info","event":"DAG bundles loaded: dags-folder, example_dags, apache-airflow-providers-common-sql-example-dags, apache-airflow-providers-standard-example-dags","dag_id":"data_load_daily","task_id":"python_task","try_number":1,"run_id":"scheduled__2026-07-25T18:00:00+00:00","ti_id":"019f9a76-a3c6-7612-b85f-a7394f75be14","map_index":-1,"logger":"airflow.dag_processing.bundles.manager.DagBundlesManager","filename":"manager.py","lineno":271}
{"timestamp":"2026-07-25T18:08:15.003358Z","level":"info","event":"Filling up the DagBag from /opt/airflow/dags/read_data_dag.py","dag_id":"data_load_daily","task_id":"python_task","try_number":1,"run_id":"scheduled__2026-07-25T18:00:00+00:00","ti_id":"019f9a76-a3c6-7612-b85f-a7394f75be14","map_index":-1,"logger":"airflow.dag_processing.dagbag.BundleDagBag","filename":"dagbag.py","lineno":460}
{"timestamp":"2026-07-25T18:08:15.007943Z","level":"info","event":"Worker startup parse complete","bundle_name":"dags-folder","bundle_version":null,"dag_file":"read_data_dag.py","dag_id":"data_load_daily","bundle_prepare_ms":1,"dag_file_parse_ms":4,"task_id":"python_task","try_number":1,"run_id":"scheduled__2026-07-25T18:00:00+00:00","ti_id":"019f9a76-a3c6-7612-b85f-a7394f75be14","map_index":-1,"logger":"task","filename":"task_runner.py","lineno":1062}
{"timestamp":"2026-07-25T18:08:15.022518Z","level":"info","event":"Task instance is in running state","logger":"task.stdout"}
{"timestamp":"2026-07-25T18:08:15.022638Z","level":"info","event":" Previous state of the Task instance: TaskInstanceState.QUEUED","logger":"task.stdout"}
{"timestamp":"2026-07-25T18:08:15.022682Z","level":"info","event":"Current task name:python_task","logger":"task.stdout"}
{"timestamp":"2026-07-25T18:08:15.022716Z","level":"info","event":"Dag name:data_load_daily","logger":"task.stdout"}
{"timestamp":"2026-07-25T18:08:15.021033Z","level":"info","event":"::endgroup::","dag_id":"data_load_daily","task_id":"python_task","try_number":1,"run_id":"scheduled__2026-07-25T18:00:00+00:00","ti_id":"019f9a76-a3c6-7612-b85f-a7394f75be14","map_index":-1,"logger":"task","filename":"task_runner.py","lineno":2107}
{"timestamp":"2026-07-25T18:08:15.736227Z","level":"info","event":"Downloaded page 1/530","logger":"task.stdout"}
{"timestamp":"2026-07-25T18:08:16.390943Z","level":"info","event":"Downloaded page 2/530","logger":"task.stdout"}
{"timestamp":"2026-07-25T18:08:17.032849Z","level":"info","event":"Downloaded page 3/530","logger":"task.stdout"}
{"timestamp":"2026-07-25T18:08:17.652824Z","level":"info","event":"Downloaded page 4/530","logger":"task.stdout"}
{"timestamp":"2026-07-25T18:08:18.314445Z","level":"info","event":"Downloaded page 5/530","logger":"task.stdout"}
{"timestamp":"2026-07-25T18:08:18.326504Z","level":"info","event":"","logger":"task.stdout"}
{"timestamp":"2026-07-25T18:08:18.326766Z","level":"info","event":"Saved 250 records to obsoletes.json","logger":"task.stdout"}
{"timestamp":"2026-07-25T18:08:18.325949Z","level":"info","event":"Done. Returned value was: None","dag_id":"data_load_daily","task_id":"python_task","try_number":1,"run_id":"scheduled__2026-07-25T18:00:00+00:00","ti_id":"019f9a76-a3c6-7612-b85f-a7394f75be14","map_index":-1,"logger":"airflow.task.operators.airflow.providers.standard.operators.python.PythonOperator","filename":"python.py","lineno":233}
{"timestamp":"2026-07-25T18:08:18.326102Z","level":"info","event":"::group::Post Execute","dag_id":"data_load_daily","task_id":"python_task","try_number":1,"run_id":"scheduled__2026-07-25T18:00:00+00:00","ti_id":"019f9a76-a3c6-7612-b85f-a7394f75be14","map_index":-1,"logger":"task","filename":"task_runner.py","lineno":1577}
{"timestamp":"2026-07-25T18:08:18.346601Z","level":"info","event":"Task instance in success state","logger":"task.stdout"}
{"timestamp":"2026-07-25T18:08:18.347478Z","level":"info","event":" Previous state of the Task instance: TaskInstanceState.RUNNING","logger":"task.stdout"}
{"timestamp":"2026-07-25T18:08:18.347562Z","level":"info","event":"Task operator:<Task(PythonOperator): python_task>","logger":"task.stdout"}
{"timestamp":"2026-07-25T18:08:18.343732Z","level":"info","event":"::endgroup::","dag_id":"data_load_daily","task_id":"python_task","try_number":1,"run_id":"scheduled__2026-07-25T18:00:00+00:00","ti_id":"019f9a76-a3c6-7612-b85f-a7394f75be14","map_index":-1,"logger":"task","filename":"task_runner.py","lineno":2270}
