{"timestamp":"2026-07-28T09:09:46.523188Z","level":"info","event":"::group::Pre Execute","logger":"task","filename":"task_runner.py","lineno":2303}
{"timestamp":"2026-07-28T09:09:46.562640Z","level":"info","event":"DAG bundles loaded: dags-folder, example_dags, apache-airflow-providers-common-sql-example-dags, apache-airflow-providers-standard-example-dags","dag_id":"cards_pipeline","map_index":-1,"task_id":"read_api_data","ti_id":"019fa7fc-bd22-71b7-b1ed-e19df56b85b4","run_id":"scheduled__2026-07-28T09:00:00+00:00","try_number":1,"logger":"airflow.dag_processing.bundles.manager.DagBundlesManager","filename":"manager.py","lineno":271}
{"timestamp":"2026-07-28T09:09:46.563894Z","level":"info","event":"Filling up the DagBag from /opt/airflow/dags/cards_pipeline.py","dag_id":"cards_pipeline","map_index":-1,"task_id":"read_api_data","ti_id":"019fa7fc-bd22-71b7-b1ed-e19df56b85b4","run_id":"scheduled__2026-07-28T09:00:00+00:00","try_number":1,"logger":"airflow.dag_processing.dagbag.BundleDagBag","filename":"dagbag.py","lineno":460}
{"timestamp":"2026-07-28T09:09:47.016696Z","level":"warning","event":"The `airflow.decorators.dag` attribute is deprecated. Please use `'airflow.sdk.dag'`.","category":"UserWarning","filename":"/opt/airflow/dags/cards_pipeline.py","lineno":38,"dag_id":"cards_pipeline","map_index":-1,"task_id":"read_api_data","ti_id":"019fa7fc-bd22-71b7-b1ed-e19df56b85b4","run_id":"scheduled__2026-07-28T09:00:00+00:00","try_number":1,"logger":"py.warnings"}
{"timestamp":"2026-07-28T09:09:47.016772Z","level":"warning","event":"The `airflow.decorators.task` attribute is deprecated. Please use `'airflow.sdk.task'`.","category":"UserWarning","filename":"/opt/airflow/dags/cards_pipeline.py","lineno":38,"dag_id":"cards_pipeline","map_index":-1,"task_id":"read_api_data","ti_id":"019fa7fc-bd22-71b7-b1ed-e19df56b85b4","run_id":"scheduled__2026-07-28T09:00:00+00:00","try_number":1,"logger":"py.warnings"}
{"timestamp":"2026-07-28T09:09:47.017351Z","level":"info","event":"Worker startup parse complete","bundle_name":"dags-folder","bundle_version":null,"dag_file":"cards_pipeline.py","dag_id":"cards_pipeline","bundle_prepare_ms":3,"dag_file_parse_ms":453,"map_index":-1,"task_id":"read_api_data","ti_id":"019fa7fc-bd22-71b7-b1ed-e19df56b85b4","run_id":"scheduled__2026-07-28T09:00:00+00:00","try_number":1,"logger":"task","filename":"task_runner.py","lineno":1062}
{"timestamp":"2026-07-28T09:09:47.033053Z","level":"info","event":"Task instance is in running state","logger":"task.stdout"}
{"timestamp":"2026-07-28T09:09:47.033193Z","level":"info","event":" Previous state of the Task instance: TaskInstanceState.QUEUED","logger":"task.stdout"}
{"timestamp":"2026-07-28T09:09:47.033284Z","level":"info","event":"Current task name:read_api_data","logger":"task.stdout"}
{"timestamp":"2026-07-28T09:09:47.033359Z","level":"info","event":"Dag name:cards_pipeline","logger":"task.stdout"}
{"timestamp":"2026-07-28T09:09:47.033227Z","level":"info","event":"::endgroup::","dag_id":"cards_pipeline","map_index":-1,"task_id":"read_api_data","ti_id":"019fa7fc-bd22-71b7-b1ed-e19df56b85b4","run_id":"scheduled__2026-07-28T09:00:00+00:00","try_number":1,"logger":"task","filename":"task_runner.py","lineno":2107}
{"timestamp":"2026-07-28T09:09:47.662694Z","level":"info","event":"Downloaded page 1/532","logger":"task.stdout"}
{"timestamp":"2026-07-28T09:09:47.933458Z","level":"info","event":"Downloaded page 2/532","logger":"task.stdout"}
{"timestamp":"2026-07-28T09:09:48.205722Z","level":"info","event":"Downloaded page 3/532","logger":"task.stdout"}
{"timestamp":"2026-07-28T09:09:48.464997Z","level":"info","event":"Downloaded page 4/532","logger":"task.stdout"}
{"timestamp":"2026-07-28T09:09:48.725983Z","level":"info","event":"Downloaded page 5/532","logger":"task.stdout"}
{"timestamp":"2026-07-28T09:09:48.726655Z","level":"info","event":"Hit MAX_PAGES safety cap (5); stopping early.","logger":"task.stdout"}
{"timestamp":"2026-07-28T09:09:48.731573Z","level":"info","event":"Saved 250 records to /opt/airflow/data/obsoletes_2026-07-28.json","logger":"task.stdout"}
{"timestamp":"2026-07-28T09:09:48.732350Z","level":"info","event":"Done. Returned value was: /opt/airflow/data/obsoletes_2026-07-28.json","dag_id":"cards_pipeline","map_index":-1,"task_id":"read_api_data","ti_id":"019fa7fc-bd22-71b7-b1ed-e19df56b85b4","run_id":"scheduled__2026-07-28T09:00:00+00:00","try_number":1,"logger":"airflow.task.operators.airflow.providers.standard.decorators.python._PythonDecoratedOperator","filename":"python.py","lineno":233}
{"timestamp":"2026-07-28T09:09:48.732456Z","level":"info","event":"::group::Post Execute","dag_id":"cards_pipeline","map_index":-1,"task_id":"read_api_data","ti_id":"019fa7fc-bd22-71b7-b1ed-e19df56b85b4","run_id":"scheduled__2026-07-28T09:00:00+00:00","try_number":1,"logger":"task","filename":"task_runner.py","lineno":1577}
{"timestamp":"2026-07-28T09:09:48.732710Z","level":"info","event":"Pushing xcom","ti":"RuntimeTaskInstance(id=UUID('019fa7fc-bd22-71b7-b1ed-e19df56b85b4'), task_id='read_api_data', dag_id='cards_pipeline', run_id='scheduled__2026-07-28T09:00:00+00:00', try_number=1, dag_version_id=UUID('019fa3cc-a6ce-7ee0-aaf8-e50b4de997e4'), map_index=-1, hostname='94898af98ea4', context_carrier={'traceparent': '00-2333769347fe5c663cd1114c546c901b-7dc685868243ed3a-00'}, queue='default', task=<Task(_PythonDecoratedOperator): read_api_data>, bundle_instance=LocalDagBundle(name=dags-folder), max_tries=2, start_date=datetime.datetime(2026, 7, 28, 9, 9, 46, 546178, tzinfo=datetime.timezone.utc), end_date=None, state=<TaskInstanceState.RUNNING: 'running'>, is_mapped=False, rendered_map_index=None, sentry_integration='sentry_sdk.integrations.celery.CeleryIntegration')","dag_id":"cards_pipeline","map_index":-1,"task_id":"read_api_data","ti_id":"019fa7fc-bd22-71b7-b1ed-e19df56b85b4","run_id":"scheduled__2026-07-28T09:00:00+00:00","try_number":1,"logger":"task","filename":"task_runner.py","lineno":2171}
{"timestamp":"2026-07-28T09:09:48.758110Z","level":"info","event":"Task instance in success state","logger":"task.stdout"}
{"timestamp":"2026-07-28T09:09:48.759238Z","level":"info","event":" Previous state of the Task instance: TaskInstanceState.RUNNING","logger":"task.stdout"}
{"timestamp":"2026-07-28T09:09:48.759386Z","level":"info","event":"Task operator:<Task(_PythonDecoratedOperator): read_api_data>","logger":"task.stdout"}
{"timestamp":"2026-07-28T09:09:48.758258Z","level":"info","event":"::endgroup::","dag_id":"cards_pipeline","map_index":-1,"task_id":"read_api_data","ti_id":"019fa7fc-bd22-71b7-b1ed-e19df56b85b4","run_id":"scheduled__2026-07-28T09:00:00+00:00","try_number":1,"logger":"task","filename":"task_runner.py","lineno":2270}
