{"timestamp":"2026-07-27T12:41:36.642927Z","level":"info","event":"::group::Pre Execute","logger":"task","filename":"task_runner.py","lineno":2303}
{"timestamp":"2026-07-27T12:41:36.654191Z","level":"info","event":"DAG bundles loaded: dags-folder, example_dags, apache-airflow-providers-common-sql-example-dags, apache-airflow-providers-standard-example-dags","dag_id":"data_load_daily","map_index":-1,"task_id":"python_task","ti_id":"019fa398-4a53-7316-a66b-75470592c8af","run_id":"manual__2026-07-27T12:41:34.519692+00:00","try_number":1,"logger":"airflow.dag_processing.bundles.manager.DagBundlesManager","filename":"manager.py","lineno":271}
{"timestamp":"2026-07-27T12:41:36.654641Z","level":"info","event":"Filling up the DagBag from /opt/airflow/dags/read_data_dag.py","dag_id":"data_load_daily","map_index":-1,"task_id":"python_task","ti_id":"019fa398-4a53-7316-a66b-75470592c8af","run_id":"manual__2026-07-27T12:41:34.519692+00:00","try_number":1,"logger":"airflow.dag_processing.dagbag.BundleDagBag","filename":"dagbag.py","lineno":460}
{"timestamp":"2026-07-27T12:41:37.047762Z","level":"info","event":"Worker startup parse complete","bundle_name":"dags-folder","bundle_version":null,"dag_file":"read_data_dag.py","dag_id":"data_load_daily","bundle_prepare_ms":1,"dag_file_parse_ms":393,"map_index":-1,"task_id":"python_task","ti_id":"019fa398-4a53-7316-a66b-75470592c8af","run_id":"manual__2026-07-27T12:41:34.519692+00:00","try_number":1,"logger":"task","filename":"task_runner.py","lineno":1062}
{"timestamp":"2026-07-27T12:41:37.062914Z","level":"info","event":"Task instance is in running state","logger":"task.stdout"}
{"timestamp":"2026-07-27T12:41:37.063023Z","level":"info","event":" Previous state of the Task instance: TaskInstanceState.QUEUED","logger":"task.stdout"}
{"timestamp":"2026-07-27T12:41:37.063068Z","level":"info","event":"Current task name:python_task","logger":"task.stdout"}
{"timestamp":"2026-07-27T12:41:37.063108Z","level":"info","event":"Dag name:data_load_daily","logger":"task.stdout"}
{"timestamp":"2026-07-27T12:41:37.060028Z","level":"info","event":"::endgroup::","dag_id":"data_load_daily","map_index":-1,"task_id":"python_task","ti_id":"019fa398-4a53-7316-a66b-75470592c8af","run_id":"manual__2026-07-27T12:41:34.519692+00:00","try_number":1,"logger":"task","filename":"task_runner.py","lineno":2107}
{"timestamp":"2026-07-27T12:41:37.767242Z","level":"info","event":"Downloaded page 1/532","logger":"task.stdout"}
{"timestamp":"2026-07-27T12:41:38.484337Z","level":"info","event":"Downloaded page 2/532","logger":"task.stdout"}
{"timestamp":"2026-07-27T12:41:39.190497Z","level":"info","event":"Downloaded page 3/532","logger":"task.stdout"}
{"timestamp":"2026-07-27T12:41:39.829868Z","level":"info","event":"Downloaded page 4/532","logger":"task.stdout"}
{"timestamp":"2026-07-27T12:41:40.486180Z","level":"info","event":"Downloaded page 5/532","logger":"task.stdout"}
{"timestamp":"2026-07-27T12:41:40.501390Z","level":"info","event":"","logger":"task.stdout"}
{"timestamp":"2026-07-27T12:41:40.502230Z","level":"info","event":"Saved 250 records to obsoletes.json","logger":"task.stdout"}
{"timestamp":"2026-07-27T12:41:40.501968Z","level":"info","event":"Done. Returned value was: None","dag_id":"data_load_daily","map_index":-1,"task_id":"python_task","ti_id":"019fa398-4a53-7316-a66b-75470592c8af","run_id":"manual__2026-07-27T12:41:34.519692+00:00","try_number":1,"logger":"airflow.task.operators.airflow.providers.standard.operators.python.PythonOperator","filename":"python.py","lineno":233}
{"timestamp":"2026-07-27T12:41:40.502333Z","level":"info","event":"::group::Post Execute","dag_id":"data_load_daily","map_index":-1,"task_id":"python_task","ti_id":"019fa398-4a53-7316-a66b-75470592c8af","run_id":"manual__2026-07-27T12:41:34.519692+00:00","try_number":1,"logger":"task","filename":"task_runner.py","lineno":1577}
{"timestamp":"2026-07-27T12:41:40.522874Z","level":"info","event":"Task instance in success state","logger":"task.stdout"}
{"timestamp":"2026-07-27T12:41:40.523167Z","level":"info","event":" Previous state of the Task instance: TaskInstanceState.RUNNING","logger":"task.stdout"}
{"timestamp":"2026-07-27T12:41:40.526156Z","level":"info","event":"Task operator:<Task(PythonOperator): python_task>","logger":"task.stdout"}
{"timestamp":"2026-07-27T12:41:40.523590Z","level":"info","event":"::endgroup::","dag_id":"data_load_daily","map_index":-1,"task_id":"python_task","ti_id":"019fa398-4a53-7316-a66b-75470592c8af","run_id":"manual__2026-07-27T12:41:34.519692+00:00","try_number":1,"logger":"task","filename":"task_runner.py","lineno":2270}
