{"timestamp":"2026-07-24T23:30:39.724979Z","level":"info","event":"::group::Pre Execute","logger":"task","filename":"task_runner.py","lineno":2303}
{"timestamp":"2026-07-24T23:30:41.142965Z","level":"info","event":"DAG bundles loaded: dags-folder, example_dags, apache-airflow-providers-common-sql-example-dags, apache-airflow-providers-standard-example-dags","run_id":"manual__2026-07-24T23:30:37.284641+00:00","map_index":-1,"ti_id":"019f9677-6e85-722b-9375-bee3c6eeac85","try_number":1,"dag_id":"data_load_daily","task_id":"python_task","logger":"airflow.dag_processing.bundles.manager.DagBundlesManager","filename":"manager.py","lineno":271}
{"timestamp":"2026-07-24T23:30:41.143461Z","level":"info","event":"Filling up the DagBag from /opt/airflow/dags/read_data_dag.py","run_id":"manual__2026-07-24T23:30:37.284641+00:00","map_index":-1,"ti_id":"019f9677-6e85-722b-9375-bee3c6eeac85","try_number":1,"dag_id":"data_load_daily","task_id":"python_task","logger":"airflow.dag_processing.dagbag.BundleDagBag","filename":"dagbag.py","lineno":460}
{"timestamp":"2026-07-24T23:30:41.147523Z","level":"info","event":"Worker startup parse complete","bundle_name":"dags-folder","bundle_version":null,"dag_file":"read_data_dag.py","dag_id":"data_load_daily","bundle_prepare_ms":1,"dag_file_parse_ms":4,"run_id":"manual__2026-07-24T23:30:37.284641+00:00","map_index":-1,"ti_id":"019f9677-6e85-722b-9375-bee3c6eeac85","try_number":1,"task_id":"python_task","logger":"task","filename":"task_runner.py","lineno":1062}
{"timestamp":"2026-07-24T23:30:41.171036Z","level":"info","event":"Task instance is in running state","logger":"task.stdout"}
{"timestamp":"2026-07-24T23:30:41.171669Z","level":"info","event":" Previous state of the Task instance: TaskInstanceState.QUEUED","logger":"task.stdout"}
{"timestamp":"2026-07-24T23:30:41.172592Z","level":"info","event":"Current task name:python_task","logger":"task.stdout"}
{"timestamp":"2026-07-24T23:30:41.173320Z","level":"info","event":"Dag name:data_load_daily","logger":"task.stdout"}
{"timestamp":"2026-07-24T23:30:41.171408Z","level":"info","event":"::endgroup::","run_id":"manual__2026-07-24T23:30:37.284641+00:00","map_index":-1,"ti_id":"019f9677-6e85-722b-9375-bee3c6eeac85","try_number":1,"dag_id":"data_load_daily","task_id":"python_task","logger":"task","filename":"task_runner.py","lineno":2107}
{"timestamp":"2026-07-24T23:30:41.852430Z","level":"info","event":"Downloaded page 1/530","logger":"task.stdout"}
{"timestamp":"2026-07-24T23:30:42.476774Z","level":"info","event":"Downloaded page 2/530","logger":"task.stdout"}
{"timestamp":"2026-07-24T23:30:43.100850Z","level":"info","event":"Downloaded page 3/530","logger":"task.stdout"}
{"timestamp":"2026-07-24T23:30:43.757057Z","level":"info","event":"Downloaded page 4/530","logger":"task.stdout"}
{"timestamp":"2026-07-24T23:30:44.376128Z","level":"info","event":"Downloaded page 5/530","logger":"task.stdout"}
{"timestamp":"2026-07-24T23:30:44.384429Z","level":"info","event":"","logger":"task.stdout"}
{"timestamp":"2026-07-24T23:30:44.385055Z","level":"info","event":"Saved 250 records to obsoletes.json","logger":"task.stdout"}
{"timestamp":"2026-07-24T23:30:44.384163Z","level":"info","event":"Done. Returned value was: None","run_id":"manual__2026-07-24T23:30:37.284641+00:00","map_index":-1,"ti_id":"019f9677-6e85-722b-9375-bee3c6eeac85","try_number":1,"dag_id":"data_load_daily","task_id":"python_task","logger":"airflow.task.operators.airflow.providers.standard.operators.python.PythonOperator","filename":"python.py","lineno":233}
{"timestamp":"2026-07-24T23:30:44.384337Z","level":"info","event":"::group::Post Execute","run_id":"manual__2026-07-24T23:30:37.284641+00:00","map_index":-1,"ti_id":"019f9677-6e85-722b-9375-bee3c6eeac85","try_number":1,"dag_id":"data_load_daily","task_id":"python_task","logger":"task","filename":"task_runner.py","lineno":1577}
{"timestamp":"2026-07-24T23:30:44.401577Z","level":"info","event":"Task instance in success state","logger":"task.stdout"}
{"timestamp":"2026-07-24T23:30:44.401755Z","level":"info","event":" Previous state of the Task instance: TaskInstanceState.RUNNING","logger":"task.stdout"}
{"timestamp":"2026-07-24T23:30:44.401818Z","level":"info","event":"Task operator:<Task(PythonOperator): python_task>","logger":"task.stdout"}
{"timestamp":"2026-07-24T23:30:44.398596Z","level":"info","event":"::endgroup::","run_id":"manual__2026-07-24T23:30:37.284641+00:00","map_index":-1,"ti_id":"019f9677-6e85-722b-9375-bee3c6eeac85","try_number":1,"dag_id":"data_load_daily","task_id":"python_task","logger":"task","filename":"task_runner.py","lineno":2270}
