{"timestamp":"2026-07-24T14:04:08.988972Z","level":"info","event":"::group::Pre Execute","logger":"task","filename":"task_runner.py","lineno":2303}
{"timestamp":"2026-07-24T14:04:09.017635Z","level":"info","event":"DAG bundles loaded: dags-folder, example_dags, apache-airflow-providers-common-sql-example-dags, apache-airflow-providers-standard-example-dags","map_index":-1,"task_id":"python_task","dag_id":"data_load_daily","run_id":"scheduled__2026-07-24T14:00:00+00:00","ti_id":"019f9470-cb6a-7d85-8b29-fa4a7ce8c42c","try_number":1,"logger":"airflow.dag_processing.bundles.manager.DagBundlesManager","filename":"manager.py","lineno":271}
{"timestamp":"2026-07-24T14:04:09.018125Z","level":"info","event":"Filling up the DagBag from /opt/airflow/dags/read_data_dag.py","map_index":-1,"task_id":"python_task","dag_id":"data_load_daily","run_id":"scheduled__2026-07-24T14:00:00+00:00","ti_id":"019f9470-cb6a-7d85-8b29-fa4a7ce8c42c","try_number":1,"logger":"airflow.dag_processing.dagbag.BundleDagBag","filename":"dagbag.py","lineno":460}
{"timestamp":"2026-07-24T14:04:09.023727Z","level":"info","event":"Worker startup parse complete","bundle_name":"dags-folder","bundle_version":null,"dag_file":"read_data_dag.py","dag_id":"data_load_daily","bundle_prepare_ms":1,"dag_file_parse_ms":5,"map_index":-1,"task_id":"python_task","run_id":"scheduled__2026-07-24T14:00:00+00:00","ti_id":"019f9470-cb6a-7d85-8b29-fa4a7ce8c42c","try_number":1,"logger":"task","filename":"task_runner.py","lineno":1062}
{"timestamp":"2026-07-24T14:04:09.039121Z","level":"info","event":"Task instance is in running state","logger":"task.stdout"}
{"timestamp":"2026-07-24T14:04:09.039793Z","level":"info","event":" Previous state of the Task instance: TaskInstanceState.QUEUED","logger":"task.stdout"}
{"timestamp":"2026-07-24T14:04:09.039885Z","level":"info","event":"Current task name:python_task","logger":"task.stdout"}
{"timestamp":"2026-07-24T14:04:09.039933Z","level":"info","event":"Dag name:data_load_daily","logger":"task.stdout"}
{"timestamp":"2026-07-24T14:04:09.039359Z","level":"info","event":"::endgroup::","map_index":-1,"task_id":"python_task","dag_id":"data_load_daily","run_id":"scheduled__2026-07-24T14:00:00+00:00","ti_id":"019f9470-cb6a-7d85-8b29-fa4a7ce8c42c","try_number":1,"logger":"task","filename":"task_runner.py","lineno":2107}
{"timestamp":"2026-07-24T14:04:09.830791Z","level":"info","event":"Downloaded page 1/530","logger":"task.stdout"}
{"timestamp":"2026-07-24T14:04:10.785722Z","level":"info","event":"Downloaded page 2/530","logger":"task.stdout"}
{"timestamp":"2026-07-24T14:04:11.574187Z","level":"info","event":"Downloaded page 3/530","logger":"task.stdout"}
{"timestamp":"2026-07-24T14:04:12.307090Z","level":"info","event":"Downloaded page 4/530","logger":"task.stdout"}
{"timestamp":"2026-07-24T14:04:13.183190Z","level":"info","event":"Downloaded page 5/530","logger":"task.stdout"}
{"timestamp":"2026-07-24T14:04:13.198082Z","level":"info","event":"","logger":"task.stdout"}
{"timestamp":"2026-07-24T14:04:13.199693Z","level":"info","event":"Saved 250 records to obsoletes.json","logger":"task.stdout"}
{"timestamp":"2026-07-24T14:04:13.198610Z","level":"info","event":"Done. Returned value was: None","map_index":-1,"task_id":"python_task","dag_id":"data_load_daily","run_id":"scheduled__2026-07-24T14:00:00+00:00","ti_id":"019f9470-cb6a-7d85-8b29-fa4a7ce8c42c","try_number":1,"logger":"airflow.task.operators.airflow.providers.standard.operators.python.PythonOperator","filename":"python.py","lineno":233}
{"timestamp":"2026-07-24T14:04:13.198834Z","level":"info","event":"::group::Post Execute","map_index":-1,"task_id":"python_task","dag_id":"data_load_daily","run_id":"scheduled__2026-07-24T14:00:00+00:00","ti_id":"019f9470-cb6a-7d85-8b29-fa4a7ce8c42c","try_number":1,"logger":"task","filename":"task_runner.py","lineno":1577}
{"timestamp":"2026-07-24T14:04:13.219817Z","level":"info","event":"Task instance in success state","logger":"task.stdout"}
{"timestamp":"2026-07-24T14:04:13.220810Z","level":"info","event":" Previous state of the Task instance: TaskInstanceState.RUNNING","logger":"task.stdout"}
{"timestamp":"2026-07-24T14:04:13.220913Z","level":"info","event":"Task operator:<Task(PythonOperator): python_task>","logger":"task.stdout"}
{"timestamp":"2026-07-24T14:04:13.217314Z","level":"info","event":"::endgroup::","map_index":-1,"task_id":"python_task","dag_id":"data_load_daily","run_id":"scheduled__2026-07-24T14:00:00+00:00","ti_id":"019f9470-cb6a-7d85-8b29-fa4a7ce8c42c","try_number":1,"logger":"task","filename":"task_runner.py","lineno":2270}
