{"timestamp":"2026-07-26T02:57:35.583267Z","level":"info","event":"::group::Pre Execute","logger":"task","filename":"task_runner.py","lineno":2303}
{"timestamp":"2026-07-26T02:57:37.122359Z","level":"info","event":"DAG bundles loaded: dags-folder, example_dags, apache-airflow-providers-common-sql-example-dags, apache-airflow-providers-standard-example-dags","dag_id":"data_load_daily","ti_id":"019f9c5b-3ef2-79d4-8774-a5d88b2cbbfd","map_index":-1,"run_id":"manual__2026-07-26T02:57:33.408974+00:00","task_id":"python_task","try_number":1,"logger":"airflow.dag_processing.bundles.manager.DagBundlesManager","filename":"manager.py","lineno":271}
{"timestamp":"2026-07-26T02:57:37.123069Z","level":"info","event":"Filling up the DagBag from /opt/airflow/dags/read_data_dag.py","dag_id":"data_load_daily","ti_id":"019f9c5b-3ef2-79d4-8774-a5d88b2cbbfd","map_index":-1,"run_id":"manual__2026-07-26T02:57:33.408974+00:00","task_id":"python_task","try_number":1,"logger":"airflow.dag_processing.dagbag.BundleDagBag","filename":"dagbag.py","lineno":460}
{"timestamp":"2026-07-26T02:57:37.533110Z","level":"info","event":"Worker startup parse complete","bundle_name":"dags-folder","bundle_version":null,"dag_file":"read_data_dag.py","dag_id":"data_load_daily","bundle_prepare_ms":4,"dag_file_parse_ms":410,"ti_id":"019f9c5b-3ef2-79d4-8774-a5d88b2cbbfd","map_index":-1,"run_id":"manual__2026-07-26T02:57:33.408974+00:00","task_id":"python_task","try_number":1,"logger":"task","filename":"task_runner.py","lineno":1062}
{"timestamp":"2026-07-26T02:57:37.547845Z","level":"info","event":"Task instance is in running state","logger":"task.stdout"}
{"timestamp":"2026-07-26T02:57:37.549869Z","level":"info","event":" Previous state of the Task instance: TaskInstanceState.QUEUED","logger":"task.stdout"}
{"timestamp":"2026-07-26T02:57:37.550015Z","level":"info","event":"Current task name:python_task","logger":"task.stdout"}
{"timestamp":"2026-07-26T02:57:37.550105Z","level":"info","event":"Dag name:data_load_daily","logger":"task.stdout"}
{"timestamp":"2026-07-26T02:57:37.547351Z","level":"info","event":"::endgroup::","dag_id":"data_load_daily","ti_id":"019f9c5b-3ef2-79d4-8774-a5d88b2cbbfd","map_index":-1,"run_id":"manual__2026-07-26T02:57:33.408974+00:00","task_id":"python_task","try_number":1,"logger":"task","filename":"task_runner.py","lineno":2107}
{"timestamp":"2026-07-26T02:57:38.219294Z","level":"info","event":"Downloaded page 1/531","logger":"task.stdout"}
{"timestamp":"2026-07-26T02:57:38.837526Z","level":"info","event":"Downloaded page 2/531","logger":"task.stdout"}
{"timestamp":"2026-07-26T02:57:39.460917Z","level":"info","event":"Downloaded page 3/531","logger":"task.stdout"}
{"timestamp":"2026-07-26T02:57:40.087627Z","level":"info","event":"Downloaded page 4/531","logger":"task.stdout"}
{"timestamp":"2026-07-26T02:57:40.704739Z","level":"info","event":"Downloaded page 5/531","logger":"task.stdout"}
{"timestamp":"2026-07-26T02:57:40.711602Z","level":"info","event":"","logger":"task.stdout"}
{"timestamp":"2026-07-26T02:57:40.711695Z","level":"info","event":"Saved 250 records to obsoletes.json","logger":"task.stdout"}
{"timestamp":"2026-07-26T02:57:40.711063Z","level":"info","event":"Done. Returned value was: None","dag_id":"data_load_daily","ti_id":"019f9c5b-3ef2-79d4-8774-a5d88b2cbbfd","map_index":-1,"run_id":"manual__2026-07-26T02:57:33.408974+00:00","task_id":"python_task","try_number":1,"logger":"airflow.task.operators.airflow.providers.standard.operators.python.PythonOperator","filename":"python.py","lineno":233}
{"timestamp":"2026-07-26T02:57:40.711164Z","level":"info","event":"::group::Post Execute","dag_id":"data_load_daily","ti_id":"019f9c5b-3ef2-79d4-8774-a5d88b2cbbfd","map_index":-1,"run_id":"manual__2026-07-26T02:57:33.408974+00:00","task_id":"python_task","try_number":1,"logger":"task","filename":"task_runner.py","lineno":1577}
{"timestamp":"2026-07-26T02:57:40.731431Z","level":"info","event":"Task instance in success state","logger":"task.stdout"}
{"timestamp":"2026-07-26T02:57:40.731704Z","level":"info","event":" Previous state of the Task instance: TaskInstanceState.RUNNING","logger":"task.stdout"}
{"timestamp":"2026-07-26T02:57:40.731991Z","level":"info","event":"Task operator:<Task(PythonOperator): python_task>","logger":"task.stdout"}
{"timestamp":"2026-07-26T02:57:40.728857Z","level":"info","event":"::endgroup::","dag_id":"data_load_daily","ti_id":"019f9c5b-3ef2-79d4-8774-a5d88b2cbbfd","map_index":-1,"run_id":"manual__2026-07-26T02:57:33.408974+00:00","task_id":"python_task","try_number":1,"logger":"task","filename":"task_runner.py","lineno":2270}
