{"timestamp":"2026-07-27T01:52:47.538763Z","level":"info","event":"::group::Pre Execute","logger":"task","filename":"task_runner.py","lineno":2303}
{"timestamp":"2026-07-27T01:52:47.556365Z","level":"info","event":"DAG bundles loaded: dags-folder, example_dags, apache-airflow-providers-common-sql-example-dags, apache-airflow-providers-standard-example-dags","task_id":"python_task","ti_id":"019fa146-4951-77a0-8489-cf3f34659b2c","map_index":-1,"try_number":1,"dag_id":"data_load_daily","run_id":"manual__2026-07-27T01:52:45.881396+00:00","logger":"airflow.dag_processing.bundles.manager.DagBundlesManager","filename":"manager.py","lineno":271}
{"timestamp":"2026-07-27T01:52:47.556937Z","level":"info","event":"Filling up the DagBag from /opt/airflow/dags/read_data_dag.py","task_id":"python_task","ti_id":"019fa146-4951-77a0-8489-cf3f34659b2c","map_index":-1,"try_number":1,"dag_id":"data_load_daily","run_id":"manual__2026-07-27T01:52:45.881396+00:00","logger":"airflow.dag_processing.dagbag.BundleDagBag","filename":"dagbag.py","lineno":460}
{"timestamp":"2026-07-27T01:52:48.085764Z","level":"info","event":"Worker startup parse complete","bundle_name":"dags-folder","bundle_version":null,"dag_file":"read_data_dag.py","dag_id":"data_load_daily","bundle_prepare_ms":1,"dag_file_parse_ms":528,"task_id":"python_task","ti_id":"019fa146-4951-77a0-8489-cf3f34659b2c","map_index":-1,"try_number":1,"run_id":"manual__2026-07-27T01:52:45.881396+00:00","logger":"task","filename":"task_runner.py","lineno":1062}
{"timestamp":"2026-07-27T01:52:48.099878Z","level":"info","event":"Task instance is in running state","logger":"task.stdout"}
{"timestamp":"2026-07-27T01:52:48.099982Z","level":"info","event":" Previous state of the Task instance: TaskInstanceState.QUEUED","logger":"task.stdout"}
{"timestamp":"2026-07-27T01:52:48.100057Z","level":"info","event":"Current task name:python_task","logger":"task.stdout"}
{"timestamp":"2026-07-27T01:52:48.100108Z","level":"info","event":"Dag name:data_load_daily","logger":"task.stdout"}
{"timestamp":"2026-07-27T01:52:48.100093Z","level":"info","event":"::endgroup::","task_id":"python_task","ti_id":"019fa146-4951-77a0-8489-cf3f34659b2c","map_index":-1,"try_number":1,"dag_id":"data_load_daily","run_id":"manual__2026-07-27T01:52:45.881396+00:00","logger":"task","filename":"task_runner.py","lineno":2107}
{"timestamp":"2026-07-27T01:52:48.963614Z","level":"info","event":"Downloaded page 1/532","logger":"task.stdout"}
{"timestamp":"2026-07-27T01:52:49.790555Z","level":"info","event":"Downloaded page 2/532","logger":"task.stdout"}
{"timestamp":"2026-07-27T01:52:50.578014Z","level":"info","event":"Downloaded page 3/532","logger":"task.stdout"}
{"timestamp":"2026-07-27T01:52:51.348191Z","level":"info","event":"Downloaded page 4/532","logger":"task.stdout"}
{"timestamp":"2026-07-27T01:52:52.146536Z","level":"info","event":"Downloaded page 5/532","logger":"task.stdout"}
{"timestamp":"2026-07-27T01:52:52.163837Z","level":"info","event":"","logger":"task.stdout"}
{"timestamp":"2026-07-27T01:52:52.164176Z","level":"info","event":"Saved 250 records to obsoletes.json","logger":"task.stdout"}
{"timestamp":"2026-07-27T01:52:52.164089Z","level":"info","event":"Done. Returned value was: None","task_id":"python_task","ti_id":"019fa146-4951-77a0-8489-cf3f34659b2c","map_index":-1,"try_number":1,"dag_id":"data_load_daily","run_id":"manual__2026-07-27T01:52:45.881396+00:00","logger":"airflow.task.operators.airflow.providers.standard.operators.python.PythonOperator","filename":"python.py","lineno":233}
{"timestamp":"2026-07-27T01:52:52.164318Z","level":"info","event":"::group::Post Execute","task_id":"python_task","ti_id":"019fa146-4951-77a0-8489-cf3f34659b2c","map_index":-1,"try_number":1,"dag_id":"data_load_daily","run_id":"manual__2026-07-27T01:52:45.881396+00:00","logger":"task","filename":"task_runner.py","lineno":1577}
{"timestamp":"2026-07-27T01:52:52.200903Z","level":"info","event":"Task instance in success state","logger":"task.stdout"}
{"timestamp":"2026-07-27T01:52:52.201515Z","level":"info","event":" Previous state of the Task instance: TaskInstanceState.RUNNING","logger":"task.stdout"}
{"timestamp":"2026-07-27T01:52:52.201686Z","level":"info","event":"Task operator:<Task(PythonOperator): python_task>","logger":"task.stdout"}
{"timestamp":"2026-07-27T01:52:52.201165Z","level":"info","event":"::endgroup::","task_id":"python_task","ti_id":"019fa146-4951-77a0-8489-cf3f34659b2c","map_index":-1,"try_number":1,"dag_id":"data_load_daily","run_id":"manual__2026-07-27T01:52:45.881396+00:00","logger":"task","filename":"task_runner.py","lineno":2270}
