{"timestamp":"2026-07-27T01:52:47.535917Z","level":"info","event":"::group::Pre Execute","logger":"task","filename":"task_runner.py","lineno":2303}
{"timestamp":"2026-07-27T01:52:47.556366Z","level":"info","event":"DAG bundles loaded: dags-folder, example_dags, apache-airflow-providers-common-sql-example-dags, apache-airflow-providers-standard-example-dags","ti_id":"019fa146-4b3e-70dd-9189-c8c96a121ae1","map_index":-1,"run_id":"scheduled__2026-07-27T01:00:00+00:00","task_id":"python_task","try_number":1,"dag_id":"data_load_daily","logger":"airflow.dag_processing.bundles.manager.DagBundlesManager","filename":"manager.py","lineno":271}
{"timestamp":"2026-07-27T01:52:47.556937Z","level":"info","event":"Filling up the DagBag from /opt/airflow/dags/read_data_dag.py","ti_id":"019fa146-4b3e-70dd-9189-c8c96a121ae1","map_index":-1,"run_id":"scheduled__2026-07-27T01:00:00+00:00","task_id":"python_task","try_number":1,"dag_id":"data_load_daily","logger":"airflow.dag_processing.dagbag.BundleDagBag","filename":"dagbag.py","lineno":460}
{"timestamp":"2026-07-27T01:52:48.086409Z","level":"info","event":"Worker startup parse complete","bundle_name":"dags-folder","bundle_version":null,"dag_file":"read_data_dag.py","dag_id":"data_load_daily","bundle_prepare_ms":1,"dag_file_parse_ms":529,"ti_id":"019fa146-4b3e-70dd-9189-c8c96a121ae1","map_index":-1,"run_id":"scheduled__2026-07-27T01:00:00+00:00","task_id":"python_task","try_number":1,"logger":"task","filename":"task_runner.py","lineno":1062}
{"timestamp":"2026-07-27T01:52:48.098759Z","level":"info","event":"Task instance is in running state","logger":"task.stdout"}
{"timestamp":"2026-07-27T01:52:48.098885Z","level":"info","event":" Previous state of the Task instance: TaskInstanceState.QUEUED","logger":"task.stdout"}
{"timestamp":"2026-07-27T01:52:48.098985Z","level":"info","event":"Current task name:python_task","logger":"task.stdout"}
{"timestamp":"2026-07-27T01:52:48.099058Z","level":"info","event":"Dag name:data_load_daily","logger":"task.stdout"}
{"timestamp":"2026-07-27T01:52:48.098919Z","level":"info","event":"::endgroup::","ti_id":"019fa146-4b3e-70dd-9189-c8c96a121ae1","map_index":-1,"run_id":"scheduled__2026-07-27T01:00:00+00:00","task_id":"python_task","try_number":1,"dag_id":"data_load_daily","logger":"task","filename":"task_runner.py","lineno":2107}
{"timestamp":"2026-07-27T01:52:48.957907Z","level":"info","event":"Downloaded page 1/532","logger":"task.stdout"}
{"timestamp":"2026-07-27T01:52:49.788951Z","level":"info","event":"Downloaded page 2/532","logger":"task.stdout"}
{"timestamp":"2026-07-27T01:52:50.602477Z","level":"info","event":"Downloaded page 3/532","logger":"task.stdout"}
{"timestamp":"2026-07-27T01:52:51.342632Z","level":"info","event":"Downloaded page 4/532","logger":"task.stdout"}
{"timestamp":"2026-07-27T01:52:52.152765Z","level":"info","event":"Downloaded page 5/532","logger":"task.stdout"}
{"timestamp":"2026-07-27T01:52:52.170228Z","level":"info","event":"","logger":"task.stdout"}
{"timestamp":"2026-07-27T01:52:52.170533Z","level":"info","event":"Saved 250 records to obsoletes.json","logger":"task.stdout"}
{"timestamp":"2026-07-27T01:52:52.170564Z","level":"info","event":"Done. Returned value was: None","ti_id":"019fa146-4b3e-70dd-9189-c8c96a121ae1","map_index":-1,"run_id":"scheduled__2026-07-27T01:00:00+00:00","task_id":"python_task","try_number":1,"dag_id":"data_load_daily","logger":"airflow.task.operators.airflow.providers.standard.operators.python.PythonOperator","filename":"python.py","lineno":233}
{"timestamp":"2026-07-27T01:52:52.170853Z","level":"info","event":"::group::Post Execute","ti_id":"019fa146-4b3e-70dd-9189-c8c96a121ae1","map_index":-1,"run_id":"scheduled__2026-07-27T01:00:00+00:00","task_id":"python_task","try_number":1,"dag_id":"data_load_daily","logger":"task","filename":"task_runner.py","lineno":1577}
{"timestamp":"2026-07-27T01:52:52.201775Z","level":"info","event":"Task instance in success state","logger":"task.stdout"}
{"timestamp":"2026-07-27T01:52:52.201973Z","level":"info","event":" Previous state of the Task instance: TaskInstanceState.RUNNING","logger":"task.stdout"}
{"timestamp":"2026-07-27T01:52:52.202081Z","level":"info","event":"Task operator:<Task(PythonOperator): python_task>","logger":"task.stdout"}
{"timestamp":"2026-07-27T01:52:52.201835Z","level":"info","event":"::endgroup::","ti_id":"019fa146-4b3e-70dd-9189-c8c96a121ae1","map_index":-1,"run_id":"scheduled__2026-07-27T01:00:00+00:00","task_id":"python_task","try_number":1,"dag_id":"data_load_daily","logger":"task","filename":"task_runner.py","lineno":2270}
