{"timestamp":"2026-07-26T02:42:37.975301Z","level":"info","event":"::group::Pre Execute","logger":"task","filename":"task_runner.py","lineno":2303}
{"timestamp":"2026-07-26T02:42:39.481159Z","level":"info","event":"DAG bundles loaded: dags-folder, example_dags, apache-airflow-providers-common-sql-example-dags, apache-airflow-providers-standard-example-dags","map_index":-1,"dag_id":"data_load_daily","ti_id":"019f9c4d-8f6d-7d58-a36d-5853fe0688b1","task_id":"python_task","try_number":1,"run_id":"manual__2026-07-26T02:42:36.495428+00:00","logger":"airflow.dag_processing.bundles.manager.DagBundlesManager","filename":"manager.py","lineno":271}
{"timestamp":"2026-07-26T02:42:39.481556Z","level":"info","event":"Filling up the DagBag from /opt/airflow/dags/read_data_dag.py","map_index":-1,"dag_id":"data_load_daily","ti_id":"019f9c4d-8f6d-7d58-a36d-5853fe0688b1","task_id":"python_task","try_number":1,"run_id":"manual__2026-07-26T02:42:36.495428+00:00","logger":"airflow.dag_processing.dagbag.BundleDagBag","filename":"dagbag.py","lineno":460}
{"timestamp":"2026-07-26T02:42:39.485294Z","level":"info","event":"Worker startup parse complete","bundle_name":"dags-folder","bundle_version":null,"dag_file":"read_data_dag.py","dag_id":"data_load_daily","bundle_prepare_ms":1,"dag_file_parse_ms":3,"map_index":-1,"ti_id":"019f9c4d-8f6d-7d58-a36d-5853fe0688b1","task_id":"python_task","try_number":1,"run_id":"manual__2026-07-26T02:42:36.495428+00:00","logger":"task","filename":"task_runner.py","lineno":1062}
{"timestamp":"2026-07-26T02:42:39.495971Z","level":"info","event":"Task instance is in running state","logger":"task.stdout"}
{"timestamp":"2026-07-26T02:42:39.496533Z","level":"info","event":" Previous state of the Task instance: TaskInstanceState.QUEUED","logger":"task.stdout"}
{"timestamp":"2026-07-26T02:42:39.499457Z","level":"info","event":"Current task name:python_task","logger":"task.stdout"}
{"timestamp":"2026-07-26T02:42:39.499511Z","level":"info","event":"Dag name:data_load_daily","logger":"task.stdout"}
{"timestamp":"2026-07-26T02:42:39.496245Z","level":"info","event":"::endgroup::","map_index":-1,"dag_id":"data_load_daily","ti_id":"019f9c4d-8f6d-7d58-a36d-5853fe0688b1","task_id":"python_task","try_number":1,"run_id":"manual__2026-07-26T02:42:36.495428+00:00","logger":"task","filename":"task_runner.py","lineno":2107}
{"timestamp":"2026-07-26T02:42:40.216876Z","level":"info","event":"Downloaded page 1/531","logger":"task.stdout"}
{"timestamp":"2026-07-26T02:42:40.810217Z","level":"info","event":"Downloaded page 2/531","logger":"task.stdout"}
{"timestamp":"2026-07-26T02:42:41.395544Z","level":"info","event":"Downloaded page 3/531","logger":"task.stdout"}
{"timestamp":"2026-07-26T02:42:42.004509Z","level":"info","event":"Downloaded page 4/531","logger":"task.stdout"}
{"timestamp":"2026-07-26T02:42:42.621798Z","level":"info","event":"Downloaded page 5/531","logger":"task.stdout"}
{"timestamp":"2026-07-26T02:42:42.627487Z","level":"info","event":"","logger":"task.stdout"}
{"timestamp":"2026-07-26T02:42:42.627808Z","level":"info","event":"Saved 250 records to obsoletes.json","logger":"task.stdout"}
{"timestamp":"2026-07-26T02:42:42.627301Z","level":"info","event":"Done. Returned value was: None","map_index":-1,"dag_id":"data_load_daily","ti_id":"019f9c4d-8f6d-7d58-a36d-5853fe0688b1","task_id":"python_task","try_number":1,"run_id":"manual__2026-07-26T02:42:36.495428+00:00","logger":"airflow.task.operators.airflow.providers.standard.operators.python.PythonOperator","filename":"python.py","lineno":233}
{"timestamp":"2026-07-26T02:42:42.627391Z","level":"info","event":"::group::Post Execute","map_index":-1,"dag_id":"data_load_daily","ti_id":"019f9c4d-8f6d-7d58-a36d-5853fe0688b1","task_id":"python_task","try_number":1,"run_id":"manual__2026-07-26T02:42:36.495428+00:00","logger":"task","filename":"task_runner.py","lineno":1577}
{"timestamp":"2026-07-26T02:42:42.642445Z","level":"info","event":"Task instance in success state","logger":"task.stdout"}
{"timestamp":"2026-07-26T02:42:42.642554Z","level":"info","event":" Previous state of the Task instance: TaskInstanceState.RUNNING","logger":"task.stdout"}
{"timestamp":"2026-07-26T02:42:42.642609Z","level":"info","event":"Task operator:<Task(PythonOperator): python_task>","logger":"task.stdout"}
{"timestamp":"2026-07-26T02:42:42.639402Z","level":"info","event":"::endgroup::","map_index":-1,"dag_id":"data_load_daily","ti_id":"019f9c4d-8f6d-7d58-a36d-5853fe0688b1","task_id":"python_task","try_number":1,"run_id":"manual__2026-07-26T02:42:36.495428+00:00","logger":"task","filename":"task_runner.py","lineno":2270}
