{"timestamp":"2026-07-24T23:11:58.324242Z","level":"info","event":"::group::Pre Execute","logger":"task","filename":"task_runner.py","lineno":2303}
{"timestamp":"2026-07-24T23:11:58.331797Z","level":"info","event":"DAG bundles loaded: dags-folder, example_dags, apache-airflow-providers-common-sql-example-dags, apache-airflow-providers-standard-example-dags","dag_id":"data_load_daily","run_id":"manual__2026-07-24T23:11:56.508235+00:00","map_index":-1,"task_id":"python_task","try_number":1,"ti_id":"019f9666-547e-7b0d-a770-121b13359096","logger":"airflow.dag_processing.bundles.manager.DagBundlesManager","filename":"manager.py","lineno":271}
{"timestamp":"2026-07-24T23:11:58.332070Z","level":"info","event":"Filling up the DagBag from /opt/airflow/dags/read_data_dag.py","dag_id":"data_load_daily","run_id":"manual__2026-07-24T23:11:56.508235+00:00","map_index":-1,"task_id":"python_task","try_number":1,"ti_id":"019f9666-547e-7b0d-a770-121b13359096","logger":"airflow.dag_processing.dagbag.BundleDagBag","filename":"dagbag.py","lineno":460}
{"timestamp":"2026-07-24T23:11:58.334805Z","level":"info","event":"Worker startup parse complete","bundle_name":"dags-folder","bundle_version":null,"dag_file":"read_data_dag.py","dag_id":"data_load_daily","bundle_prepare_ms":0,"dag_file_parse_ms":2,"run_id":"manual__2026-07-24T23:11:56.508235+00:00","map_index":-1,"task_id":"python_task","try_number":1,"ti_id":"019f9666-547e-7b0d-a770-121b13359096","logger":"task","filename":"task_runner.py","lineno":1062}
{"timestamp":"2026-07-24T23:11:58.342114Z","level":"info","event":"Task instance is in running state","logger":"task.stdout"}
{"timestamp":"2026-07-24T23:11:58.342199Z","level":"info","event":" Previous state of the Task instance: TaskInstanceState.QUEUED","logger":"task.stdout"}
{"timestamp":"2026-07-24T23:11:58.342256Z","level":"info","event":"Current task name:python_task","logger":"task.stdout"}
{"timestamp":"2026-07-24T23:11:58.342294Z","level":"info","event":"Dag name:data_load_daily","logger":"task.stdout"}
{"timestamp":"2026-07-24T23:11:58.342249Z","level":"info","event":"::endgroup::","dag_id":"data_load_daily","run_id":"manual__2026-07-24T23:11:56.508235+00:00","map_index":-1,"task_id":"python_task","try_number":1,"ti_id":"019f9666-547e-7b0d-a770-121b13359096","logger":"task","filename":"task_runner.py","lineno":2107}
{"timestamp":"2026-07-24T23:11:58.977710Z","level":"info","event":"Downloaded page 1/530","logger":"task.stdout"}
{"timestamp":"2026-07-24T23:11:59.670985Z","level":"info","event":"Downloaded page 2/530","logger":"task.stdout"}
{"timestamp":"2026-07-24T23:12:00.324276Z","level":"info","event":"Downloaded page 3/530","logger":"task.stdout"}
{"timestamp":"2026-07-24T23:12:00.993905Z","level":"info","event":"Downloaded page 4/530","logger":"task.stdout"}
{"timestamp":"2026-07-24T23:12:01.814831Z","level":"info","event":"Downloaded page 5/530","logger":"task.stdout"}
{"timestamp":"2026-07-24T23:12:01.828560Z","level":"info","event":"","logger":"task.stdout"}
{"timestamp":"2026-07-24T23:12:01.829204Z","level":"info","event":"Saved 250 records to obsoletes.json","logger":"task.stdout"}
{"timestamp":"2026-07-24T23:12:01.829018Z","level":"info","event":"Done. Returned value was: None","dag_id":"data_load_daily","run_id":"manual__2026-07-24T23:11:56.508235+00:00","map_index":-1,"task_id":"python_task","try_number":1,"ti_id":"019f9666-547e-7b0d-a770-121b13359096","logger":"airflow.task.operators.airflow.providers.standard.operators.python.PythonOperator","filename":"python.py","lineno":233}
{"timestamp":"2026-07-24T23:12:01.829220Z","level":"info","event":"::group::Post Execute","dag_id":"data_load_daily","run_id":"manual__2026-07-24T23:11:56.508235+00:00","map_index":-1,"task_id":"python_task","try_number":1,"ti_id":"019f9666-547e-7b0d-a770-121b13359096","logger":"task","filename":"task_runner.py","lineno":1577}
{"timestamp":"2026-07-24T23:12:01.888495Z","level":"info","event":"Task instance in success state","logger":"task.stdout"}
{"timestamp":"2026-07-24T23:12:01.888703Z","level":"info","event":" Previous state of the Task instance: TaskInstanceState.RUNNING","logger":"task.stdout"}
{"timestamp":"2026-07-24T23:12:01.888790Z","level":"info","event":"Task operator:<Task(PythonOperator): python_task>","logger":"task.stdout"}
{"timestamp":"2026-07-24T23:12:01.888794Z","level":"info","event":"::endgroup::","dag_id":"data_load_daily","run_id":"manual__2026-07-24T23:11:56.508235+00:00","map_index":-1,"task_id":"python_task","try_number":1,"ti_id":"019f9666-547e-7b0d-a770-121b13359096","logger":"task","filename":"task_runner.py","lineno":2270}
