{"timestamp":"2026-07-25T08:05:49.061558Z","level":"info","event":"::group::Pre Execute","logger":"task","filename":"task_runner.py","lineno":2303}
{"timestamp":"2026-07-25T08:05:49.091377Z","level":"info","event":"DAG bundles loaded: dags-folder, example_dags, apache-airflow-providers-common-sql-example-dags, apache-airflow-providers-standard-example-dags","ti_id":"019f984f-173c-7bd6-8532-0a0fe08fb670","dag_id":"data_load_daily","map_index":-1,"task_id":"python_task","try_number":1,"run_id":"scheduled__2026-07-25T08:00:00+00:00","logger":"airflow.dag_processing.bundles.manager.DagBundlesManager","filename":"manager.py","lineno":271}
{"timestamp":"2026-07-25T08:05:49.091818Z","level":"info","event":"Filling up the DagBag from /opt/airflow/dags/read_data_dag.py","ti_id":"019f984f-173c-7bd6-8532-0a0fe08fb670","dag_id":"data_load_daily","map_index":-1,"task_id":"python_task","try_number":1,"run_id":"scheduled__2026-07-25T08:00:00+00:00","logger":"airflow.dag_processing.dagbag.BundleDagBag","filename":"dagbag.py","lineno":460}
{"timestamp":"2026-07-25T08:05:49.096405Z","level":"info","event":"Worker startup parse complete","bundle_name":"dags-folder","bundle_version":null,"dag_file":"read_data_dag.py","dag_id":"data_load_daily","bundle_prepare_ms":1,"dag_file_parse_ms":4,"ti_id":"019f984f-173c-7bd6-8532-0a0fe08fb670","map_index":-1,"task_id":"python_task","try_number":1,"run_id":"scheduled__2026-07-25T08:00:00+00:00","logger":"task","filename":"task_runner.py","lineno":1062}
{"timestamp":"2026-07-25T08:05:49.115555Z","level":"info","event":"Task instance is in running state","logger":"task.stdout"}
{"timestamp":"2026-07-25T08:05:49.117531Z","level":"info","event":" Previous state of the Task instance: TaskInstanceState.QUEUED","logger":"task.stdout"}
{"timestamp":"2026-07-25T08:05:49.117629Z","level":"info","event":"Current task name:python_task","logger":"task.stdout"}
{"timestamp":"2026-07-25T08:05:49.117681Z","level":"info","event":"Dag name:data_load_daily","logger":"task.stdout"}
{"timestamp":"2026-07-25T08:05:49.115050Z","level":"info","event":"::endgroup::","ti_id":"019f984f-173c-7bd6-8532-0a0fe08fb670","dag_id":"data_load_daily","map_index":-1,"task_id":"python_task","try_number":1,"run_id":"scheduled__2026-07-25T08:00:00+00:00","logger":"task","filename":"task_runner.py","lineno":2107}
{"timestamp":"2026-07-25T08:05:49.907806Z","level":"info","event":"Downloaded page 1/530","logger":"task.stdout"}
{"timestamp":"2026-07-25T08:05:50.585512Z","level":"info","event":"Downloaded page 2/530","logger":"task.stdout"}
{"timestamp":"2026-07-25T08:05:51.246769Z","level":"info","event":"Downloaded page 3/530","logger":"task.stdout"}
{"timestamp":"2026-07-25T08:05:51.898382Z","level":"info","event":"Downloaded page 4/530","logger":"task.stdout"}
{"timestamp":"2026-07-25T08:05:52.587951Z","level":"info","event":"Downloaded page 5/530","logger":"task.stdout"}
{"timestamp":"2026-07-25T08:05:52.603938Z","level":"info","event":"","logger":"task.stdout"}
{"timestamp":"2026-07-25T08:05:52.604196Z","level":"info","event":"Saved 250 records to obsoletes.json","logger":"task.stdout"}
{"timestamp":"2026-07-25T08:05:52.604258Z","level":"info","event":"Done. Returned value was: None","ti_id":"019f984f-173c-7bd6-8532-0a0fe08fb670","dag_id":"data_load_daily","map_index":-1,"task_id":"python_task","try_number":1,"run_id":"scheduled__2026-07-25T08:00:00+00:00","logger":"airflow.task.operators.airflow.providers.standard.operators.python.PythonOperator","filename":"python.py","lineno":233}
{"timestamp":"2026-07-25T08:05:52.604565Z","level":"info","event":"::group::Post Execute","ti_id":"019f984f-173c-7bd6-8532-0a0fe08fb670","dag_id":"data_load_daily","map_index":-1,"task_id":"python_task","try_number":1,"run_id":"scheduled__2026-07-25T08:00:00+00:00","logger":"task","filename":"task_runner.py","lineno":1577}
{"timestamp":"2026-07-25T08:05:52.640612Z","level":"info","event":"Task instance in success state","logger":"task.stdout"}
{"timestamp":"2026-07-25T08:05:52.640810Z","level":"info","event":" Previous state of the Task instance: TaskInstanceState.RUNNING","logger":"task.stdout"}
{"timestamp":"2026-07-25T08:05:52.640986Z","level":"info","event":"Task operator:<Task(PythonOperator): python_task>","logger":"task.stdout"}
{"timestamp":"2026-07-25T08:05:52.641014Z","level":"info","event":"::endgroup::","ti_id":"019f984f-173c-7bd6-8532-0a0fe08fb670","dag_id":"data_load_daily","map_index":-1,"task_id":"python_task","try_number":1,"run_id":"scheduled__2026-07-25T08:00:00+00:00","logger":"task","filename":"task_runner.py","lineno":2270}
