{"timestamp":"2026-07-24T00:22:27.394006Z","level":"info","event":"::group::Pre Execute","logger":"task","filename":"task_runner.py","lineno":2303}
{"timestamp":"2026-07-24T00:22:27.406807Z","level":"info","event":"DAG bundles loaded: dags-folder, example_dags, apache-airflow-providers-common-sql-example-dags, apache-airflow-providers-standard-example-dags","dag_id":"data_load_daily","try_number":1,"ti_id":"019f9180-7f58-7c1c-aa90-d71754f459cb","map_index":-1,"task_id":"python_task","run_id":"manual__2026-07-24T00:22:25.351374+00:00","logger":"airflow.dag_processing.bundles.manager.DagBundlesManager","filename":"manager.py","lineno":271}
{"timestamp":"2026-07-24T00:22:27.407163Z","level":"info","event":"Filling up the DagBag from /opt/airflow/dags/read_data_dag.py","dag_id":"data_load_daily","try_number":1,"ti_id":"019f9180-7f58-7c1c-aa90-d71754f459cb","map_index":-1,"task_id":"python_task","run_id":"manual__2026-07-24T00:22:25.351374+00:00","logger":"airflow.dag_processing.dagbag.BundleDagBag","filename":"dagbag.py","lineno":460}
{"timestamp":"2026-07-24T00:22:27.411221Z","level":"info","event":"Worker startup parse complete","bundle_name":"dags-folder","bundle_version":null,"dag_file":"read_data_dag.py","dag_id":"data_load_daily","bundle_prepare_ms":1,"dag_file_parse_ms":4,"try_number":1,"ti_id":"019f9180-7f58-7c1c-aa90-d71754f459cb","map_index":-1,"task_id":"python_task","run_id":"manual__2026-07-24T00:22:25.351374+00:00","logger":"task","filename":"task_runner.py","lineno":1062}
{"timestamp":"2026-07-24T00:22:27.421301Z","level":"info","event":"Task instance is in running state","logger":"task.stdout"}
{"timestamp":"2026-07-24T00:22:27.421450Z","level":"info","event":" Previous state of the Task instance: TaskInstanceState.QUEUED","logger":"task.stdout"}
{"timestamp":"2026-07-24T00:22:27.421509Z","level":"info","event":"Current task name:python_task","logger":"task.stdout"}
{"timestamp":"2026-07-24T00:22:27.421567Z","level":"info","event":"Dag name:data_load_daily","logger":"task.stdout"}
{"timestamp":"2026-07-24T00:22:27.421534Z","level":"info","event":"::endgroup::","dag_id":"data_load_daily","try_number":1,"ti_id":"019f9180-7f58-7c1c-aa90-d71754f459cb","map_index":-1,"task_id":"python_task","run_id":"manual__2026-07-24T00:22:25.351374+00:00","logger":"task","filename":"task_runner.py","lineno":2107}
{"timestamp":"2026-07-24T00:22:28.053843Z","level":"info","event":"Downloaded page 1/530","logger":"task.stdout"}
{"timestamp":"2026-07-24T00:22:28.684467Z","level":"info","event":"Downloaded page 2/530","logger":"task.stdout"}
{"timestamp":"2026-07-24T00:22:29.326805Z","level":"info","event":"Downloaded page 3/530","logger":"task.stdout"}
{"timestamp":"2026-07-24T00:22:29.918182Z","level":"info","event":"Downloaded page 4/530","logger":"task.stdout"}
{"timestamp":"2026-07-24T00:22:30.589803Z","level":"info","event":"Downloaded page 5/530","logger":"task.stdout"}
{"timestamp":"2026-07-24T00:22:30.605701Z","level":"info","event":"","logger":"task.stdout"}
{"timestamp":"2026-07-24T00:22:30.606035Z","level":"info","event":"Saved 250 records to obsoletes.json","logger":"task.stdout"}
{"timestamp":"2026-07-24T00:22:30.606007Z","level":"info","event":"Done. Returned value was: None","dag_id":"data_load_daily","try_number":1,"ti_id":"019f9180-7f58-7c1c-aa90-d71754f459cb","map_index":-1,"task_id":"python_task","run_id":"manual__2026-07-24T00:22:25.351374+00:00","logger":"airflow.task.operators.airflow.providers.standard.operators.python.PythonOperator","filename":"python.py","lineno":233}
{"timestamp":"2026-07-24T00:22:30.606270Z","level":"info","event":"::group::Post Execute","dag_id":"data_load_daily","try_number":1,"ti_id":"019f9180-7f58-7c1c-aa90-d71754f459cb","map_index":-1,"task_id":"python_task","run_id":"manual__2026-07-24T00:22:25.351374+00:00","logger":"task","filename":"task_runner.py","lineno":1577}
{"timestamp":"2026-07-24T00:22:30.634215Z","level":"info","event":"Task instance in success state","logger":"task.stdout"}
{"timestamp":"2026-07-24T00:22:30.634494Z","level":"info","event":" Previous state of the Task instance: TaskInstanceState.RUNNING","logger":"task.stdout"}
{"timestamp":"2026-07-24T00:22:30.634842Z","level":"info","event":"Task operator:<Task(PythonOperator): python_task>","logger":"task.stdout"}
{"timestamp":"2026-07-24T00:22:30.634855Z","level":"info","event":"::endgroup::","dag_id":"data_load_daily","try_number":1,"ti_id":"019f9180-7f58-7c1c-aa90-d71754f459cb","map_index":-1,"task_id":"python_task","run_id":"manual__2026-07-24T00:22:25.351374+00:00","logger":"task","filename":"task_runner.py","lineno":2270}
