{"timestamp":"2026-07-27T14:11:03.661219Z","level":"info","event":"::group::Pre Execute","logger":"task","filename":"task_runner.py","lineno":2303}
{"timestamp":"2026-07-27T14:11:03.674782Z","level":"info","event":"DAG bundles loaded: dags-folder, example_dags, apache-airflow-providers-common-sql-example-dags, apache-airflow-providers-standard-example-dags","map_index":-1,"task_id":"read_api_data","ti_id":"019fa3ea-331a-73a4-b2d7-472a52720cc7","dag_id":"cards_pipeline","run_id":"manual__2026-07-27T14:11:02.536148+00:00","try_number":1,"logger":"airflow.dag_processing.bundles.manager.DagBundlesManager","filename":"manager.py","lineno":271}
{"timestamp":"2026-07-27T14:11:03.675439Z","level":"info","event":"Filling up the DagBag from /opt/airflow/dags/cards_pipeline.py","map_index":-1,"task_id":"read_api_data","ti_id":"019fa3ea-331a-73a4-b2d7-472a52720cc7","dag_id":"cards_pipeline","run_id":"manual__2026-07-27T14:11:02.536148+00:00","try_number":1,"logger":"airflow.dag_processing.dagbag.BundleDagBag","filename":"dagbag.py","lineno":460}
{"timestamp":"2026-07-27T14:11:04.266410Z","level":"warning","event":"The `airflow.decorators.dag` attribute is deprecated. Please use `'airflow.sdk.dag'`.","category":"UserWarning","filename":"/opt/airflow/dags/cards_pipeline.py","lineno":38,"map_index":-1,"task_id":"read_api_data","ti_id":"019fa3ea-331a-73a4-b2d7-472a52720cc7","dag_id":"cards_pipeline","run_id":"manual__2026-07-27T14:11:02.536148+00:00","try_number":1,"logger":"py.warnings"}
{"timestamp":"2026-07-27T14:11:04.266629Z","level":"warning","event":"The `airflow.decorators.task` attribute is deprecated. Please use `'airflow.sdk.task'`.","category":"UserWarning","filename":"/opt/airflow/dags/cards_pipeline.py","lineno":38,"map_index":-1,"task_id":"read_api_data","ti_id":"019fa3ea-331a-73a4-b2d7-472a52720cc7","dag_id":"cards_pipeline","run_id":"manual__2026-07-27T14:11:02.536148+00:00","try_number":1,"logger":"py.warnings"}
{"timestamp":"2026-07-27T14:11:04.270829Z","level":"info","event":"Worker startup parse complete","bundle_name":"dags-folder","bundle_version":null,"dag_file":"cards_pipeline.py","dag_id":"cards_pipeline","bundle_prepare_ms":2,"dag_file_parse_ms":595,"map_index":-1,"task_id":"read_api_data","ti_id":"019fa3ea-331a-73a4-b2d7-472a52720cc7","run_id":"manual__2026-07-27T14:11:02.536148+00:00","try_number":1,"logger":"task","filename":"task_runner.py","lineno":1062}
{"timestamp":"2026-07-27T14:11:04.291121Z","level":"info","event":"Task instance is in running state","logger":"task.stdout"}
{"timestamp":"2026-07-27T14:11:04.291299Z","level":"info","event":" Previous state of the Task instance: TaskInstanceState.QUEUED","logger":"task.stdout"}
{"timestamp":"2026-07-27T14:11:04.291397Z","level":"info","event":"Current task name:read_api_data","logger":"task.stdout"}
{"timestamp":"2026-07-27T14:11:04.291461Z","level":"info","event":"Dag name:cards_pipeline","logger":"task.stdout"}
{"timestamp":"2026-07-27T14:11:04.291391Z","level":"info","event":"::endgroup::","map_index":-1,"task_id":"read_api_data","ti_id":"019fa3ea-331a-73a4-b2d7-472a52720cc7","dag_id":"cards_pipeline","run_id":"manual__2026-07-27T14:11:02.536148+00:00","try_number":1,"logger":"task","filename":"task_runner.py","lineno":2107}
{"timestamp":"2026-07-27T14:11:05.027086Z","level":"info","event":"Downloaded page 1/532","logger":"task.stdout"}
{"timestamp":"2026-07-27T14:11:05.317882Z","level":"info","event":"Downloaded page 2/532","logger":"task.stdout"}
{"timestamp":"2026-07-27T14:11:05.621500Z","level":"info","event":"Downloaded page 3/532","logger":"task.stdout"}
{"timestamp":"2026-07-27T14:11:05.886843Z","level":"info","event":"Downloaded page 4/532","logger":"task.stdout"}
{"timestamp":"2026-07-27T14:11:06.256895Z","level":"info","event":"Downloaded page 5/532","logger":"task.stdout"}
{"timestamp":"2026-07-27T14:11:06.552972Z","level":"info","event":"Downloaded page 6/532","logger":"task.stdout"}
{"timestamp":"2026-07-27T14:11:06.848456Z","level":"info","event":"Downloaded page 7/532","logger":"task.stdout"}
{"timestamp":"2026-07-27T14:11:07.137729Z","level":"info","event":"Downloaded page 8/532","logger":"task.stdout"}
{"timestamp":"2026-07-27T14:11:07.434459Z","level":"info","event":"Downloaded page 9/532","logger":"task.stdout"}
{"timestamp":"2026-07-27T14:11:07.713685Z","level":"info","event":"Downloaded page 10/532","logger":"task.stdout"}
{"timestamp":"2026-07-27T14:11:07.997000Z","level":"info","event":"Downloaded page 11/532","logger":"task.stdout"}
{"timestamp":"2026-07-27T14:11:08.306092Z","level":"info","event":"Downloaded page 12/532","logger":"task.stdout"}
{"timestamp":"2026-07-27T14:11:08.603303Z","level":"info","event":"Downloaded page 13/532","logger":"task.stdout"}
{"timestamp":"2026-07-27T14:11:08.887920Z","level":"info","event":"Downloaded page 14/532","logger":"task.stdout"}
{"timestamp":"2026-07-27T14:11:09.189263Z","level":"info","event":"Downloaded page 15/532","logger":"task.stdout"}
{"timestamp":"2026-07-27T14:11:09.467605Z","level":"info","event":"Downloaded page 16/532","logger":"task.stdout"}
{"timestamp":"2026-07-27T14:11:09.747530Z","level":"info","event":"Downloaded page 17/532","logger":"task.stdout"}
{"timestamp":"2026-07-27T14:11:10.034647Z","level":"info","event":"Downloaded page 18/532","logger":"task.stdout"}
{"timestamp":"2026-07-27T14:11:10.311032Z","level":"info","event":"Downloaded page 19/532","logger":"task.stdout"}
{"timestamp":"2026-07-27T14:11:10.600635Z","level":"info","event":"Downloaded page 20/532","logger":"task.stdout"}
{"timestamp":"2026-07-27T14:11:10.863886Z","level":"info","event":"Downloaded page 21/532","logger":"task.stdout"}
{"timestamp":"2026-07-27T14:11:11.166807Z","level":"info","event":"Downloaded page 22/532","logger":"task.stdout"}
{"timestamp":"2026-07-27T14:11:11.448340Z","level":"info","event":"Downloaded page 23/532","logger":"task.stdout"}
{"timestamp":"2026-07-27T14:11:11.743125Z","level":"info","event":"Downloaded page 24/532","logger":"task.stdout"}
{"timestamp":"2026-07-27T14:11:12.025270Z","level":"info","event":"Downloaded page 25/532","logger":"task.stdout"}
{"timestamp":"2026-07-27T14:11:12.301241Z","level":"info","event":"Downloaded page 26/532","logger":"task.stdout"}
{"timestamp":"2026-07-27T14:11:12.605229Z","level":"info","event":"Downloaded page 27/532","logger":"task.stdout"}
{"timestamp":"2026-07-27T14:11:12.893856Z","level":"info","event":"Downloaded page 28/532","logger":"task.stdout"}
{"timestamp":"2026-07-27T14:11:13.185143Z","level":"info","event":"Downloaded page 29/532","logger":"task.stdout"}
{"timestamp":"2026-07-27T14:11:13.467739Z","level":"info","event":"Downloaded page 30/532","logger":"task.stdout"}
{"timestamp":"2026-07-27T14:11:13.750705Z","level":"info","event":"Downloaded page 31/532","logger":"task.stdout"}
{"timestamp":"2026-07-27T14:11:14.027566Z","level":"info","event":"Downloaded page 32/532","logger":"task.stdout"}
{"timestamp":"2026-07-27T14:11:14.315490Z","level":"info","event":"Downloaded page 33/532","logger":"task.stdout"}
{"timestamp":"2026-07-27T14:11:14.595028Z","level":"info","event":"Downloaded page 34/532","logger":"task.stdout"}
{"timestamp":"2026-07-27T14:11:14.872932Z","level":"info","event":"Downloaded page 35/532","logger":"task.stdout"}
{"timestamp":"2026-07-27T14:11:15.154279Z","level":"info","event":"Downloaded page 36/532","logger":"task.stdout"}
{"timestamp":"2026-07-27T14:11:15.419242Z","level":"info","event":"Downloaded page 37/532","logger":"task.stdout"}
{"timestamp":"2026-07-27T14:11:15.700959Z","level":"info","event":"Downloaded page 38/532","logger":"task.stdout"}
{"timestamp":"2026-07-27T14:11:15.991257Z","level":"info","event":"Downloaded page 39/532","logger":"task.stdout"}
{"timestamp":"2026-07-27T14:11:16.289126Z","level":"info","event":"Downloaded page 40/532","logger":"task.stdout"}
{"timestamp":"2026-07-27T14:11:16.586151Z","level":"info","event":"Downloaded page 41/532","logger":"task.stdout"}
{"timestamp":"2026-07-27T14:11:16.886784Z","level":"info","event":"Downloaded page 42/532","logger":"task.stdout"}
{"timestamp":"2026-07-27T14:11:17.185175Z","level":"info","event":"Downloaded page 43/532","logger":"task.stdout"}
{"timestamp":"2026-07-27T14:11:17.473711Z","level":"info","event":"Downloaded page 44/532","logger":"task.stdout"}
{"timestamp":"2026-07-27T14:11:17.752300Z","level":"info","event":"Downloaded page 45/532","logger":"task.stdout"}
{"timestamp":"2026-07-27T14:11:18.043388Z","level":"info","event":"Downloaded page 46/532","logger":"task.stdout"}
{"timestamp":"2026-07-27T14:11:18.336055Z","level":"info","event":"Downloaded page 47/532","logger":"task.stdout"}
{"timestamp":"2026-07-27T14:11:18.626998Z","level":"info","event":"Downloaded page 48/532","logger":"task.stdout"}
{"timestamp":"2026-07-27T14:11:18.914266Z","level":"info","event":"Downloaded page 49/532","logger":"task.stdout"}
{"timestamp":"2026-07-27T14:11:19.198683Z","level":"info","event":"Downloaded page 50/532","logger":"task.stdout"}
{"timestamp":"2026-07-27T14:11:19.199232Z","level":"info","event":"Hit MAX_PAGES safety cap (50); stopping early.","logger":"task.stdout"}
{"timestamp":"2026-07-27T14:11:19.271034Z","level":"info","event":"Saved 2500 records to /opt/airflow/data/obsoletes_2026-07-27.json","logger":"task.stdout"}
{"timestamp":"2026-07-27T14:11:19.277860Z","level":"info","event":"Done. Returned value was: /opt/airflow/data/obsoletes_2026-07-27.json","map_index":-1,"task_id":"read_api_data","ti_id":"019fa3ea-331a-73a4-b2d7-472a52720cc7","dag_id":"cards_pipeline","run_id":"manual__2026-07-27T14:11:02.536148+00:00","try_number":1,"logger":"airflow.task.operators.airflow.providers.standard.decorators.python._PythonDecoratedOperator","filename":"python.py","lineno":233}
{"timestamp":"2026-07-27T14:11:19.278493Z","level":"info","event":"::group::Post Execute","map_index":-1,"task_id":"read_api_data","ti_id":"019fa3ea-331a-73a4-b2d7-472a52720cc7","dag_id":"cards_pipeline","run_id":"manual__2026-07-27T14:11:02.536148+00:00","try_number":1,"logger":"task","filename":"task_runner.py","lineno":1577}
{"timestamp":"2026-07-27T14:11:19.279012Z","level":"info","event":"Pushing xcom","ti":"RuntimeTaskInstance(id=UUID('019fa3ea-331a-73a4-b2d7-472a52720cc7'), task_id='read_api_data', dag_id='cards_pipeline', run_id='manual__2026-07-27T14:11:02.536148+00:00', try_number=1, dag_version_id=UUID('019fa3cc-a6ce-7ee0-aaf8-e50b4de997e4'), map_index=-1, hostname='94898af98ea4', context_carrier={'traceparent': '00-47204230f2529c54565c68711df830e5-257be2c17fe5124e-00'}, queue='default', task=<Task(_PythonDecoratedOperator): read_api_data>, bundle_instance=LocalDagBundle(name=dags-folder), max_tries=2, start_date=datetime.datetime(2026, 7, 27, 14, 11, 3, 659814, tzinfo=datetime.timezone.utc), end_date=None, state=<TaskInstanceState.RUNNING: 'running'>, is_mapped=False, rendered_map_index=None, sentry_integration='sentry_sdk.integrations.celery.CeleryIntegration')","map_index":-1,"task_id":"read_api_data","ti_id":"019fa3ea-331a-73a4-b2d7-472a52720cc7","dag_id":"cards_pipeline","run_id":"manual__2026-07-27T14:11:02.536148+00:00","try_number":1,"logger":"task","filename":"task_runner.py","lineno":2171}
{"timestamp":"2026-07-27T14:11:19.294706Z","level":"info","event":"Task instance in success state","logger":"task.stdout"}
{"timestamp":"2026-07-27T14:11:19.295020Z","level":"info","event":" Previous state of the Task instance: TaskInstanceState.RUNNING","logger":"task.stdout"}
{"timestamp":"2026-07-27T14:11:19.295260Z","level":"info","event":"Task operator:<Task(_PythonDecoratedOperator): read_api_data>","logger":"task.stdout"}
{"timestamp":"2026-07-27T14:11:19.295355Z","level":"info","event":"::endgroup::","map_index":-1,"task_id":"read_api_data","ti_id":"019fa3ea-331a-73a4-b2d7-472a52720cc7","dag_id":"cards_pipeline","run_id":"manual__2026-07-27T14:11:02.536148+00:00","try_number":1,"logger":"task","filename":"task_runner.py","lineno":2270}
