{"timestamp":"2026-07-25T22:00:15.108707Z","level":"info","event":"::group::Pre Execute","logger":"task","filename":"task_runner.py","lineno":2303}
{"timestamp":"2026-07-25T22:00:15.136247Z","level":"info","event":"DAG bundles loaded: dags-folder, example_dags, apache-airflow-providers-common-sql-example-dags, apache-airflow-providers-standard-example-dags","ti_id":"019f9b4b-09ce-703e-a9f5-8ebff856b5e2","dag_id":"data_load_daily","map_index":-1,"task_id":"python_task","try_number":1,"run_id":"scheduled__2026-07-25T22:00:00+00:00","logger":"airflow.dag_processing.bundles.manager.DagBundlesManager","filename":"manager.py","lineno":271}
{"timestamp":"2026-07-25T22:00:15.136766Z","level":"info","event":"Filling up the DagBag from /opt/airflow/dags/read_data_dag.py","ti_id":"019f9b4b-09ce-703e-a9f5-8ebff856b5e2","dag_id":"data_load_daily","map_index":-1,"task_id":"python_task","try_number":1,"run_id":"scheduled__2026-07-25T22:00:00+00:00","logger":"airflow.dag_processing.dagbag.BundleDagBag","filename":"dagbag.py","lineno":460}
{"timestamp":"2026-07-25T22:00:15.143186Z","level":"info","event":"Worker startup parse complete","bundle_name":"dags-folder","bundle_version":null,"dag_file":"read_data_dag.py","dag_id":"data_load_daily","bundle_prepare_ms":1,"dag_file_parse_ms":6,"ti_id":"019f9b4b-09ce-703e-a9f5-8ebff856b5e2","map_index":-1,"task_id":"python_task","try_number":1,"run_id":"scheduled__2026-07-25T22:00:00+00:00","logger":"task","filename":"task_runner.py","lineno":1062}
{"timestamp":"2026-07-25T22:00:15.156015Z","level":"info","event":"Task instance is in running state","logger":"task.stdout"}
{"timestamp":"2026-07-25T22:00:15.156145Z","level":"info","event":" Previous state of the Task instance: TaskInstanceState.QUEUED","logger":"task.stdout"}
{"timestamp":"2026-07-25T22:00:15.156236Z","level":"info","event":"Current task name:python_task","logger":"task.stdout"}
{"timestamp":"2026-07-25T22:00:15.156312Z","level":"info","event":"Dag name:data_load_daily","logger":"task.stdout"}
{"timestamp":"2026-07-25T22:00:15.156253Z","level":"info","event":"::endgroup::","ti_id":"019f9b4b-09ce-703e-a9f5-8ebff856b5e2","dag_id":"data_load_daily","map_index":-1,"task_id":"python_task","try_number":1,"run_id":"scheduled__2026-07-25T22:00:00+00:00","logger":"task","filename":"task_runner.py","lineno":2107}
{"timestamp":"2026-07-25T22:00:16.001124Z","level":"info","event":"Downloaded page 1/531","logger":"task.stdout"}
{"timestamp":"2026-07-25T22:00:16.672723Z","level":"info","event":"Downloaded page 2/531","logger":"task.stdout"}
{"timestamp":"2026-07-25T22:00:17.392260Z","level":"info","event":"Downloaded page 3/531","logger":"task.stdout"}
{"timestamp":"2026-07-25T22:00:18.011732Z","level":"info","event":"Downloaded page 4/531","logger":"task.stdout"}
{"timestamp":"2026-07-25T22:00:18.727460Z","level":"info","event":"Downloaded page 5/531","logger":"task.stdout"}
{"timestamp":"2026-07-25T22:00:18.741690Z","level":"info","event":"","logger":"task.stdout"}
{"timestamp":"2026-07-25T22:00:18.741916Z","level":"info","event":"Saved 250 records to obsoletes.json","logger":"task.stdout"}
{"timestamp":"2026-07-25T22:00:18.740488Z","level":"info","event":"Done. Returned value was: None","ti_id":"019f9b4b-09ce-703e-a9f5-8ebff856b5e2","dag_id":"data_load_daily","map_index":-1,"task_id":"python_task","try_number":1,"run_id":"scheduled__2026-07-25T22:00:00+00:00","logger":"airflow.task.operators.airflow.providers.standard.operators.python.PythonOperator","filename":"python.py","lineno":233}
{"timestamp":"2026-07-25T22:00:18.740808Z","level":"info","event":"::group::Post Execute","ti_id":"019f9b4b-09ce-703e-a9f5-8ebff856b5e2","dag_id":"data_load_daily","map_index":-1,"task_id":"python_task","try_number":1,"run_id":"scheduled__2026-07-25T22:00:00+00:00","logger":"task","filename":"task_runner.py","lineno":1577}
{"timestamp":"2026-07-25T22:00:18.773271Z","level":"info","event":"Task instance in success state","logger":"task.stdout"}
{"timestamp":"2026-07-25T22:00:18.773451Z","level":"info","event":" Previous state of the Task instance: TaskInstanceState.RUNNING","logger":"task.stdout"}
{"timestamp":"2026-07-25T22:00:18.773611Z","level":"info","event":"Task operator:<Task(PythonOperator): python_task>","logger":"task.stdout"}
{"timestamp":"2026-07-25T22:00:18.773539Z","level":"info","event":"::endgroup::","ti_id":"019f9b4b-09ce-703e-a9f5-8ebff856b5e2","dag_id":"data_load_daily","map_index":-1,"task_id":"python_task","try_number":1,"run_id":"scheduled__2026-07-25T22:00:00+00:00","logger":"task","filename":"task_runner.py","lineno":2270}
