{"timestamp":"2026-07-28T15:00:01.016449Z","level":"info","event":"::group::Pre Execute","logger":"task","filename":"task_runner.py","lineno":2303}
{"timestamp":"2026-07-28T15:00:01.045927Z","level":"info","event":"DAG bundles loaded: dags-folder, example_dags, apache-airflow-providers-common-sql-example-dags, apache-airflow-providers-standard-example-dags","task_id":"read_api_data","ti_id":"019fa93d-6523-7f82-805c-0416bc70e71d","map_index":-1,"try_number":1,"dag_id":"cards_pipeline","run_id":"scheduled__2026-07-28T15:00:00+00:00","logger":"airflow.dag_processing.bundles.manager.DagBundlesManager","filename":"manager.py","lineno":271}
{"timestamp":"2026-07-28T15:00:01.046301Z","level":"info","event":"Filling up the DagBag from /opt/airflow/dags/cards_pipeline.py","task_id":"read_api_data","ti_id":"019fa93d-6523-7f82-805c-0416bc70e71d","map_index":-1,"try_number":1,"dag_id":"cards_pipeline","run_id":"scheduled__2026-07-28T15:00:00+00:00","logger":"airflow.dag_processing.dagbag.BundleDagBag","filename":"dagbag.py","lineno":460}
{"timestamp":"2026-07-28T15:00:01.403207Z","level":"warning","event":"The `airflow.decorators.dag` attribute is deprecated. Please use `'airflow.sdk.dag'`.","category":"UserWarning","filename":"/opt/airflow/dags/cards_pipeline.py","lineno":38,"task_id":"read_api_data","ti_id":"019fa93d-6523-7f82-805c-0416bc70e71d","map_index":-1,"try_number":1,"dag_id":"cards_pipeline","run_id":"scheduled__2026-07-28T15:00:00+00:00","logger":"py.warnings"}
{"timestamp":"2026-07-28T15:00:01.403277Z","level":"warning","event":"The `airflow.decorators.task` attribute is deprecated. Please use `'airflow.sdk.task'`.","category":"UserWarning","filename":"/opt/airflow/dags/cards_pipeline.py","lineno":38,"task_id":"read_api_data","ti_id":"019fa93d-6523-7f82-805c-0416bc70e71d","map_index":-1,"try_number":1,"dag_id":"cards_pipeline","run_id":"scheduled__2026-07-28T15:00:00+00:00","logger":"py.warnings"}
{"timestamp":"2026-07-28T15:00:01.403738Z","level":"info","event":"Worker startup parse complete","bundle_name":"dags-folder","bundle_version":null,"dag_file":"cards_pipeline.py","dag_id":"cards_pipeline","bundle_prepare_ms":1,"dag_file_parse_ms":357,"task_id":"read_api_data","ti_id":"019fa93d-6523-7f82-805c-0416bc70e71d","map_index":-1,"try_number":1,"run_id":"scheduled__2026-07-28T15:00:00+00:00","logger":"task","filename":"task_runner.py","lineno":1062}
{"timestamp":"2026-07-28T15:00:01.417574Z","level":"info","event":"Task instance is in running state","logger":"task.stdout"}
{"timestamp":"2026-07-28T15:00:01.417644Z","level":"info","event":" Previous state of the Task instance: TaskInstanceState.QUEUED","logger":"task.stdout"}
{"timestamp":"2026-07-28T15:00:01.417683Z","level":"info","event":"Current task name:read_api_data","logger":"task.stdout"}
{"timestamp":"2026-07-28T15:00:01.417718Z","level":"info","event":"Dag name:cards_pipeline","logger":"task.stdout"}
{"timestamp":"2026-07-28T15:00:01.416746Z","level":"info","event":"::endgroup::","task_id":"read_api_data","ti_id":"019fa93d-6523-7f82-805c-0416bc70e71d","map_index":-1,"try_number":1,"dag_id":"cards_pipeline","run_id":"scheduled__2026-07-28T15:00:00+00:00","logger":"task","filename":"task_runner.py","lineno":2107}
{"timestamp":"2026-07-28T15:00:02.456977Z","level":"info","event":"Downloaded page 1/532","logger":"task.stdout"}
{"timestamp":"2026-07-28T15:00:02.848462Z","level":"info","event":"Downloaded page 2/532","logger":"task.stdout"}
{"timestamp":"2026-07-28T15:00:03.248962Z","level":"info","event":"Downloaded page 3/532","logger":"task.stdout"}
{"timestamp":"2026-07-28T15:00:03.657907Z","level":"info","event":"Downloaded page 4/532","logger":"task.stdout"}
{"timestamp":"2026-07-28T15:00:04.038509Z","level":"info","event":"Downloaded page 5/532","logger":"task.stdout"}
{"timestamp":"2026-07-28T15:00:04.039260Z","level":"info","event":"Hit MAX_PAGES safety cap (5); stopping early.","logger":"task.stdout"}
{"timestamp":"2026-07-28T15:00:04.055301Z","level":"info","event":"Saved 250 records to /opt/airflow/data/obsoletes_2026-07-28.json","logger":"task.stdout"}
{"timestamp":"2026-07-28T15:00:04.057546Z","level":"info","event":"Done. Returned value was: /opt/airflow/data/obsoletes_2026-07-28.json","task_id":"read_api_data","ti_id":"019fa93d-6523-7f82-805c-0416bc70e71d","map_index":-1,"try_number":1,"dag_id":"cards_pipeline","run_id":"scheduled__2026-07-28T15:00:00+00:00","logger":"airflow.task.operators.airflow.providers.standard.decorators.python._PythonDecoratedOperator","filename":"python.py","lineno":233}
{"timestamp":"2026-07-28T15:00:04.057851Z","level":"info","event":"::group::Post Execute","task_id":"read_api_data","ti_id":"019fa93d-6523-7f82-805c-0416bc70e71d","map_index":-1,"try_number":1,"dag_id":"cards_pipeline","run_id":"scheduled__2026-07-28T15:00:00+00:00","logger":"task","filename":"task_runner.py","lineno":1577}
{"timestamp":"2026-07-28T15:00:04.058037Z","level":"info","event":"Pushing xcom","ti":"RuntimeTaskInstance(id=UUID('019fa93d-6523-7f82-805c-0416bc70e71d'), task_id='read_api_data', dag_id='cards_pipeline', run_id='scheduled__2026-07-28T15:00:00+00:00', try_number=1, dag_version_id=UUID('019fa3cc-a6ce-7ee0-aaf8-e50b4de997e4'), map_index=-1, hostname='94898af98ea4', context_carrier={'traceparent': '00-85437300bae7fe102067b572ddb8d920-5c094aec4ba6b69d-00'}, queue='default', task=<Task(_PythonDecoratedOperator): read_api_data>, bundle_instance=LocalDagBundle(name=dags-folder), max_tries=2, start_date=datetime.datetime(2026, 7, 28, 15, 0, 1, 33735, tzinfo=datetime.timezone.utc), end_date=None, state=<TaskInstanceState.RUNNING: 'running'>, is_mapped=False, rendered_map_index=None, sentry_integration='sentry_sdk.integrations.celery.CeleryIntegration')","task_id":"read_api_data","ti_id":"019fa93d-6523-7f82-805c-0416bc70e71d","map_index":-1,"try_number":1,"dag_id":"cards_pipeline","run_id":"scheduled__2026-07-28T15:00:00+00:00","logger":"task","filename":"task_runner.py","lineno":2171}
{"timestamp":"2026-07-28T15:00:04.086945Z","level":"info","event":"Task instance in success state","logger":"task.stdout"}
{"timestamp":"2026-07-28T15:00:04.089802Z","level":"info","event":" Previous state of the Task instance: TaskInstanceState.RUNNING","logger":"task.stdout"}
{"timestamp":"2026-07-28T15:00:04.089887Z","level":"info","event":"Task operator:<Task(_PythonDecoratedOperator): read_api_data>","logger":"task.stdout"}
{"timestamp":"2026-07-28T15:00:04.086486Z","level":"info","event":"::endgroup::","task_id":"read_api_data","ti_id":"019fa93d-6523-7f82-805c-0416bc70e71d","map_index":-1,"try_number":1,"dag_id":"cards_pipeline","run_id":"scheduled__2026-07-28T15:00:00+00:00","logger":"task","filename":"task_runner.py","lineno":2270}
