{"timestamp":"2026-07-25T19:09:19.792830Z","level":"info","event":"::group::Pre Execute","logger":"task","filename":"task_runner.py","lineno":2303}
{"timestamp":"2026-07-25T19:09:19.823870Z","level":"info","event":"DAG bundles loaded: dags-folder, example_dags, apache-airflow-providers-common-sql-example-dags, apache-airflow-providers-standard-example-dags","ti_id":"019f9aae-8df2-7011-bff2-ddcf07870ead","dag_id":"data_load_daily","task_id":"python_task","try_number":1,"run_id":"scheduled__2026-07-25T19:00:00+00:00","map_index":-1,"logger":"airflow.dag_processing.bundles.manager.DagBundlesManager","filename":"manager.py","lineno":271}
{"timestamp":"2026-07-25T19:09:19.824329Z","level":"info","event":"Filling up the DagBag from /opt/airflow/dags/read_data_dag.py","ti_id":"019f9aae-8df2-7011-bff2-ddcf07870ead","dag_id":"data_load_daily","task_id":"python_task","try_number":1,"run_id":"scheduled__2026-07-25T19:00:00+00:00","map_index":-1,"logger":"airflow.dag_processing.dagbag.BundleDagBag","filename":"dagbag.py","lineno":460}
{"timestamp":"2026-07-25T19:09:19.828955Z","level":"info","event":"Worker startup parse complete","bundle_name":"dags-folder","bundle_version":null,"dag_file":"read_data_dag.py","dag_id":"data_load_daily","bundle_prepare_ms":1,"dag_file_parse_ms":4,"ti_id":"019f9aae-8df2-7011-bff2-ddcf07870ead","task_id":"python_task","try_number":1,"run_id":"scheduled__2026-07-25T19:00:00+00:00","map_index":-1,"logger":"task","filename":"task_runner.py","lineno":1062}
{"timestamp":"2026-07-25T19:09:19.842296Z","level":"info","event":"Task instance is in running state","logger":"task.stdout"}
{"timestamp":"2026-07-25T19:09:19.843046Z","level":"info","event":" Previous state of the Task instance: TaskInstanceState.QUEUED","logger":"task.stdout"}
{"timestamp":"2026-07-25T19:09:19.845978Z","level":"info","event":"Current task name:python_task","logger":"task.stdout"}
{"timestamp":"2026-07-25T19:09:19.846090Z","level":"info","event":"Dag name:data_load_daily","logger":"task.stdout"}
{"timestamp":"2026-07-25T19:09:19.842639Z","level":"info","event":"::endgroup::","ti_id":"019f9aae-8df2-7011-bff2-ddcf07870ead","dag_id":"data_load_daily","task_id":"python_task","try_number":1,"run_id":"scheduled__2026-07-25T19:00:00+00:00","map_index":-1,"logger":"task","filename":"task_runner.py","lineno":2107}
{"timestamp":"2026-07-25T19:09:20.540433Z","level":"info","event":"Downloaded page 1/530","logger":"task.stdout"}
{"timestamp":"2026-07-25T19:09:21.386348Z","level":"info","event":"Downloaded page 2/530","logger":"task.stdout"}
{"timestamp":"2026-07-25T19:09:22.267180Z","level":"info","event":"Downloaded page 3/530","logger":"task.stdout"}
{"timestamp":"2026-07-25T19:09:23.156002Z","level":"info","event":"Downloaded page 4/530","logger":"task.stdout"}
{"timestamp":"2026-07-25T19:09:24.017453Z","level":"info","event":"Downloaded page 5/530","logger":"task.stdout"}
{"timestamp":"2026-07-25T19:09:24.033057Z","level":"info","event":"","logger":"task.stdout"}
{"timestamp":"2026-07-25T19:09:24.033275Z","level":"info","event":"Saved 250 records to obsoletes.json","logger":"task.stdout"}
{"timestamp":"2026-07-25T19:09:24.032806Z","level":"info","event":"Done. Returned value was: None","ti_id":"019f9aae-8df2-7011-bff2-ddcf07870ead","dag_id":"data_load_daily","task_id":"python_task","try_number":1,"run_id":"scheduled__2026-07-25T19:00:00+00:00","map_index":-1,"logger":"airflow.task.operators.airflow.providers.standard.operators.python.PythonOperator","filename":"python.py","lineno":233}
{"timestamp":"2026-07-25T19:09:24.033879Z","level":"info","event":"::group::Post Execute","ti_id":"019f9aae-8df2-7011-bff2-ddcf07870ead","dag_id":"data_load_daily","task_id":"python_task","try_number":1,"run_id":"scheduled__2026-07-25T19:00:00+00:00","map_index":-1,"logger":"task","filename":"task_runner.py","lineno":1577}
{"timestamp":"2026-07-25T19:09:24.054103Z","level":"info","event":"Task instance in success state","logger":"task.stdout"}
{"timestamp":"2026-07-25T19:09:24.054976Z","level":"info","event":" Previous state of the Task instance: TaskInstanceState.RUNNING","logger":"task.stdout"}
{"timestamp":"2026-07-25T19:09:24.055090Z","level":"info","event":"Task operator:<Task(PythonOperator): python_task>","logger":"task.stdout"}
{"timestamp":"2026-07-25T19:09:24.051583Z","level":"info","event":"::endgroup::","ti_id":"019f9aae-8df2-7011-bff2-ddcf07870ead","dag_id":"data_load_daily","task_id":"python_task","try_number":1,"run_id":"scheduled__2026-07-25T19:00:00+00:00","map_index":-1,"logger":"task","filename":"task_runner.py","lineno":2270}
