{"timestamp":"2026-07-23T23:56:19.302502Z","level":"info","event":"::group::Pre Execute","logger":"task","filename":"task_runner.py","lineno":2303}
{"timestamp":"2026-07-23T23:56:20.619142Z","level":"info","event":"DAG bundles loaded: dags-folder, example_dags, apache-airflow-providers-common-sql-example-dags, apache-airflow-providers-standard-example-dags","map_index":-1,"ti_id":"019f9168-9278-703e-85fb-d9715dd54b85","task_id":"python_task","dag_id":"data_load_daily","try_number":1,"run_id":"manual__2026-07-23T23:56:17.379758+00:00","logger":"airflow.dag_processing.bundles.manager.DagBundlesManager","filename":"manager.py","lineno":271}
{"timestamp":"2026-07-23T23:56:20.619983Z","level":"info","event":"Filling up the DagBag from /opt/airflow/dags/read_data_dag.py","map_index":-1,"ti_id":"019f9168-9278-703e-85fb-d9715dd54b85","task_id":"python_task","dag_id":"data_load_daily","try_number":1,"run_id":"manual__2026-07-23T23:56:17.379758+00:00","logger":"airflow.dag_processing.dagbag.BundleDagBag","filename":"dagbag.py","lineno":460}
{"timestamp":"2026-07-23T23:56:20.624653Z","level":"info","event":"Worker startup parse complete","bundle_name":"dags-folder","bundle_version":null,"dag_file":"read_data_dag.py","dag_id":"data_load_daily","bundle_prepare_ms":4,"dag_file_parse_ms":4,"map_index":-1,"ti_id":"019f9168-9278-703e-85fb-d9715dd54b85","task_id":"python_task","try_number":1,"run_id":"manual__2026-07-23T23:56:17.379758+00:00","logger":"task","filename":"task_runner.py","lineno":1062}
{"timestamp":"2026-07-23T23:56:20.638274Z","level":"info","event":"Task instance is in running state","logger":"task.stdout"}
{"timestamp":"2026-07-23T23:56:20.638860Z","level":"info","event":" Previous state of the Task instance: TaskInstanceState.QUEUED","logger":"task.stdout"}
{"timestamp":"2026-07-23T23:56:20.638943Z","level":"info","event":"Current task name:python_task","logger":"task.stdout"}
{"timestamp":"2026-07-23T23:56:20.638988Z","level":"info","event":"Dag name:data_load_daily","logger":"task.stdout"}
{"timestamp":"2026-07-23T23:56:20.638496Z","level":"info","event":"::endgroup::","map_index":-1,"ti_id":"019f9168-9278-703e-85fb-d9715dd54b85","task_id":"python_task","dag_id":"data_load_daily","try_number":1,"run_id":"manual__2026-07-23T23:56:17.379758+00:00","logger":"task","filename":"task_runner.py","lineno":2107}
{"timestamp":"2026-07-23T23:56:21.919888Z","level":"info","event":"Downloaded page 1/530","logger":"task.stdout"}
{"timestamp":"2026-07-23T23:56:22.694079Z","level":"info","event":"Downloaded page 2/530","logger":"task.stdout"}
{"timestamp":"2026-07-23T23:56:23.564764Z","level":"info","event":"Downloaded page 3/530","logger":"task.stdout"}
{"timestamp":"2026-07-23T23:56:24.353962Z","level":"info","event":"Downloaded page 4/530","logger":"task.stdout"}
{"timestamp":"2026-07-23T23:56:25.193566Z","level":"info","event":"Downloaded page 5/530","logger":"task.stdout"}
{"timestamp":"2026-07-23T23:56:25.193946Z","level":"error","event":"Task failed with exception","map_index":-1,"ti_id":"019f9168-9278-703e-85fb-d9715dd54b85","task_id":"python_task","dag_id":"data_load_daily","try_number":1,"run_id":"manual__2026-07-23T23:56:17.379758+00:00","logger":"task","filename":"task_runner.py","lineno":1673,"error_detail":[{"exc_type":"FileNotFoundError","exc_value":"[Errno 2] No such file or directory: '/Users/palkin/Documents/Airflow/data/obsoletes.json'","exc_notes":[],"syntax_error":null,"is_cause":false,"frames":[{"filename":"/home/airflow/.local/lib/python3.13/site-packages/airflow/sdk/execution_time/task_runner.py","lineno":1576,"name":"run"},{"filename":"/home/airflow/.local/lib/python3.13/site-packages/airflow/sdk/execution_time/task_runner.py","lineno":189,"name":"wrapper"},{"filename":"/home/airflow/.local/lib/python3.13/site-packages/airflow/sdk/execution_time/task_runner.py","lineno":2125,"name":"_execute_task"},{"filename":"/home/airflow/.local/lib/python3.13/site-packages/airflow/sdk/bases/operator.py","lineno":445,"name":"wrapper"},{"filename":"/home/airflow/.local/lib/python3.13/site-packages/airflow/providers/standard/operators/python.py","lineno":231,"name":"execute"},{"filename":"/home/airflow/.local/lib/python3.13/site-packages/airflow/providers/standard/operators/python.py","lineno":254,"name":"execute_callable"},{"filename":"/home/airflow/.local/lib/python3.13/site-packages/airflow/sdk/execution_time/callback_runner.py","lineno":97,"name":"run"},{"filename":"/opt/airflow/dags/read_data_dag.py","lineno":39,"name":"read_api_data"}],"is_group":false,"exceptions":[]}]}
{"timestamp":"2026-07-23T23:56:25.194797Z","level":"info","event":"::group::Post Execute","map_index":-1,"ti_id":"019f9168-9278-703e-85fb-d9715dd54b85","task_id":"python_task","dag_id":"data_load_daily","try_number":1,"run_id":"manual__2026-07-23T23:56:17.379758+00:00","logger":"task","filename":"task_runner.py","lineno":1674}
{"timestamp":"2026-07-23T23:56:25.205168Z","level":"info","event":"Task instance in failure state","logger":"task.stdout"}
{"timestamp":"2026-07-23T23:56:25.207443Z","level":"info","event":"Task start","logger":"task.stdout"}
{"timestamp":"2026-07-23T23:56:25.208331Z","level":"info","event":"Task:<Task(PythonOperator): python_task>","logger":"task.stdout"}
{"timestamp":"2026-07-23T23:56:25.208462Z","level":"info","event":"Failure caused by [Errno 2] No such file or directory: '/Users/palkin/Documents/Airflow/data/obsoletes.json'","logger":"task.stdout"}
{"timestamp":"2026-07-23T23:56:25.205225Z","level":"info","event":"::endgroup::","map_index":-1,"ti_id":"019f9168-9278-703e-85fb-d9715dd54b85","task_id":"python_task","dag_id":"data_load_daily","try_number":1,"run_id":"manual__2026-07-23T23:56:17.379758+00:00","logger":"task","filename":"task_runner.py","lineno":2270}
