{"timestamp":"2026-07-28T00:15:08.170859Z","level":"info","event":"::group::Pre Execute","logger":"task","filename":"task_runner.py","lineno":2303}
{"timestamp":"2026-07-28T00:15:08.240765Z","level":"info","event":"DAG bundles loaded: dags-folder, example_dags, apache-airflow-providers-common-sql-example-dags, apache-airflow-providers-standard-example-dags","ti_id":"019fa613-4326-77fb-9606-065fedd238d6","dag_id":"cards_pipeline","map_index":-1,"run_id":"scheduled__2026-07-28T00:00:00+00:00","task_id":"read_api_data","try_number":1,"logger":"airflow.dag_processing.bundles.manager.DagBundlesManager","filename":"manager.py","lineno":271}
{"timestamp":"2026-07-28T00:15:08.241391Z","level":"info","event":"Filling up the DagBag from /opt/airflow/dags/cards_pipeline.py","ti_id":"019fa613-4326-77fb-9606-065fedd238d6","dag_id":"cards_pipeline","map_index":-1,"run_id":"scheduled__2026-07-28T00:00:00+00:00","task_id":"read_api_data","try_number":1,"logger":"airflow.dag_processing.dagbag.BundleDagBag","filename":"dagbag.py","lineno":460}
{"timestamp":"2026-07-28T00:15:08.698011Z","level":"warning","event":"The `airflow.decorators.dag` attribute is deprecated. Please use `'airflow.sdk.dag'`.","category":"UserWarning","filename":"/opt/airflow/dags/cards_pipeline.py","lineno":38,"ti_id":"019fa613-4326-77fb-9606-065fedd238d6","dag_id":"cards_pipeline","map_index":-1,"run_id":"scheduled__2026-07-28T00:00:00+00:00","task_id":"read_api_data","try_number":1,"logger":"py.warnings"}
{"timestamp":"2026-07-28T00:15:08.698093Z","level":"warning","event":"The `airflow.decorators.task` attribute is deprecated. Please use `'airflow.sdk.task'`.","category":"UserWarning","filename":"/opt/airflow/dags/cards_pipeline.py","lineno":38,"ti_id":"019fa613-4326-77fb-9606-065fedd238d6","dag_id":"cards_pipeline","map_index":-1,"run_id":"scheduled__2026-07-28T00:00:00+00:00","task_id":"read_api_data","try_number":1,"logger":"py.warnings"}
{"timestamp":"2026-07-28T00:15:08.698550Z","level":"info","event":"Worker startup parse complete","bundle_name":"dags-folder","bundle_version":null,"dag_file":"cards_pipeline.py","dag_id":"cards_pipeline","bundle_prepare_ms":3,"dag_file_parse_ms":457,"ti_id":"019fa613-4326-77fb-9606-065fedd238d6","map_index":-1,"run_id":"scheduled__2026-07-28T00:00:00+00:00","task_id":"read_api_data","try_number":1,"logger":"task","filename":"task_runner.py","lineno":1062}
{"timestamp":"2026-07-28T00:15:08.712608Z","level":"info","event":"Task instance is in running state","logger":"task.stdout"}
{"timestamp":"2026-07-28T00:15:08.712706Z","level":"info","event":" Previous state of the Task instance: TaskInstanceState.QUEUED","logger":"task.stdout"}
{"timestamp":"2026-07-28T00:15:08.713271Z","level":"info","event":"Current task name:read_api_data","logger":"task.stdout"}
{"timestamp":"2026-07-28T00:15:08.713372Z","level":"info","event":"Dag name:cards_pipeline","logger":"task.stdout"}
{"timestamp":"2026-07-28T00:15:08.712733Z","level":"info","event":"::endgroup::","ti_id":"019fa613-4326-77fb-9606-065fedd238d6","dag_id":"cards_pipeline","map_index":-1,"run_id":"scheduled__2026-07-28T00:00:00+00:00","task_id":"read_api_data","try_number":1,"logger":"task","filename":"task_runner.py","lineno":2107}
{"timestamp":"2026-07-28T00:15:09.395139Z","level":"info","event":"Downloaded page 1/532","logger":"task.stdout"}
{"timestamp":"2026-07-28T00:15:09.675366Z","level":"info","event":"Downloaded page 2/532","logger":"task.stdout"}
{"timestamp":"2026-07-28T00:15:09.949430Z","level":"info","event":"Downloaded page 3/532","logger":"task.stdout"}
{"timestamp":"2026-07-28T00:15:10.225018Z","level":"info","event":"Downloaded page 4/532","logger":"task.stdout"}
{"timestamp":"2026-07-28T00:15:10.510746Z","level":"info","event":"Downloaded page 5/532","logger":"task.stdout"}
{"timestamp":"2026-07-28T00:15:10.511060Z","level":"info","event":"Hit MAX_PAGES safety cap (5); stopping early.","logger":"task.stdout"}
{"timestamp":"2026-07-28T00:15:10.516586Z","level":"info","event":"Saved 250 records to /opt/airflow/data/obsoletes_2026-07-28.json","logger":"task.stdout"}
{"timestamp":"2026-07-28T00:15:10.517341Z","level":"info","event":"Done. Returned value was: /opt/airflow/data/obsoletes_2026-07-28.json","ti_id":"019fa613-4326-77fb-9606-065fedd238d6","dag_id":"cards_pipeline","map_index":-1,"run_id":"scheduled__2026-07-28T00:00:00+00:00","task_id":"read_api_data","try_number":1,"logger":"airflow.task.operators.airflow.providers.standard.decorators.python._PythonDecoratedOperator","filename":"python.py","lineno":233}
{"timestamp":"2026-07-28T00:15:10.517452Z","level":"info","event":"::group::Post Execute","ti_id":"019fa613-4326-77fb-9606-065fedd238d6","dag_id":"cards_pipeline","map_index":-1,"run_id":"scheduled__2026-07-28T00:00:00+00:00","task_id":"read_api_data","try_number":1,"logger":"task","filename":"task_runner.py","lineno":1577}
{"timestamp":"2026-07-28T00:15:10.517544Z","level":"info","event":"Pushing xcom","ti":"RuntimeTaskInstance(id=UUID('019fa613-4326-77fb-9606-065fedd238d6'), task_id='read_api_data', dag_id='cards_pipeline', run_id='scheduled__2026-07-28T00:00:00+00:00', try_number=1, dag_version_id=UUID('019fa3cc-a6ce-7ee0-aaf8-e50b4de997e4'), map_index=-1, hostname='94898af98ea4', context_carrier={'traceparent': '00-4c2448b6e44f38bc039dfcaad00f8ae8-bfea338cb60277b6-00'}, queue='default', task=<Task(_PythonDecoratedOperator): read_api_data>, bundle_instance=LocalDagBundle(name=dags-folder), max_tries=2, start_date=datetime.datetime(2026, 7, 28, 0, 15, 8, 219305, tzinfo=datetime.timezone.utc), end_date=None, state=<TaskInstanceState.RUNNING: 'running'>, is_mapped=False, rendered_map_index=None, sentry_integration='sentry_sdk.integrations.celery.CeleryIntegration')","ti_id":"019fa613-4326-77fb-9606-065fedd238d6","dag_id":"cards_pipeline","map_index":-1,"run_id":"scheduled__2026-07-28T00:00:00+00:00","task_id":"read_api_data","try_number":1,"logger":"task","filename":"task_runner.py","lineno":2171}
{"timestamp":"2026-07-28T00:15:10.534640Z","level":"info","event":"Task instance in success state","logger":"task.stdout"}
{"timestamp":"2026-07-28T00:15:10.535478Z","level":"info","event":" Previous state of the Task instance: TaskInstanceState.RUNNING","logger":"task.stdout"}
{"timestamp":"2026-07-28T00:15:10.535547Z","level":"info","event":"Task operator:<Task(_PythonDecoratedOperator): read_api_data>","logger":"task.stdout"}
{"timestamp":"2026-07-28T00:15:10.531957Z","level":"info","event":"::endgroup::","ti_id":"019fa613-4326-77fb-9606-065fedd238d6","dag_id":"cards_pipeline","map_index":-1,"run_id":"scheduled__2026-07-28T00:00:00+00:00","task_id":"read_api_data","try_number":1,"logger":"task","filename":"task_runner.py","lineno":2270}
