{"timestamp":"2026-07-25T06:12:46.546052Z","level":"info","event":"::group::Pre Execute","logger":"task","filename":"task_runner.py","lineno":2303}
{"timestamp":"2026-07-25T06:12:46.583046Z","level":"info","event":"DAG bundles loaded: dags-folder, example_dags, apache-airflow-providers-common-sql-example-dags, apache-airflow-providers-standard-example-dags","task_id":"python_task","map_index":-1,"try_number":1,"run_id":"scheduled__2026-07-25T06:00:00+00:00","ti_id":"019f97e7-9906-73da-89d4-f31d091eda7a","dag_id":"data_load_daily","logger":"airflow.dag_processing.bundles.manager.DagBundlesManager","filename":"manager.py","lineno":271}
{"timestamp":"2026-07-25T06:12:46.583871Z","level":"info","event":"Filling up the DagBag from /opt/airflow/dags/read_data_dag.py","task_id":"python_task","map_index":-1,"try_number":1,"run_id":"scheduled__2026-07-25T06:00:00+00:00","ti_id":"019f97e7-9906-73da-89d4-f31d091eda7a","dag_id":"data_load_daily","logger":"airflow.dag_processing.dagbag.BundleDagBag","filename":"dagbag.py","lineno":460}
{"timestamp":"2026-07-25T06:12:46.592227Z","level":"info","event":"Worker startup parse complete","bundle_name":"dags-folder","bundle_version":null,"dag_file":"read_data_dag.py","dag_id":"data_load_daily","bundle_prepare_ms":3,"dag_file_parse_ms":8,"task_id":"python_task","map_index":-1,"try_number":1,"run_id":"scheduled__2026-07-25T06:00:00+00:00","ti_id":"019f97e7-9906-73da-89d4-f31d091eda7a","logger":"task","filename":"task_runner.py","lineno":1062}
{"timestamp":"2026-07-25T06:12:46.612385Z","level":"info","event":"Task instance is in running state","logger":"task.stdout"}
{"timestamp":"2026-07-25T06:12:46.613218Z","level":"info","event":" Previous state of the Task instance: TaskInstanceState.QUEUED","logger":"task.stdout"}
{"timestamp":"2026-07-25T06:12:46.613303Z","level":"info","event":"Current task name:python_task","logger":"task.stdout"}
{"timestamp":"2026-07-25T06:12:46.613361Z","level":"info","event":"Dag name:data_load_daily","logger":"task.stdout"}
{"timestamp":"2026-07-25T06:12:46.610407Z","level":"info","event":"::endgroup::","task_id":"python_task","map_index":-1,"try_number":1,"run_id":"scheduled__2026-07-25T06:00:00+00:00","ti_id":"019f97e7-9906-73da-89d4-f31d091eda7a","dag_id":"data_load_daily","logger":"task","filename":"task_runner.py","lineno":2107}
{"timestamp":"2026-07-25T06:12:47.283312Z","level":"info","event":"Downloaded page 1/530","logger":"task.stdout"}
{"timestamp":"2026-07-25T06:12:47.904119Z","level":"info","event":"Downloaded page 2/530","logger":"task.stdout"}
{"timestamp":"2026-07-25T06:12:48.568713Z","level":"info","event":"Downloaded page 3/530","logger":"task.stdout"}
{"timestamp":"2026-07-25T06:12:49.249117Z","level":"info","event":"Downloaded page 4/530","logger":"task.stdout"}
{"timestamp":"2026-07-25T06:12:49.946363Z","level":"info","event":"Downloaded page 5/530","logger":"task.stdout"}
{"timestamp":"2026-07-25T06:12:49.960877Z","level":"info","event":"","logger":"task.stdout"}
{"timestamp":"2026-07-25T06:12:49.961029Z","level":"info","event":"Saved 250 records to obsoletes.json","logger":"task.stdout"}
{"timestamp":"2026-07-25T06:12:49.959945Z","level":"info","event":"Done. Returned value was: None","task_id":"python_task","map_index":-1,"try_number":1,"run_id":"scheduled__2026-07-25T06:00:00+00:00","ti_id":"019f97e7-9906-73da-89d4-f31d091eda7a","dag_id":"data_load_daily","logger":"airflow.task.operators.airflow.providers.standard.operators.python.PythonOperator","filename":"python.py","lineno":233}
{"timestamp":"2026-07-25T06:12:49.960149Z","level":"info","event":"::group::Post Execute","task_id":"python_task","map_index":-1,"try_number":1,"run_id":"scheduled__2026-07-25T06:00:00+00:00","ti_id":"019f97e7-9906-73da-89d4-f31d091eda7a","dag_id":"data_load_daily","logger":"task","filename":"task_runner.py","lineno":1577}
{"timestamp":"2026-07-25T06:12:49.981806Z","level":"info","event":"Task instance in success state","logger":"task.stdout"}
{"timestamp":"2026-07-25T06:12:49.982864Z","level":"info","event":" Previous state of the Task instance: TaskInstanceState.RUNNING","logger":"task.stdout"}
{"timestamp":"2026-07-25T06:12:49.983369Z","level":"info","event":"Task operator:<Task(PythonOperator): python_task>","logger":"task.stdout"}
{"timestamp":"2026-07-25T06:12:49.980417Z","level":"info","event":"::endgroup::","task_id":"python_task","map_index":-1,"try_number":1,"run_id":"scheduled__2026-07-25T06:00:00+00:00","ti_id":"019f97e7-9906-73da-89d4-f31d091eda7a","dag_id":"data_load_daily","logger":"task","filename":"task_runner.py","lineno":2270}
