{"timestamp":"2026-07-27T16:00:01.145262Z","level":"info","event":"::group::Pre Execute","logger":"task","filename":"task_runner.py","lineno":2303}
{"timestamp":"2026-07-27T16:00:01.220099Z","level":"info","event":"DAG bundles loaded: dags-folder, example_dags, apache-airflow-providers-common-sql-example-dags, apache-airflow-providers-standard-example-dags","ti_id":"019fa44d-f7d2-7966-ace8-91563fe0f777","dag_id":"cards_pipeline","map_index":-1,"run_id":"scheduled__2026-07-27T16:00:00+00:00","task_id":"read_api_data","try_number":1,"logger":"airflow.dag_processing.bundles.manager.DagBundlesManager","filename":"manager.py","lineno":271}
{"timestamp":"2026-07-27T16:00:01.221616Z","level":"info","event":"Filling up the DagBag from /opt/airflow/dags/cards_pipeline.py","ti_id":"019fa44d-f7d2-7966-ace8-91563fe0f777","dag_id":"cards_pipeline","map_index":-1,"run_id":"scheduled__2026-07-27T16:00:00+00:00","task_id":"read_api_data","try_number":1,"logger":"airflow.dag_processing.dagbag.BundleDagBag","filename":"dagbag.py","lineno":460}
{"timestamp":"2026-07-27T16:00:01.669510Z","level":"warning","event":"The `airflow.decorators.dag` attribute is deprecated. Please use `'airflow.sdk.dag'`.","category":"UserWarning","filename":"/opt/airflow/dags/cards_pipeline.py","lineno":38,"ti_id":"019fa44d-f7d2-7966-ace8-91563fe0f777","dag_id":"cards_pipeline","map_index":-1,"run_id":"scheduled__2026-07-27T16:00:00+00:00","task_id":"read_api_data","try_number":1,"logger":"py.warnings"}
{"timestamp":"2026-07-27T16:00:01.669592Z","level":"warning","event":"The `airflow.decorators.task` attribute is deprecated. Please use `'airflow.sdk.task'`.","category":"UserWarning","filename":"/opt/airflow/dags/cards_pipeline.py","lineno":38,"ti_id":"019fa44d-f7d2-7966-ace8-91563fe0f777","dag_id":"cards_pipeline","map_index":-1,"run_id":"scheduled__2026-07-27T16:00:00+00:00","task_id":"read_api_data","try_number":1,"logger":"py.warnings"}
{"timestamp":"2026-07-27T16:00:01.670288Z","level":"info","event":"Worker startup parse complete","bundle_name":"dags-folder","bundle_version":null,"dag_file":"cards_pipeline.py","dag_id":"cards_pipeline","bundle_prepare_ms":3,"dag_file_parse_ms":449,"ti_id":"019fa44d-f7d2-7966-ace8-91563fe0f777","map_index":-1,"run_id":"scheduled__2026-07-27T16:00:00+00:00","task_id":"read_api_data","try_number":1,"logger":"task","filename":"task_runner.py","lineno":1062}
{"timestamp":"2026-07-27T16:00:01.686437Z","level":"info","event":"Task instance is in running state","logger":"task.stdout"}
{"timestamp":"2026-07-27T16:00:01.686709Z","level":"info","event":" Previous state of the Task instance: TaskInstanceState.QUEUED","logger":"task.stdout"}
{"timestamp":"2026-07-27T16:00:01.686867Z","level":"info","event":"Current task name:read_api_data","logger":"task.stdout"}
{"timestamp":"2026-07-27T16:00:01.686912Z","level":"info","event":"Dag name:cards_pipeline","logger":"task.stdout"}
{"timestamp":"2026-07-27T16:00:01.686493Z","level":"info","event":"::endgroup::","ti_id":"019fa44d-f7d2-7966-ace8-91563fe0f777","dag_id":"cards_pipeline","map_index":-1,"run_id":"scheduled__2026-07-27T16:00:00+00:00","task_id":"read_api_data","try_number":1,"logger":"task","filename":"task_runner.py","lineno":2107}
{"timestamp":"2026-07-27T16:00:02.901882Z","level":"info","event":"Downloaded page 1/532","logger":"task.stdout"}
{"timestamp":"2026-07-27T16:00:03.315901Z","level":"info","event":"Downloaded page 2/532","logger":"task.stdout"}
{"timestamp":"2026-07-27T16:00:03.840465Z","level":"info","event":"Downloaded page 3/532","logger":"task.stdout"}
{"timestamp":"2026-07-27T16:00:04.228045Z","level":"info","event":"Downloaded page 4/532","logger":"task.stdout"}
{"timestamp":"2026-07-27T16:00:04.595871Z","level":"info","event":"Downloaded page 5/532","logger":"task.stdout"}
{"timestamp":"2026-07-27T16:00:04.597983Z","level":"info","event":"Hit MAX_PAGES safety cap (5); stopping early.","logger":"task.stdout"}
{"timestamp":"2026-07-27T16:00:04.610953Z","level":"info","event":"Saved 250 records to /opt/airflow/data/obsoletes_2026-07-27.json","logger":"task.stdout"}
{"timestamp":"2026-07-27T16:00:04.614635Z","level":"info","event":"Done. Returned value was: /opt/airflow/data/obsoletes_2026-07-27.json","ti_id":"019fa44d-f7d2-7966-ace8-91563fe0f777","dag_id":"cards_pipeline","map_index":-1,"run_id":"scheduled__2026-07-27T16:00:00+00:00","task_id":"read_api_data","try_number":1,"logger":"airflow.task.operators.airflow.providers.standard.decorators.python._PythonDecoratedOperator","filename":"python.py","lineno":233}
{"timestamp":"2026-07-27T16:00:04.614969Z","level":"info","event":"::group::Post Execute","ti_id":"019fa44d-f7d2-7966-ace8-91563fe0f777","dag_id":"cards_pipeline","map_index":-1,"run_id":"scheduled__2026-07-27T16:00:00+00:00","task_id":"read_api_data","try_number":1,"logger":"task","filename":"task_runner.py","lineno":1577}
{"timestamp":"2026-07-27T16:00:04.615218Z","level":"info","event":"Pushing xcom","ti":"RuntimeTaskInstance(id=UUID('019fa44d-f7d2-7966-ace8-91563fe0f777'), task_id='read_api_data', dag_id='cards_pipeline', run_id='scheduled__2026-07-27T16:00:00+00:00', try_number=1, dag_version_id=UUID('019fa3cc-a6ce-7ee0-aaf8-e50b4de997e4'), map_index=-1, hostname='94898af98ea4', context_carrier={'traceparent': '00-c99b3e0a93cae506d71e1f67507d9483-9754c441588b459a-00'}, queue='default', task=<Task(_PythonDecoratedOperator): read_api_data>, bundle_instance=LocalDagBundle(name=dags-folder), max_tries=2, start_date=datetime.datetime(2026, 7, 27, 16, 0, 1, 196849, tzinfo=datetime.timezone.utc), end_date=None, state=<TaskInstanceState.RUNNING: 'running'>, is_mapped=False, rendered_map_index=None, sentry_integration='sentry_sdk.integrations.celery.CeleryIntegration')","ti_id":"019fa44d-f7d2-7966-ace8-91563fe0f777","dag_id":"cards_pipeline","map_index":-1,"run_id":"scheduled__2026-07-27T16:00:00+00:00","task_id":"read_api_data","try_number":1,"logger":"task","filename":"task_runner.py","lineno":2171}
{"timestamp":"2026-07-27T16:00:04.645994Z","level":"info","event":"Task instance in success state","logger":"task.stdout"}
{"timestamp":"2026-07-27T16:00:04.646169Z","level":"info","event":" Previous state of the Task instance: TaskInstanceState.RUNNING","logger":"task.stdout"}
{"timestamp":"2026-07-27T16:00:04.646281Z","level":"info","event":"Task operator:<Task(_PythonDecoratedOperator): read_api_data>","logger":"task.stdout"}
{"timestamp":"2026-07-27T16:00:04.646242Z","level":"info","event":"::endgroup::","ti_id":"019fa44d-f7d2-7966-ace8-91563fe0f777","dag_id":"cards_pipeline","map_index":-1,"run_id":"scheduled__2026-07-27T16:00:00+00:00","task_id":"read_api_data","try_number":1,"logger":"task","filename":"task_runner.py","lineno":2270}
