{"timestamp":"2026-07-24T07:05:36.733252Z","level":"info","event":"::group::Pre Execute","logger":"task","filename":"task_runner.py","lineno":2303}
{"timestamp":"2026-07-24T07:05:36.753663Z","level":"info","event":"DAG bundles loaded: dags-folder, example_dags, apache-airflow-providers-common-sql-example-dags, apache-airflow-providers-standard-example-dags","task_id":"python_task","ti_id":"019f92f1-9fe8-7cbd-9b48-f31320f30758","try_number":1,"run_id":"scheduled__2026-07-24T07:00:00+00:00","map_index":-1,"dag_id":"data_load_daily","logger":"airflow.dag_processing.bundles.manager.DagBundlesManager","filename":"manager.py","lineno":271}
{"timestamp":"2026-07-24T07:05:36.754127Z","level":"info","event":"Filling up the DagBag from /opt/airflow/dags/read_data_dag.py","task_id":"python_task","ti_id":"019f92f1-9fe8-7cbd-9b48-f31320f30758","try_number":1,"run_id":"scheduled__2026-07-24T07:00:00+00:00","map_index":-1,"dag_id":"data_load_daily","logger":"airflow.dag_processing.dagbag.BundleDagBag","filename":"dagbag.py","lineno":460}
{"timestamp":"2026-07-24T07:05:36.758018Z","level":"info","event":"Worker startup parse complete","bundle_name":"dags-folder","bundle_version":null,"dag_file":"read_data_dag.py","dag_id":"data_load_daily","bundle_prepare_ms":1,"dag_file_parse_ms":4,"task_id":"python_task","ti_id":"019f92f1-9fe8-7cbd-9b48-f31320f30758","try_number":1,"run_id":"scheduled__2026-07-24T07:00:00+00:00","map_index":-1,"logger":"task","filename":"task_runner.py","lineno":1062}
{"timestamp":"2026-07-24T07:05:36.768889Z","level":"info","event":"Task instance is in running state","logger":"task.stdout"}
{"timestamp":"2026-07-24T07:05:36.772267Z","level":"info","event":" Previous state of the Task instance: TaskInstanceState.QUEUED","logger":"task.stdout"}
{"timestamp":"2026-07-24T07:05:36.772326Z","level":"info","event":"Current task name:python_task","logger":"task.stdout"}
{"timestamp":"2026-07-24T07:05:36.772366Z","level":"info","event":"Dag name:data_load_daily","logger":"task.stdout"}
{"timestamp":"2026-07-24T07:05:36.769133Z","level":"info","event":"::endgroup::","task_id":"python_task","ti_id":"019f92f1-9fe8-7cbd-9b48-f31320f30758","try_number":1,"run_id":"scheduled__2026-07-24T07:00:00+00:00","map_index":-1,"dag_id":"data_load_daily","logger":"task","filename":"task_runner.py","lineno":2107}
{"timestamp":"2026-07-24T07:05:37.873921Z","level":"info","event":"Downloaded page 1/530","logger":"task.stdout"}
{"timestamp":"2026-07-24T07:05:38.711113Z","level":"info","event":"Downloaded page 2/530","logger":"task.stdout"}
{"timestamp":"2026-07-24T07:05:39.550076Z","level":"info","event":"Downloaded page 3/530","logger":"task.stdout"}
{"timestamp":"2026-07-24T07:05:40.345679Z","level":"info","event":"Downloaded page 4/530","logger":"task.stdout"}
{"timestamp":"2026-07-24T07:05:41.126379Z","level":"info","event":"Downloaded page 5/530","logger":"task.stdout"}
{"timestamp":"2026-07-24T07:05:41.133642Z","level":"info","event":"","logger":"task.stdout"}
{"timestamp":"2026-07-24T07:05:41.133720Z","level":"info","event":"Saved 250 records to obsoletes.json","logger":"task.stdout"}
{"timestamp":"2026-07-24T07:05:41.133159Z","level":"info","event":"Done. Returned value was: None","task_id":"python_task","ti_id":"019f92f1-9fe8-7cbd-9b48-f31320f30758","try_number":1,"run_id":"scheduled__2026-07-24T07:00:00+00:00","map_index":-1,"dag_id":"data_load_daily","logger":"airflow.task.operators.airflow.providers.standard.operators.python.PythonOperator","filename":"python.py","lineno":233}
{"timestamp":"2026-07-24T07:05:41.133258Z","level":"info","event":"::group::Post Execute","task_id":"python_task","ti_id":"019f92f1-9fe8-7cbd-9b48-f31320f30758","try_number":1,"run_id":"scheduled__2026-07-24T07:00:00+00:00","map_index":-1,"dag_id":"data_load_daily","logger":"task","filename":"task_runner.py","lineno":1577}
{"timestamp":"2026-07-24T07:05:41.149707Z","level":"info","event":"Task instance in success state","logger":"task.stdout"}
{"timestamp":"2026-07-24T07:05:41.149814Z","level":"info","event":" Previous state of the Task instance: TaskInstanceState.RUNNING","logger":"task.stdout"}
{"timestamp":"2026-07-24T07:05:41.149880Z","level":"info","event":"Task operator:<Task(PythonOperator): python_task>","logger":"task.stdout"}
{"timestamp":"2026-07-24T07:05:41.146988Z","level":"info","event":"::endgroup::","task_id":"python_task","ti_id":"019f92f1-9fe8-7cbd-9b48-f31320f30758","try_number":1,"run_id":"scheduled__2026-07-24T07:00:00+00:00","map_index":-1,"dag_id":"data_load_daily","logger":"task","filename":"task_runner.py","lineno":2270}
