{"timestamp":"2026-07-24T12:02:06.631308Z","level":"info","event":"::group::Pre Execute","logger":"task","filename":"task_runner.py","lineno":2303}
{"timestamp":"2026-07-24T12:02:06.661293Z","level":"info","event":"DAG bundles loaded: dags-folder, example_dags, apache-airflow-providers-common-sql-example-dags, apache-airflow-providers-standard-example-dags","task_id":"python_task","map_index":-1,"ti_id":"019f9401-1423-79f6-be66-0ef2efe84299","dag_id":"data_load_daily","try_number":1,"run_id":"scheduled__2026-07-24T12:00:00+00:00","logger":"airflow.dag_processing.bundles.manager.DagBundlesManager","filename":"manager.py","lineno":271}
{"timestamp":"2026-07-24T12:02:06.661731Z","level":"info","event":"Filling up the DagBag from /opt/airflow/dags/read_data_dag.py","task_id":"python_task","map_index":-1,"ti_id":"019f9401-1423-79f6-be66-0ef2efe84299","dag_id":"data_load_daily","try_number":1,"run_id":"scheduled__2026-07-24T12:00:00+00:00","logger":"airflow.dag_processing.dagbag.BundleDagBag","filename":"dagbag.py","lineno":460}
{"timestamp":"2026-07-24T12:02:06.666386Z","level":"info","event":"Worker startup parse complete","bundle_name":"dags-folder","bundle_version":null,"dag_file":"read_data_dag.py","dag_id":"data_load_daily","bundle_prepare_ms":1,"dag_file_parse_ms":4,"task_id":"python_task","map_index":-1,"ti_id":"019f9401-1423-79f6-be66-0ef2efe84299","try_number":1,"run_id":"scheduled__2026-07-24T12:00:00+00:00","logger":"task","filename":"task_runner.py","lineno":1062}
{"timestamp":"2026-07-24T12:02:06.691971Z","level":"info","event":"Task instance is in running state","logger":"task.stdout"}
{"timestamp":"2026-07-24T12:02:06.692170Z","level":"info","event":" Previous state of the Task instance: TaskInstanceState.QUEUED","logger":"task.stdout"}
{"timestamp":"2026-07-24T12:02:06.693660Z","level":"info","event":"Current task name:python_task","logger":"task.stdout"}
{"timestamp":"2026-07-24T12:02:06.693840Z","level":"info","event":"Dag name:data_load_daily","logger":"task.stdout"}
{"timestamp":"2026-07-24T12:02:06.692431Z","level":"info","event":"::endgroup::","task_id":"python_task","map_index":-1,"ti_id":"019f9401-1423-79f6-be66-0ef2efe84299","dag_id":"data_load_daily","try_number":1,"run_id":"scheduled__2026-07-24T12:00:00+00:00","logger":"task","filename":"task_runner.py","lineno":2107}
{"timestamp":"2026-07-24T12:02:07.352316Z","level":"info","event":"Downloaded page 1/530","logger":"task.stdout"}
{"timestamp":"2026-07-24T12:02:07.977170Z","level":"info","event":"Downloaded page 2/530","logger":"task.stdout"}
{"timestamp":"2026-07-24T12:02:08.596805Z","level":"info","event":"Downloaded page 3/530","logger":"task.stdout"}
{"timestamp":"2026-07-24T12:02:09.291854Z","level":"info","event":"Downloaded page 4/530","logger":"task.stdout"}
{"timestamp":"2026-07-24T12:02:09.939092Z","level":"info","event":"Downloaded page 5/530","logger":"task.stdout"}
{"timestamp":"2026-07-24T12:02:09.954356Z","level":"info","event":"","logger":"task.stdout"}
{"timestamp":"2026-07-24T12:02:09.955250Z","level":"info","event":"Saved 250 records to obsoletes.json","logger":"task.stdout"}
{"timestamp":"2026-07-24T12:02:09.955034Z","level":"info","event":"Done. Returned value was: None","task_id":"python_task","map_index":-1,"ti_id":"019f9401-1423-79f6-be66-0ef2efe84299","dag_id":"data_load_daily","try_number":1,"run_id":"scheduled__2026-07-24T12:00:00+00:00","logger":"airflow.task.operators.airflow.providers.standard.operators.python.PythonOperator","filename":"python.py","lineno":233}
{"timestamp":"2026-07-24T12:02:09.955958Z","level":"info","event":"::group::Post Execute","task_id":"python_task","map_index":-1,"ti_id":"019f9401-1423-79f6-be66-0ef2efe84299","dag_id":"data_load_daily","try_number":1,"run_id":"scheduled__2026-07-24T12:00:00+00:00","logger":"task","filename":"task_runner.py","lineno":1577}
{"timestamp":"2026-07-24T12:02:09.985619Z","level":"info","event":"Task instance in success state","logger":"task.stdout"}
{"timestamp":"2026-07-24T12:02:09.985786Z","level":"info","event":" Previous state of the Task instance: TaskInstanceState.RUNNING","logger":"task.stdout"}
{"timestamp":"2026-07-24T12:02:09.985962Z","level":"info","event":"Task operator:<Task(PythonOperator): python_task>","logger":"task.stdout"}
{"timestamp":"2026-07-24T12:02:09.985978Z","level":"info","event":"::endgroup::","task_id":"python_task","map_index":-1,"ti_id":"019f9401-1423-79f6-be66-0ef2efe84299","dag_id":"data_load_daily","try_number":1,"run_id":"scheduled__2026-07-24T12:00:00+00:00","logger":"task","filename":"task_runner.py","lineno":2270}
