{"timestamp":"2026-07-26T02:00:02.109528Z","level":"info","event":"::group::Pre Execute","logger":"task","filename":"task_runner.py","lineno":2303}
{"timestamp":"2026-07-26T02:00:03.720869Z","level":"info","event":"DAG bundles loaded: dags-folder, example_dags, apache-airflow-providers-common-sql-example-dags, apache-airflow-providers-standard-example-dags","map_index":-1,"run_id":"scheduled__2026-07-26T02:00:00+00:00","task_id":"python_task","try_number":1,"dag_id":"data_load_daily","ti_id":"019f9c26-8fb7-703d-a483-d47b887f71a8","logger":"airflow.dag_processing.bundles.manager.DagBundlesManager","filename":"manager.py","lineno":271}
{"timestamp":"2026-07-26T02:00:03.721321Z","level":"info","event":"Filling up the DagBag from /opt/airflow/dags/read_data_dag.py","map_index":-1,"run_id":"scheduled__2026-07-26T02:00:00+00:00","task_id":"python_task","try_number":1,"dag_id":"data_load_daily","ti_id":"019f9c26-8fb7-703d-a483-d47b887f71a8","logger":"airflow.dag_processing.dagbag.BundleDagBag","filename":"dagbag.py","lineno":460}
{"timestamp":"2026-07-26T02:00:03.729960Z","level":"info","event":"Worker startup parse complete","bundle_name":"dags-folder","bundle_version":null,"dag_file":"read_data_dag.py","dag_id":"data_load_daily","bundle_prepare_ms":1,"dag_file_parse_ms":8,"map_index":-1,"run_id":"scheduled__2026-07-26T02:00:00+00:00","task_id":"python_task","try_number":1,"ti_id":"019f9c26-8fb7-703d-a483-d47b887f71a8","logger":"task","filename":"task_runner.py","lineno":1062}
{"timestamp":"2026-07-26T02:00:03.746976Z","level":"info","event":"Task instance is in running state","logger":"task.stdout"}
{"timestamp":"2026-07-26T02:00:03.748579Z","level":"info","event":" Previous state of the Task instance: TaskInstanceState.QUEUED","logger":"task.stdout"}
{"timestamp":"2026-07-26T02:00:03.750500Z","level":"info","event":"Current task name:python_task","logger":"task.stdout"}
{"timestamp":"2026-07-26T02:00:03.750554Z","level":"info","event":"Dag name:data_load_daily","logger":"task.stdout"}
{"timestamp":"2026-07-26T02:00:03.747267Z","level":"info","event":"::endgroup::","map_index":-1,"run_id":"scheduled__2026-07-26T02:00:00+00:00","task_id":"python_task","try_number":1,"dag_id":"data_load_daily","ti_id":"019f9c26-8fb7-703d-a483-d47b887f71a8","logger":"task","filename":"task_runner.py","lineno":2107}
{"timestamp":"2026-07-26T02:00:04.514193Z","level":"info","event":"Downloaded page 1/531","logger":"task.stdout"}
{"timestamp":"2026-07-26T02:00:05.179890Z","level":"info","event":"Downloaded page 2/531","logger":"task.stdout"}
{"timestamp":"2026-07-26T02:00:05.813141Z","level":"info","event":"Downloaded page 3/531","logger":"task.stdout"}
{"timestamp":"2026-07-26T02:00:06.515058Z","level":"info","event":"Downloaded page 4/531","logger":"task.stdout"}
{"timestamp":"2026-07-26T02:00:07.188620Z","level":"info","event":"Downloaded page 5/531","logger":"task.stdout"}
{"timestamp":"2026-07-26T02:00:07.205594Z","level":"info","event":"","logger":"task.stdout"}
{"timestamp":"2026-07-26T02:00:07.206540Z","level":"info","event":"Saved 250 records to obsoletes.json","logger":"task.stdout"}
{"timestamp":"2026-07-26T02:00:07.205734Z","level":"info","event":"Done. Returned value was: None","map_index":-1,"run_id":"scheduled__2026-07-26T02:00:00+00:00","task_id":"python_task","try_number":1,"dag_id":"data_load_daily","ti_id":"019f9c26-8fb7-703d-a483-d47b887f71a8","logger":"airflow.task.operators.airflow.providers.standard.operators.python.PythonOperator","filename":"python.py","lineno":233}
{"timestamp":"2026-07-26T02:00:07.205953Z","level":"info","event":"::group::Post Execute","map_index":-1,"run_id":"scheduled__2026-07-26T02:00:00+00:00","task_id":"python_task","try_number":1,"dag_id":"data_load_daily","ti_id":"019f9c26-8fb7-703d-a483-d47b887f71a8","logger":"task","filename":"task_runner.py","lineno":1577}
{"timestamp":"2026-07-26T02:00:07.233612Z","level":"info","event":"Task instance in success state","logger":"task.stdout"}
{"timestamp":"2026-07-26T02:00:07.234521Z","level":"info","event":" Previous state of the Task instance: TaskInstanceState.RUNNING","logger":"task.stdout"}
{"timestamp":"2026-07-26T02:00:07.234714Z","level":"info","event":"Task operator:<Task(PythonOperator): python_task>","logger":"task.stdout"}
{"timestamp":"2026-07-26T02:00:07.231095Z","level":"info","event":"::endgroup::","map_index":-1,"run_id":"scheduled__2026-07-26T02:00:00+00:00","task_id":"python_task","try_number":1,"dag_id":"data_load_daily","ti_id":"019f9c26-8fb7-703d-a483-d47b887f71a8","logger":"task","filename":"task_runner.py","lineno":2270}
