{"timestamp":"2026-07-24T19:02:06.148827Z","level":"info","event":"::group::Pre Execute","logger":"task","filename":"task_runner.py","lineno":2303}
{"timestamp":"2026-07-24T19:02:06.203833Z","level":"info","event":"DAG bundles loaded: dags-folder, example_dags, apache-airflow-providers-common-sql-example-dags, apache-airflow-providers-standard-example-dags","task_id":"python_task","map_index":-1,"ti_id":"019f9581-93f4-7054-b167-b5d2953fc440","dag_id":"data_load_daily","try_number":1,"run_id":"scheduled__2026-07-24T19:00:00+00:00","logger":"airflow.dag_processing.bundles.manager.DagBundlesManager","filename":"manager.py","lineno":271}
{"timestamp":"2026-07-24T19:02:06.204601Z","level":"info","event":"Filling up the DagBag from /opt/airflow/dags/read_data_dag.py","task_id":"python_task","map_index":-1,"ti_id":"019f9581-93f4-7054-b167-b5d2953fc440","dag_id":"data_load_daily","try_number":1,"run_id":"scheduled__2026-07-24T19:00:00+00:00","logger":"airflow.dag_processing.dagbag.BundleDagBag","filename":"dagbag.py","lineno":460}
{"timestamp":"2026-07-24T19:02:06.211250Z","level":"info","event":"Worker startup parse complete","bundle_name":"dags-folder","bundle_version":null,"dag_file":"read_data_dag.py","dag_id":"data_load_daily","bundle_prepare_ms":3,"dag_file_parse_ms":6,"task_id":"python_task","map_index":-1,"ti_id":"019f9581-93f4-7054-b167-b5d2953fc440","try_number":1,"run_id":"scheduled__2026-07-24T19:00:00+00:00","logger":"task","filename":"task_runner.py","lineno":1062}
{"timestamp":"2026-07-24T19:02:06.225221Z","level":"info","event":"Task instance is in running state","logger":"task.stdout"}
{"timestamp":"2026-07-24T19:02:06.225360Z","level":"info","event":" Previous state of the Task instance: TaskInstanceState.QUEUED","logger":"task.stdout"}
{"timestamp":"2026-07-24T19:02:06.225449Z","level":"info","event":"Current task name:python_task","logger":"task.stdout"}
{"timestamp":"2026-07-24T19:02:06.225513Z","level":"info","event":"Dag name:data_load_daily","logger":"task.stdout"}
{"timestamp":"2026-07-24T19:02:06.225477Z","level":"info","event":"::endgroup::","task_id":"python_task","map_index":-1,"ti_id":"019f9581-93f4-7054-b167-b5d2953fc440","dag_id":"data_load_daily","try_number":1,"run_id":"scheduled__2026-07-24T19:00:00+00:00","logger":"task","filename":"task_runner.py","lineno":2107}
{"timestamp":"2026-07-24T19:02:06.863545Z","level":"info","event":"Downloaded page 1/530","logger":"task.stdout"}
{"timestamp":"2026-07-24T19:02:07.445346Z","level":"info","event":"Downloaded page 2/530","logger":"task.stdout"}
{"timestamp":"2026-07-24T19:02:08.049844Z","level":"info","event":"Downloaded page 3/530","logger":"task.stdout"}
{"timestamp":"2026-07-24T19:02:08.686719Z","level":"info","event":"Downloaded page 4/530","logger":"task.stdout"}
{"timestamp":"2026-07-24T19:02:09.247026Z","level":"info","event":"Downloaded page 5/530","logger":"task.stdout"}
{"timestamp":"2026-07-24T19:02:09.261834Z","level":"info","event":"","logger":"task.stdout"}
{"timestamp":"2026-07-24T19:02:09.262344Z","level":"info","event":"Saved 250 records to obsoletes.json","logger":"task.stdout"}
{"timestamp":"2026-07-24T19:02:09.262154Z","level":"info","event":"Done. Returned value was: None","task_id":"python_task","map_index":-1,"ti_id":"019f9581-93f4-7054-b167-b5d2953fc440","dag_id":"data_load_daily","try_number":1,"run_id":"scheduled__2026-07-24T19:00:00+00:00","logger":"airflow.task.operators.airflow.providers.standard.operators.python.PythonOperator","filename":"python.py","lineno":233}
{"timestamp":"2026-07-24T19:02:09.262809Z","level":"info","event":"::group::Post Execute","task_id":"python_task","map_index":-1,"ti_id":"019f9581-93f4-7054-b167-b5d2953fc440","dag_id":"data_load_daily","try_number":1,"run_id":"scheduled__2026-07-24T19:00:00+00:00","logger":"task","filename":"task_runner.py","lineno":1577}
{"timestamp":"2026-07-24T19:02:09.283913Z","level":"info","event":"Task instance in success state","logger":"task.stdout"}
{"timestamp":"2026-07-24T19:02:09.284072Z","level":"info","event":" Previous state of the Task instance: TaskInstanceState.RUNNING","logger":"task.stdout"}
{"timestamp":"2026-07-24T19:02:09.284246Z","level":"info","event":"Task operator:<Task(PythonOperator): python_task>","logger":"task.stdout"}
{"timestamp":"2026-07-24T19:02:09.284155Z","level":"info","event":"::endgroup::","task_id":"python_task","map_index":-1,"ti_id":"019f9581-93f4-7054-b167-b5d2953fc440","dag_id":"data_load_daily","try_number":1,"run_id":"scheduled__2026-07-24T19:00:00+00:00","logger":"task","filename":"task_runner.py","lineno":2270}
