{"timestamp":"2026-07-26T03:08:43.161405Z","level":"info","event":"::group::Pre Execute","logger":"task","filename":"task_runner.py","lineno":2303}
{"timestamp":"2026-07-26T03:08:43.172786Z","level":"info","event":"DAG bundles loaded: dags-folder, example_dags, apache-airflow-providers-common-sql-example-dags, apache-airflow-providers-standard-example-dags","dag_id":"data_load_daily","map_index":-1,"task_id":"python_task","ti_id":"019f9c65-6efa-71fa-8c2a-51c664cfa551","run_id":"manual__2026-07-26T03:08:41.062127+00:00","try_number":1,"logger":"airflow.dag_processing.bundles.manager.DagBundlesManager","filename":"manager.py","lineno":271}
{"timestamp":"2026-07-26T03:08:43.173493Z","level":"info","event":"Filling up the DagBag from /opt/airflow/dags/read_data_dag.py","dag_id":"data_load_daily","map_index":-1,"task_id":"python_task","ti_id":"019f9c65-6efa-71fa-8c2a-51c664cfa551","run_id":"manual__2026-07-26T03:08:41.062127+00:00","try_number":1,"logger":"airflow.dag_processing.dagbag.BundleDagBag","filename":"dagbag.py","lineno":460}
{"timestamp":"2026-07-26T03:08:43.584418Z","level":"info","event":"Worker startup parse complete","bundle_name":"dags-folder","bundle_version":null,"dag_file":"read_data_dag.py","dag_id":"data_load_daily","bundle_prepare_ms":1,"dag_file_parse_ms":411,"map_index":-1,"task_id":"python_task","ti_id":"019f9c65-6efa-71fa-8c2a-51c664cfa551","run_id":"manual__2026-07-26T03:08:41.062127+00:00","try_number":1,"logger":"task","filename":"task_runner.py","lineno":1062}
{"timestamp":"2026-07-26T03:08:43.600087Z","level":"info","event":"Task instance is in running state","logger":"task.stdout"}
{"timestamp":"2026-07-26T03:08:43.600197Z","level":"info","event":" Previous state of the Task instance: TaskInstanceState.QUEUED","logger":"task.stdout"}
{"timestamp":"2026-07-26T03:08:43.600237Z","level":"info","event":"Current task name:python_task","logger":"task.stdout"}
{"timestamp":"2026-07-26T03:08:43.600271Z","level":"info","event":"Dag name:data_load_daily","logger":"task.stdout"}
{"timestamp":"2026-07-26T03:08:43.596973Z","level":"info","event":"::endgroup::","dag_id":"data_load_daily","map_index":-1,"task_id":"python_task","ti_id":"019f9c65-6efa-71fa-8c2a-51c664cfa551","run_id":"manual__2026-07-26T03:08:41.062127+00:00","try_number":1,"logger":"task","filename":"task_runner.py","lineno":2107}
{"timestamp":"2026-07-26T03:08:44.280129Z","level":"info","event":"Downloaded page 1/531","logger":"task.stdout"}
{"timestamp":"2026-07-26T03:08:44.890381Z","level":"info","event":"Downloaded page 2/531","logger":"task.stdout"}
{"timestamp":"2026-07-26T03:08:45.508440Z","level":"info","event":"Downloaded page 3/531","logger":"task.stdout"}
{"timestamp":"2026-07-26T03:08:46.138284Z","level":"info","event":"Downloaded page 4/531","logger":"task.stdout"}
{"timestamp":"2026-07-26T03:08:46.751165Z","level":"info","event":"Downloaded page 5/531","logger":"task.stdout"}
{"timestamp":"2026-07-26T03:08:46.770099Z","level":"info","event":"","logger":"task.stdout"}
{"timestamp":"2026-07-26T03:08:46.771096Z","level":"info","event":"Saved 250 records to obsoletes.json","logger":"task.stdout"}
{"timestamp":"2026-07-26T03:08:46.770539Z","level":"info","event":"Done. Returned value was: None","dag_id":"data_load_daily","map_index":-1,"task_id":"python_task","ti_id":"019f9c65-6efa-71fa-8c2a-51c664cfa551","run_id":"manual__2026-07-26T03:08:41.062127+00:00","try_number":1,"logger":"airflow.task.operators.airflow.providers.standard.operators.python.PythonOperator","filename":"python.py","lineno":233}
{"timestamp":"2026-07-26T03:08:46.770869Z","level":"info","event":"::group::Post Execute","dag_id":"data_load_daily","map_index":-1,"task_id":"python_task","ti_id":"019f9c65-6efa-71fa-8c2a-51c664cfa551","run_id":"manual__2026-07-26T03:08:41.062127+00:00","try_number":1,"logger":"task","filename":"task_runner.py","lineno":1577}
{"timestamp":"2026-07-26T03:08:46.788254Z","level":"info","event":"::endgroup::","dag_id":"data_load_daily","map_index":-1,"task_id":"python_task","ti_id":"019f9c65-6efa-71fa-8c2a-51c664cfa551","run_id":"manual__2026-07-26T03:08:41.062127+00:00","try_number":1,"logger":"task","filename":"task_runner.py","lineno":2270}
{"timestamp":"2026-07-26T03:08:46.790459Z","level":"info","event":"Task instance in success state","logger":"task.stdout"}
{"timestamp":"2026-07-26T03:08:46.791022Z","level":"info","event":" Previous state of the Task instance: TaskInstanceState.RUNNING","logger":"task.stdout"}
{"timestamp":"2026-07-26T03:08:46.793984Z","level":"info","event":"Task operator:<Task(PythonOperator): python_task>","logger":"task.stdout"}
