{"timestamp":"2026-07-24T21:00:01.798690Z","level":"info","event":"::group::Pre Execute","logger":"task","filename":"task_runner.py","lineno":2303}
{"timestamp":"2026-07-24T21:00:01.824641Z","level":"info","event":"DAG bundles loaded: dags-folder, example_dags, apache-airflow-providers-common-sql-example-dags, apache-airflow-providers-standard-example-dags","task_id":"python_task","map_index":-1,"ti_id":"019f95ed-8b1e-7ec1-bfed-27ee406d863e","dag_id":"data_load_daily","try_number":1,"run_id":"scheduled__2026-07-24T21:00:00+00:00","logger":"airflow.dag_processing.bundles.manager.DagBundlesManager","filename":"manager.py","lineno":271}
{"timestamp":"2026-07-24T21:00:01.825200Z","level":"info","event":"Filling up the DagBag from /opt/airflow/dags/read_data_dag.py","task_id":"python_task","map_index":-1,"ti_id":"019f95ed-8b1e-7ec1-bfed-27ee406d863e","dag_id":"data_load_daily","try_number":1,"run_id":"scheduled__2026-07-24T21:00:00+00:00","logger":"airflow.dag_processing.dagbag.BundleDagBag","filename":"dagbag.py","lineno":460}
{"timestamp":"2026-07-24T21:00:01.832077Z","level":"info","event":"Worker startup parse complete","bundle_name":"dags-folder","bundle_version":null,"dag_file":"read_data_dag.py","dag_id":"data_load_daily","bundle_prepare_ms":2,"dag_file_parse_ms":7,"task_id":"python_task","map_index":-1,"ti_id":"019f95ed-8b1e-7ec1-bfed-27ee406d863e","try_number":1,"run_id":"scheduled__2026-07-24T21:00:00+00:00","logger":"task","filename":"task_runner.py","lineno":1062}
{"timestamp":"2026-07-24T21:00:01.844566Z","level":"info","event":"Task instance is in running state","logger":"task.stdout"}
{"timestamp":"2026-07-24T21:00:01.846277Z","level":"info","event":" Previous state of the Task instance: TaskInstanceState.QUEUED","logger":"task.stdout"}
{"timestamp":"2026-07-24T21:00:01.848206Z","level":"info","event":"Current task name:python_task","logger":"task.stdout"}
{"timestamp":"2026-07-24T21:00:01.848269Z","level":"info","event":"Dag name:data_load_daily","logger":"task.stdout"}
{"timestamp":"2026-07-24T21:00:01.844953Z","level":"info","event":"::endgroup::","task_id":"python_task","map_index":-1,"ti_id":"019f95ed-8b1e-7ec1-bfed-27ee406d863e","dag_id":"data_load_daily","try_number":1,"run_id":"scheduled__2026-07-24T21:00:00+00:00","logger":"task","filename":"task_runner.py","lineno":2107}
{"timestamp":"2026-07-24T21:00:02.627501Z","level":"info","event":"Downloaded page 1/530","logger":"task.stdout"}
{"timestamp":"2026-07-24T21:00:03.337457Z","level":"info","event":"Downloaded page 2/530","logger":"task.stdout"}
{"timestamp":"2026-07-24T21:00:04.153282Z","level":"info","event":"Downloaded page 3/530","logger":"task.stdout"}
{"timestamp":"2026-07-24T21:00:04.906690Z","level":"info","event":"Downloaded page 4/530","logger":"task.stdout"}
{"timestamp":"2026-07-24T21:00:05.687641Z","level":"info","event":"Downloaded page 5/530","logger":"task.stdout"}
{"timestamp":"2026-07-24T21:00:05.703435Z","level":"info","event":"","logger":"task.stdout"}
{"timestamp":"2026-07-24T21:00:05.705202Z","level":"info","event":"Saved 250 records to obsoletes.json","logger":"task.stdout"}
{"timestamp":"2026-07-24T21:00:05.704051Z","level":"info","event":"Done. Returned value was: None","task_id":"python_task","map_index":-1,"ti_id":"019f95ed-8b1e-7ec1-bfed-27ee406d863e","dag_id":"data_load_daily","try_number":1,"run_id":"scheduled__2026-07-24T21:00:00+00:00","logger":"airflow.task.operators.airflow.providers.standard.operators.python.PythonOperator","filename":"python.py","lineno":233}
{"timestamp":"2026-07-24T21:00:05.704273Z","level":"info","event":"::group::Post Execute","task_id":"python_task","map_index":-1,"ti_id":"019f95ed-8b1e-7ec1-bfed-27ee406d863e","dag_id":"data_load_daily","try_number":1,"run_id":"scheduled__2026-07-24T21:00:00+00:00","logger":"task","filename":"task_runner.py","lineno":1577}
{"timestamp":"2026-07-24T21:00:05.724246Z","level":"info","event":"Task instance in success state","logger":"task.stdout"}
{"timestamp":"2026-07-24T21:00:05.727272Z","level":"info","event":" Previous state of the Task instance: TaskInstanceState.RUNNING","logger":"task.stdout"}
{"timestamp":"2026-07-24T21:00:05.727395Z","level":"info","event":"Task operator:<Task(PythonOperator): python_task>","logger":"task.stdout"}
{"timestamp":"2026-07-24T21:00:05.724722Z","level":"info","event":"::endgroup::","task_id":"python_task","map_index":-1,"ti_id":"019f95ed-8b1e-7ec1-bfed-27ee406d863e","dag_id":"data_load_daily","try_number":1,"run_id":"scheduled__2026-07-24T21:00:00+00:00","logger":"task","filename":"task_runner.py","lineno":2270}
