{"timestamp":"2026-07-24T13:02:49.421365Z","level":"info","event":"::group::Pre Execute","logger":"task","filename":"task_runner.py","lineno":2303}
{"timestamp":"2026-07-24T13:02:49.447155Z","level":"info","event":"DAG bundles loaded: dags-folder, example_dags, apache-airflow-providers-common-sql-example-dags, apache-airflow-providers-standard-example-dags","task_id":"python_task","map_index":-1,"ti_id":"019f9438-a6f5-7267-a3c6-adf4fddb3dd3","dag_id":"data_load_daily","try_number":1,"run_id":"scheduled__2026-07-24T13:00:00+00:00","logger":"airflow.dag_processing.bundles.manager.DagBundlesManager","filename":"manager.py","lineno":271}
{"timestamp":"2026-07-24T13:02:49.447569Z","level":"info","event":"Filling up the DagBag from /opt/airflow/dags/read_data_dag.py","task_id":"python_task","map_index":-1,"ti_id":"019f9438-a6f5-7267-a3c6-adf4fddb3dd3","dag_id":"data_load_daily","try_number":1,"run_id":"scheduled__2026-07-24T13:00:00+00:00","logger":"airflow.dag_processing.dagbag.BundleDagBag","filename":"dagbag.py","lineno":460}
{"timestamp":"2026-07-24T13:02:49.453341Z","level":"info","event":"Worker startup parse complete","bundle_name":"dags-folder","bundle_version":null,"dag_file":"read_data_dag.py","dag_id":"data_load_daily","bundle_prepare_ms":1,"dag_file_parse_ms":5,"task_id":"python_task","map_index":-1,"ti_id":"019f9438-a6f5-7267-a3c6-adf4fddb3dd3","try_number":1,"run_id":"scheduled__2026-07-24T13:00:00+00:00","logger":"task","filename":"task_runner.py","lineno":1062}
{"timestamp":"2026-07-24T13:02:49.469901Z","level":"info","event":"Task instance is in running state","logger":"task.stdout"}
{"timestamp":"2026-07-24T13:02:49.471762Z","level":"info","event":" Previous state of the Task instance: TaskInstanceState.QUEUED","logger":"task.stdout"}
{"timestamp":"2026-07-24T13:02:49.471846Z","level":"info","event":"Current task name:python_task","logger":"task.stdout"}
{"timestamp":"2026-07-24T13:02:49.471904Z","level":"info","event":"Dag name:data_load_daily","logger":"task.stdout"}
{"timestamp":"2026-07-24T13:02:49.468956Z","level":"info","event":"::endgroup::","task_id":"python_task","map_index":-1,"ti_id":"019f9438-a6f5-7267-a3c6-adf4fddb3dd3","dag_id":"data_load_daily","try_number":1,"run_id":"scheduled__2026-07-24T13:00:00+00:00","logger":"task","filename":"task_runner.py","lineno":2107}
{"timestamp":"2026-07-24T13:02:50.297086Z","level":"info","event":"Downloaded page 1/530","logger":"task.stdout"}
{"timestamp":"2026-07-24T13:02:51.151326Z","level":"info","event":"Downloaded page 2/530","logger":"task.stdout"}
{"timestamp":"2026-07-24T13:02:52.000035Z","level":"info","event":"Downloaded page 3/530","logger":"task.stdout"}
{"timestamp":"2026-07-24T13:02:52.863572Z","level":"info","event":"Downloaded page 4/530","logger":"task.stdout"}
{"timestamp":"2026-07-24T13:02:53.709095Z","level":"info","event":"Downloaded page 5/530","logger":"task.stdout"}
{"timestamp":"2026-07-24T13:02:53.715770Z","level":"info","event":"","logger":"task.stdout"}
{"timestamp":"2026-07-24T13:02:53.716117Z","level":"info","event":"Saved 250 records to obsoletes.json","logger":"task.stdout"}
{"timestamp":"2026-07-24T13:02:53.715578Z","level":"info","event":"Done. Returned value was: None","task_id":"python_task","map_index":-1,"ti_id":"019f9438-a6f5-7267-a3c6-adf4fddb3dd3","dag_id":"data_load_daily","try_number":1,"run_id":"scheduled__2026-07-24T13:00:00+00:00","logger":"airflow.task.operators.airflow.providers.standard.operators.python.PythonOperator","filename":"python.py","lineno":233}
{"timestamp":"2026-07-24T13:02:53.715674Z","level":"info","event":"::group::Post Execute","task_id":"python_task","map_index":-1,"ti_id":"019f9438-a6f5-7267-a3c6-adf4fddb3dd3","dag_id":"data_load_daily","try_number":1,"run_id":"scheduled__2026-07-24T13:00:00+00:00","logger":"task","filename":"task_runner.py","lineno":1577}
{"timestamp":"2026-07-24T13:02:53.729862Z","level":"info","event":"Task instance in success state","logger":"task.stdout"}
{"timestamp":"2026-07-24T13:02:53.731349Z","level":"info","event":" Previous state of the Task instance: TaskInstanceState.RUNNING","logger":"task.stdout"}
{"timestamp":"2026-07-24T13:02:53.731427Z","level":"info","event":"Task operator:<Task(PythonOperator): python_task>","logger":"task.stdout"}
{"timestamp":"2026-07-24T13:02:53.729066Z","level":"info","event":"::endgroup::","task_id":"python_task","map_index":-1,"ti_id":"019f9438-a6f5-7267-a3c6-adf4fddb3dd3","dag_id":"data_load_daily","try_number":1,"run_id":"scheduled__2026-07-24T13:00:00+00:00","logger":"task","filename":"task_runner.py","lineno":2270}
