{"timestamp":"2026-07-28T23:24:31.526851Z","level":"info","event":"::group::Pre Execute","logger":"task","filename":"task_runner.py","lineno":2303}
{"timestamp":"2026-07-28T23:24:33.109005Z","level":"info","event":"DAG bundles loaded: dags-folder, example_dags, apache-airflow-providers-common-sql-example-dags, apache-airflow-providers-standard-example-dags","run_id":"manual__2026-07-28T23:24:30.187658+00:00","ti_id":"019fab0b-449d-74f7-89a5-e43764793d84","try_number":1,"dag_id":"cards_pipeline","task_id":"read_api_data","map_index":-1,"logger":"airflow.dag_processing.bundles.manager.DagBundlesManager","filename":"manager.py","lineno":271}
{"timestamp":"2026-07-28T23:24:33.110063Z","level":"info","event":"Filling up the DagBag from /opt/airflow/dags/cards_pipeline.py","run_id":"manual__2026-07-28T23:24:30.187658+00:00","ti_id":"019fab0b-449d-74f7-89a5-e43764793d84","try_number":1,"dag_id":"cards_pipeline","task_id":"read_api_data","map_index":-1,"logger":"airflow.dag_processing.dagbag.BundleDagBag","filename":"dagbag.py","lineno":460}
{"timestamp":"2026-07-28T23:24:33.556216Z","level":"warning","event":"The `airflow.decorators.dag` attribute is deprecated. Please use `'airflow.sdk.dag'`.","category":"UserWarning","filename":"/opt/airflow/dags/cards_pipeline.py","lineno":38,"run_id":"manual__2026-07-28T23:24:30.187658+00:00","ti_id":"019fab0b-449d-74f7-89a5-e43764793d84","try_number":1,"dag_id":"cards_pipeline","task_id":"read_api_data","map_index":-1,"logger":"py.warnings"}
{"timestamp":"2026-07-28T23:24:33.556319Z","level":"warning","event":"The `airflow.decorators.task` attribute is deprecated. Please use `'airflow.sdk.task'`.","category":"UserWarning","filename":"/opt/airflow/dags/cards_pipeline.py","lineno":38,"run_id":"manual__2026-07-28T23:24:30.187658+00:00","ti_id":"019fab0b-449d-74f7-89a5-e43764793d84","try_number":1,"dag_id":"cards_pipeline","task_id":"read_api_data","map_index":-1,"logger":"py.warnings"}
{"timestamp":"2026-07-28T23:24:33.557437Z","level":"info","event":"Worker startup parse complete","bundle_name":"dags-folder","bundle_version":null,"dag_file":"cards_pipeline.py","dag_id":"cards_pipeline","bundle_prepare_ms":3,"dag_file_parse_ms":447,"run_id":"manual__2026-07-28T23:24:30.187658+00:00","ti_id":"019fab0b-449d-74f7-89a5-e43764793d84","try_number":1,"task_id":"read_api_data","map_index":-1,"logger":"task","filename":"task_runner.py","lineno":1062}
{"timestamp":"2026-07-28T23:24:33.582238Z","level":"info","event":"Task instance is in running state","logger":"task.stdout"}
{"timestamp":"2026-07-28T23:24:33.582404Z","level":"info","event":" Previous state of the Task instance: TaskInstanceState.QUEUED","logger":"task.stdout"}
{"timestamp":"2026-07-28T23:24:33.582470Z","level":"info","event":"Current task name:read_api_data","logger":"task.stdout"}
{"timestamp":"2026-07-28T23:24:33.582513Z","level":"info","event":"Dag name:cards_pipeline","logger":"task.stdout"}
{"timestamp":"2026-07-28T23:24:33.582467Z","level":"info","event":"::endgroup::","run_id":"manual__2026-07-28T23:24:30.187658+00:00","ti_id":"019fab0b-449d-74f7-89a5-e43764793d84","try_number":1,"dag_id":"cards_pipeline","task_id":"read_api_data","map_index":-1,"logger":"task","filename":"task_runner.py","lineno":2107}
{"timestamp":"2026-07-28T23:24:34.266625Z","level":"info","event":"Downloaded page 1/532","logger":"task.stdout"}
{"timestamp":"2026-07-28T23:24:34.525759Z","level":"info","event":"Downloaded page 2/532","logger":"task.stdout"}
{"timestamp":"2026-07-28T23:24:34.835700Z","level":"info","event":"Downloaded page 3/532","logger":"task.stdout"}
{"timestamp":"2026-07-28T23:24:35.119377Z","level":"info","event":"Downloaded page 4/532","logger":"task.stdout"}
{"timestamp":"2026-07-28T23:24:35.405495Z","level":"info","event":"Downloaded page 5/532","logger":"task.stdout"}
{"timestamp":"2026-07-28T23:24:35.407269Z","level":"info","event":"Hit MAX_PAGES safety cap (5); stopping early.","logger":"task.stdout"}
{"timestamp":"2026-07-28T23:24:35.420361Z","level":"info","event":"Saved 250 records to /opt/airflow/data/obsoletes_2026-07-28.json","logger":"task.stdout"}
{"timestamp":"2026-07-28T23:24:35.423619Z","level":"info","event":"Done. Returned value was: /opt/airflow/data/obsoletes_2026-07-28.json","run_id":"manual__2026-07-28T23:24:30.187658+00:00","ti_id":"019fab0b-449d-74f7-89a5-e43764793d84","try_number":1,"dag_id":"cards_pipeline","task_id":"read_api_data","map_index":-1,"logger":"airflow.task.operators.airflow.providers.standard.decorators.python._PythonDecoratedOperator","filename":"python.py","lineno":233}
{"timestamp":"2026-07-28T23:24:35.423933Z","level":"info","event":"::group::Post Execute","run_id":"manual__2026-07-28T23:24:30.187658+00:00","ti_id":"019fab0b-449d-74f7-89a5-e43764793d84","try_number":1,"dag_id":"cards_pipeline","task_id":"read_api_data","map_index":-1,"logger":"task","filename":"task_runner.py","lineno":1577}
{"timestamp":"2026-07-28T23:24:35.424201Z","level":"info","event":"Pushing xcom","ti":"RuntimeTaskInstance(id=UUID('019fab0b-449d-74f7-89a5-e43764793d84'), task_id='read_api_data', dag_id='cards_pipeline', run_id='manual__2026-07-28T23:24:30.187658+00:00', try_number=1, dag_version_id=UUID('019fa3cc-a6ce-7ee0-aaf8-e50b4de997e4'), map_index=-1, hostname='8ba845a13cb3', context_carrier={'traceparent': '00-43fe10d64082baba169733331ba7fd8b-1179bb782e279847-00'}, queue='default', task=<Task(_PythonDecoratedOperator): read_api_data>, bundle_instance=LocalDagBundle(name=dags-folder), max_tries=2, start_date=datetime.datetime(2026, 7, 28, 23, 24, 33, 86457, tzinfo=datetime.timezone.utc), end_date=None, state=<TaskInstanceState.RUNNING: 'running'>, is_mapped=False, rendered_map_index=None, sentry_integration='sentry_sdk.integrations.celery.CeleryIntegration')","run_id":"manual__2026-07-28T23:24:30.187658+00:00","ti_id":"019fab0b-449d-74f7-89a5-e43764793d84","try_number":1,"dag_id":"cards_pipeline","task_id":"read_api_data","map_index":-1,"logger":"task","filename":"task_runner.py","lineno":2171}
{"timestamp":"2026-07-28T23:24:35.465702Z","level":"info","event":"Task instance in success state","logger":"task.stdout"}
{"timestamp":"2026-07-28T23:24:35.467592Z","level":"info","event":" Previous state of the Task instance: TaskInstanceState.RUNNING","logger":"task.stdout"}
{"timestamp":"2026-07-28T23:24:35.467663Z","level":"info","event":"Task operator:<Task(_PythonDecoratedOperator): read_api_data>","logger":"task.stdout"}
{"timestamp":"2026-07-28T23:24:35.464138Z","level":"info","event":"::endgroup::","run_id":"manual__2026-07-28T23:24:30.187658+00:00","ti_id":"019fab0b-449d-74f7-89a5-e43764793d84","try_number":1,"dag_id":"cards_pipeline","task_id":"read_api_data","map_index":-1,"logger":"task","filename":"task_runner.py","lineno":2270}
