{"timestamp":"2026-07-24T10:01:07.212735Z","level":"info","event":"::group::Pre Execute","logger":"task","filename":"task_runner.py","lineno":2303}
{"timestamp":"2026-07-24T10:01:07.235421Z","level":"info","event":"DAG bundles loaded: dags-folder, example_dags, apache-airflow-providers-common-sql-example-dags, apache-airflow-providers-standard-example-dags","run_id":"scheduled__2026-07-24T10:00:00+00:00","task_id":"python_task","ti_id":"019f9392-4da4-78d2-b125-5271154bf8ca","dag_id":"data_load_daily","try_number":1,"map_index":-1,"logger":"airflow.dag_processing.bundles.manager.DagBundlesManager","filename":"manager.py","lineno":271}
{"timestamp":"2026-07-24T10:01:07.235818Z","level":"info","event":"Filling up the DagBag from /opt/airflow/dags/read_data_dag.py","run_id":"scheduled__2026-07-24T10:00:00+00:00","task_id":"python_task","ti_id":"019f9392-4da4-78d2-b125-5271154bf8ca","dag_id":"data_load_daily","try_number":1,"map_index":-1,"logger":"airflow.dag_processing.dagbag.BundleDagBag","filename":"dagbag.py","lineno":460}
{"timestamp":"2026-07-24T10:01:07.242090Z","level":"info","event":"Worker startup parse complete","bundle_name":"dags-folder","bundle_version":null,"dag_file":"read_data_dag.py","dag_id":"data_load_daily","bundle_prepare_ms":1,"dag_file_parse_ms":6,"run_id":"scheduled__2026-07-24T10:00:00+00:00","task_id":"python_task","ti_id":"019f9392-4da4-78d2-b125-5271154bf8ca","try_number":1,"map_index":-1,"logger":"task","filename":"task_runner.py","lineno":1062}
{"timestamp":"2026-07-24T10:01:07.257970Z","level":"info","event":"Task instance is in running state","logger":"task.stdout"}
{"timestamp":"2026-07-24T10:01:07.258933Z","level":"info","event":" Previous state of the Task instance: TaskInstanceState.QUEUED","logger":"task.stdout"}
{"timestamp":"2026-07-24T10:01:07.259176Z","level":"info","event":"Current task name:python_task","logger":"task.stdout"}
{"timestamp":"2026-07-24T10:01:07.259914Z","level":"info","event":"Dag name:data_load_daily","logger":"task.stdout"}
{"timestamp":"2026-07-24T10:01:07.256750Z","level":"info","event":"::endgroup::","run_id":"scheduled__2026-07-24T10:00:00+00:00","task_id":"python_task","ti_id":"019f9392-4da4-78d2-b125-5271154bf8ca","dag_id":"data_load_daily","try_number":1,"map_index":-1,"logger":"task","filename":"task_runner.py","lineno":2107}
{"timestamp":"2026-07-24T10:01:07.960990Z","level":"info","event":"Downloaded page 1/530","logger":"task.stdout"}
{"timestamp":"2026-07-24T10:01:08.600600Z","level":"info","event":"Downloaded page 2/530","logger":"task.stdout"}
{"timestamp":"2026-07-24T10:01:09.224849Z","level":"info","event":"Downloaded page 3/530","logger":"task.stdout"}
{"timestamp":"2026-07-24T10:01:09.852596Z","level":"info","event":"Downloaded page 4/530","logger":"task.stdout"}
{"timestamp":"2026-07-24T10:01:10.501116Z","level":"info","event":"Downloaded page 5/530","logger":"task.stdout"}
{"timestamp":"2026-07-24T10:01:10.510652Z","level":"info","event":"","logger":"task.stdout"}
{"timestamp":"2026-07-24T10:01:10.510760Z","level":"info","event":"Saved 250 records to obsoletes.json","logger":"task.stdout"}
{"timestamp":"2026-07-24T10:01:10.510097Z","level":"info","event":"Done. Returned value was: None","run_id":"scheduled__2026-07-24T10:00:00+00:00","task_id":"python_task","ti_id":"019f9392-4da4-78d2-b125-5271154bf8ca","dag_id":"data_load_daily","try_number":1,"map_index":-1,"logger":"airflow.task.operators.airflow.providers.standard.operators.python.PythonOperator","filename":"python.py","lineno":233}
{"timestamp":"2026-07-24T10:01:10.510220Z","level":"info","event":"::group::Post Execute","run_id":"scheduled__2026-07-24T10:00:00+00:00","task_id":"python_task","ti_id":"019f9392-4da4-78d2-b125-5271154bf8ca","dag_id":"data_load_daily","try_number":1,"map_index":-1,"logger":"task","filename":"task_runner.py","lineno":1577}
{"timestamp":"2026-07-24T10:01:10.522112Z","level":"info","event":"Task instance in success state","logger":"task.stdout"}
{"timestamp":"2026-07-24T10:01:10.522224Z","level":"info","event":" Previous state of the Task instance: TaskInstanceState.RUNNING","logger":"task.stdout"}
{"timestamp":"2026-07-24T10:01:10.522330Z","level":"info","event":"Task operator:<Task(PythonOperator): python_task>","logger":"task.stdout"}
{"timestamp":"2026-07-24T10:01:10.522290Z","level":"info","event":"::endgroup::","run_id":"scheduled__2026-07-24T10:00:00+00:00","task_id":"python_task","ti_id":"019f9392-4da4-78d2-b125-5271154bf8ca","dag_id":"data_load_daily","try_number":1,"map_index":-1,"logger":"task","filename":"task_runner.py","lineno":2270}
