{"timestamp":"2026-07-24T20:08:40.434688Z","level":"info","event":"::group::Pre Execute","logger":"task","filename":"task_runner.py","lineno":2303}
{"timestamp":"2026-07-24T20:08:40.456821Z","level":"info","event":"DAG bundles loaded: dags-folder, example_dags, apache-airflow-providers-common-sql-example-dags, apache-airflow-providers-standard-example-dags","dag_id":"data_load_daily","task_id":"python_task","ti_id":"019f95be-873a-72d8-b8ec-ca4ea6f167bd","run_id":"scheduled__2026-07-24T20:00:00+00:00","try_number":1,"map_index":-1,"logger":"airflow.dag_processing.bundles.manager.DagBundlesManager","filename":"manager.py","lineno":271}
{"timestamp":"2026-07-24T20:08:40.457370Z","level":"info","event":"Filling up the DagBag from /opt/airflow/dags/read_data_dag.py","dag_id":"data_load_daily","task_id":"python_task","ti_id":"019f95be-873a-72d8-b8ec-ca4ea6f167bd","run_id":"scheduled__2026-07-24T20:00:00+00:00","try_number":1,"map_index":-1,"logger":"airflow.dag_processing.dagbag.BundleDagBag","filename":"dagbag.py","lineno":460}
{"timestamp":"2026-07-24T20:08:40.461602Z","level":"info","event":"Worker startup parse complete","bundle_name":"dags-folder","bundle_version":null,"dag_file":"read_data_dag.py","dag_id":"data_load_daily","bundle_prepare_ms":1,"dag_file_parse_ms":4,"task_id":"python_task","ti_id":"019f95be-873a-72d8-b8ec-ca4ea6f167bd","run_id":"scheduled__2026-07-24T20:00:00+00:00","try_number":1,"map_index":-1,"logger":"task","filename":"task_runner.py","lineno":1062}
{"timestamp":"2026-07-24T20:08:40.477013Z","level":"info","event":"Task instance is in running state","logger":"task.stdout"}
{"timestamp":"2026-07-24T20:08:40.477990Z","level":"info","event":" Previous state of the Task instance: TaskInstanceState.QUEUED","logger":"task.stdout"}
{"timestamp":"2026-07-24T20:08:40.478892Z","level":"info","event":"Current task name:python_task","logger":"task.stdout"}
{"timestamp":"2026-07-24T20:08:40.478963Z","level":"info","event":"Dag name:data_load_daily","logger":"task.stdout"}
{"timestamp":"2026-07-24T20:08:40.476138Z","level":"info","event":"::endgroup::","dag_id":"data_load_daily","task_id":"python_task","ti_id":"019f95be-873a-72d8-b8ec-ca4ea6f167bd","run_id":"scheduled__2026-07-24T20:00:00+00:00","try_number":1,"map_index":-1,"logger":"task","filename":"task_runner.py","lineno":2107}
{"timestamp":"2026-07-24T20:08:41.257903Z","level":"info","event":"Downloaded page 1/530","logger":"task.stdout"}
{"timestamp":"2026-07-24T20:08:41.877521Z","level":"info","event":"Downloaded page 2/530","logger":"task.stdout"}
{"timestamp":"2026-07-24T20:08:42.503243Z","level":"info","event":"Downloaded page 3/530","logger":"task.stdout"}
{"timestamp":"2026-07-24T20:08:43.114556Z","level":"info","event":"Downloaded page 4/530","logger":"task.stdout"}
{"timestamp":"2026-07-24T20:08:43.766301Z","level":"info","event":"Downloaded page 5/530","logger":"task.stdout"}
{"timestamp":"2026-07-24T20:08:43.775920Z","level":"info","event":"","logger":"task.stdout"}
{"timestamp":"2026-07-24T20:08:43.776502Z","level":"info","event":"Saved 250 records to obsoletes.json","logger":"task.stdout"}
{"timestamp":"2026-07-24T20:08:43.775702Z","level":"info","event":"Done. Returned value was: None","dag_id":"data_load_daily","task_id":"python_task","ti_id":"019f95be-873a-72d8-b8ec-ca4ea6f167bd","run_id":"scheduled__2026-07-24T20:00:00+00:00","try_number":1,"map_index":-1,"logger":"airflow.task.operators.airflow.providers.standard.operators.python.PythonOperator","filename":"python.py","lineno":233}
{"timestamp":"2026-07-24T20:08:43.775820Z","level":"info","event":"::group::Post Execute","dag_id":"data_load_daily","task_id":"python_task","ti_id":"019f95be-873a-72d8-b8ec-ca4ea6f167bd","run_id":"scheduled__2026-07-24T20:00:00+00:00","try_number":1,"map_index":-1,"logger":"task","filename":"task_runner.py","lineno":1577}
{"timestamp":"2026-07-24T20:08:43.797102Z","level":"info","event":"Task instance in success state","logger":"task.stdout"}
{"timestamp":"2026-07-24T20:08:43.797236Z","level":"info","event":" Previous state of the Task instance: TaskInstanceState.RUNNING","logger":"task.stdout"}
{"timestamp":"2026-07-24T20:08:43.797305Z","level":"info","event":"Task operator:<Task(PythonOperator): python_task>","logger":"task.stdout"}
{"timestamp":"2026-07-24T20:08:43.794163Z","level":"info","event":"::endgroup::","dag_id":"data_load_daily","task_id":"python_task","ti_id":"019f95be-873a-72d8-b8ec-ca4ea6f167bd","run_id":"scheduled__2026-07-24T20:00:00+00:00","try_number":1,"map_index":-1,"logger":"task","filename":"task_runner.py","lineno":2270}
