{"timestamp":"2026-07-27T19:00:01.122161Z","level":"info","event":"::group::Pre Execute","logger":"task","filename":"task_runner.py","lineno":2303}
{"timestamp":"2026-07-27T19:00:01.149268Z","level":"info","event":"DAG bundles loaded: dags-folder, example_dags, apache-airflow-providers-common-sql-example-dags, apache-airflow-providers-standard-example-dags","ti_id":"019fa4f2-c388-7f6c-8f8b-e8c624c3c58f","task_id":"read_api_data","run_id":"scheduled__2026-07-27T19:00:00+00:00","dag_id":"cards_pipeline","map_index":-1,"try_number":1,"logger":"airflow.dag_processing.bundles.manager.DagBundlesManager","filename":"manager.py","lineno":271}
{"timestamp":"2026-07-27T19:00:01.150497Z","level":"info","event":"Filling up the DagBag from /opt/airflow/dags/cards_pipeline.py","ti_id":"019fa4f2-c388-7f6c-8f8b-e8c624c3c58f","task_id":"read_api_data","run_id":"scheduled__2026-07-27T19:00:00+00:00","dag_id":"cards_pipeline","map_index":-1,"try_number":1,"logger":"airflow.dag_processing.dagbag.BundleDagBag","filename":"dagbag.py","lineno":460}
{"timestamp":"2026-07-27T19:00:01.532982Z","level":"warning","event":"The `airflow.decorators.dag` attribute is deprecated. Please use `'airflow.sdk.dag'`.","category":"UserWarning","filename":"/opt/airflow/dags/cards_pipeline.py","lineno":38,"ti_id":"019fa4f2-c388-7f6c-8f8b-e8c624c3c58f","task_id":"read_api_data","run_id":"scheduled__2026-07-27T19:00:00+00:00","dag_id":"cards_pipeline","map_index":-1,"try_number":1,"logger":"py.warnings"}
{"timestamp":"2026-07-27T19:00:01.533048Z","level":"warning","event":"The `airflow.decorators.task` attribute is deprecated. Please use `'airflow.sdk.task'`.","category":"UserWarning","filename":"/opt/airflow/dags/cards_pipeline.py","lineno":38,"ti_id":"019fa4f2-c388-7f6c-8f8b-e8c624c3c58f","task_id":"read_api_data","run_id":"scheduled__2026-07-27T19:00:00+00:00","dag_id":"cards_pipeline","map_index":-1,"try_number":1,"logger":"py.warnings"}
{"timestamp":"2026-07-27T19:00:01.533582Z","level":"info","event":"Worker startup parse complete","bundle_name":"dags-folder","bundle_version":null,"dag_file":"cards_pipeline.py","dag_id":"cards_pipeline","bundle_prepare_ms":1,"dag_file_parse_ms":383,"ti_id":"019fa4f2-c388-7f6c-8f8b-e8c624c3c58f","task_id":"read_api_data","run_id":"scheduled__2026-07-27T19:00:00+00:00","map_index":-1,"try_number":1,"logger":"task","filename":"task_runner.py","lineno":1062}
{"timestamp":"2026-07-27T19:00:01.546919Z","level":"info","event":"Task instance is in running state","logger":"task.stdout"}
{"timestamp":"2026-07-27T19:00:01.547096Z","level":"info","event":" Previous state of the Task instance: TaskInstanceState.QUEUED","logger":"task.stdout"}
{"timestamp":"2026-07-27T19:00:01.549421Z","level":"info","event":"Current task name:read_api_data","logger":"task.stdout"}
{"timestamp":"2026-07-27T19:00:01.549510Z","level":"info","event":"Dag name:cards_pipeline","logger":"task.stdout"}
{"timestamp":"2026-07-27T19:00:01.546287Z","level":"info","event":"::endgroup::","ti_id":"019fa4f2-c388-7f6c-8f8b-e8c624c3c58f","task_id":"read_api_data","run_id":"scheduled__2026-07-27T19:00:00+00:00","dag_id":"cards_pipeline","map_index":-1,"try_number":1,"logger":"task","filename":"task_runner.py","lineno":2107}
{"timestamp":"2026-07-27T19:00:02.497072Z","level":"info","event":"Downloaded page 1/532","logger":"task.stdout"}
{"timestamp":"2026-07-27T19:00:02.853004Z","level":"info","event":"Downloaded page 2/532","logger":"task.stdout"}
{"timestamp":"2026-07-27T19:00:03.181097Z","level":"info","event":"Downloaded page 3/532","logger":"task.stdout"}
{"timestamp":"2026-07-27T19:00:03.512090Z","level":"info","event":"Downloaded page 4/532","logger":"task.stdout"}
{"timestamp":"2026-07-27T19:00:03.918166Z","level":"info","event":"Downloaded page 5/532","logger":"task.stdout"}
{"timestamp":"2026-07-27T19:00:03.918947Z","level":"info","event":"Hit MAX_PAGES safety cap (5); stopping early.","logger":"task.stdout"}
{"timestamp":"2026-07-27T19:00:03.932216Z","level":"info","event":"Saved 250 records to /opt/airflow/data/obsoletes_2026-07-27.json","logger":"task.stdout"}
{"timestamp":"2026-07-27T19:00:03.935067Z","level":"info","event":"Done. Returned value was: /opt/airflow/data/obsoletes_2026-07-27.json","ti_id":"019fa4f2-c388-7f6c-8f8b-e8c624c3c58f","task_id":"read_api_data","run_id":"scheduled__2026-07-27T19:00:00+00:00","dag_id":"cards_pipeline","map_index":-1,"try_number":1,"logger":"airflow.task.operators.airflow.providers.standard.decorators.python._PythonDecoratedOperator","filename":"python.py","lineno":233}
{"timestamp":"2026-07-27T19:00:03.935383Z","level":"info","event":"::group::Post Execute","ti_id":"019fa4f2-c388-7f6c-8f8b-e8c624c3c58f","task_id":"read_api_data","run_id":"scheduled__2026-07-27T19:00:00+00:00","dag_id":"cards_pipeline","map_index":-1,"try_number":1,"logger":"task","filename":"task_runner.py","lineno":1577}
{"timestamp":"2026-07-27T19:00:03.935602Z","level":"info","event":"Pushing xcom","ti":"RuntimeTaskInstance(id=UUID('019fa4f2-c388-7f6c-8f8b-e8c624c3c58f'), task_id='read_api_data', dag_id='cards_pipeline', run_id='scheduled__2026-07-27T19:00:00+00:00', try_number=1, dag_version_id=UUID('019fa3cc-a6ce-7ee0-aaf8-e50b4de997e4'), map_index=-1, hostname='94898af98ea4', context_carrier={'traceparent': '00-07794187a65c0954a5625045873e041b-05f146cb9fad3fd3-00'}, queue='default', task=<Task(_PythonDecoratedOperator): read_api_data>, bundle_instance=LocalDagBundle(name=dags-folder), max_tries=2, start_date=datetime.datetime(2026, 7, 27, 19, 0, 1, 138222, tzinfo=datetime.timezone.utc), end_date=None, state=<TaskInstanceState.RUNNING: 'running'>, is_mapped=False, rendered_map_index=None, sentry_integration='sentry_sdk.integrations.celery.CeleryIntegration')","ti_id":"019fa4f2-c388-7f6c-8f8b-e8c624c3c58f","task_id":"read_api_data","run_id":"scheduled__2026-07-27T19:00:00+00:00","dag_id":"cards_pipeline","map_index":-1,"try_number":1,"logger":"task","filename":"task_runner.py","lineno":2171}
{"timestamp":"2026-07-27T19:00:03.964933Z","level":"info","event":"Task instance in success state","logger":"task.stdout"}
{"timestamp":"2026-07-27T19:00:03.967785Z","level":"info","event":" Previous state of the Task instance: TaskInstanceState.RUNNING","logger":"task.stdout"}
{"timestamp":"2026-07-27T19:00:03.967863Z","level":"info","event":"Task operator:<Task(_PythonDecoratedOperator): read_api_data>","logger":"task.stdout"}
{"timestamp":"2026-07-27T19:00:03.964488Z","level":"info","event":"::endgroup::","ti_id":"019fa4f2-c388-7f6c-8f8b-e8c624c3c58f","task_id":"read_api_data","run_id":"scheduled__2026-07-27T19:00:00+00:00","dag_id":"cards_pipeline","map_index":-1,"try_number":1,"logger":"task","filename":"task_runner.py","lineno":2270}
