{"timestamp":"2026-07-24T03:12:45.456871Z","level":"info","event":"::group::Pre Execute","logger":"task","filename":"task_runner.py","lineno":2303}
{"timestamp":"2026-07-24T03:12:45.483564Z","level":"info","event":"DAG bundles loaded: dags-folder, example_dags, apache-airflow-providers-common-sql-example-dags, apache-airflow-providers-standard-example-dags","dag_id":"data_load_daily","task_id":"python_task","run_id":"scheduled__2026-07-24T03:00:00+00:00","map_index":-1,"ti_id":"019f921c-6d98-7ea1-8c53-a16f0d320f9c","try_number":1,"logger":"airflow.dag_processing.bundles.manager.DagBundlesManager","filename":"manager.py","lineno":271}
{"timestamp":"2026-07-24T03:12:45.484103Z","level":"info","event":"Filling up the DagBag from /opt/airflow/dags/read_data_dag.py","dag_id":"data_load_daily","task_id":"python_task","run_id":"scheduled__2026-07-24T03:00:00+00:00","map_index":-1,"ti_id":"019f921c-6d98-7ea1-8c53-a16f0d320f9c","try_number":1,"logger":"airflow.dag_processing.dagbag.BundleDagBag","filename":"dagbag.py","lineno":460}
{"timestamp":"2026-07-24T03:12:45.494544Z","level":"info","event":"Worker startup parse complete","bundle_name":"dags-folder","bundle_version":null,"dag_file":"read_data_dag.py","dag_id":"data_load_daily","bundle_prepare_ms":1,"dag_file_parse_ms":10,"task_id":"python_task","run_id":"scheduled__2026-07-24T03:00:00+00:00","map_index":-1,"ti_id":"019f921c-6d98-7ea1-8c53-a16f0d320f9c","try_number":1,"logger":"task","filename":"task_runner.py","lineno":1062}
{"timestamp":"2026-07-24T03:12:45.519751Z","level":"info","event":"Task instance is in running state","logger":"task.stdout"}
{"timestamp":"2026-07-24T03:12:45.519957Z","level":"info","event":" Previous state of the Task instance: TaskInstanceState.QUEUED","logger":"task.stdout"}
{"timestamp":"2026-07-24T03:12:45.520191Z","level":"info","event":"Current task name:python_task","logger":"task.stdout"}
{"timestamp":"2026-07-24T03:12:45.520262Z","level":"info","event":"Dag name:data_load_daily","logger":"task.stdout"}
{"timestamp":"2026-07-24T03:12:45.520370Z","level":"info","event":"::endgroup::","dag_id":"data_load_daily","task_id":"python_task","run_id":"scheduled__2026-07-24T03:00:00+00:00","map_index":-1,"ti_id":"019f921c-6d98-7ea1-8c53-a16f0d320f9c","try_number":1,"logger":"task","filename":"task_runner.py","lineno":2107}
{"timestamp":"2026-07-24T03:12:46.163677Z","level":"info","event":"Downloaded page 1/530","logger":"task.stdout"}
{"timestamp":"2026-07-24T03:12:46.833710Z","level":"info","event":"Downloaded page 2/530","logger":"task.stdout"}
{"timestamp":"2026-07-24T03:12:47.460055Z","level":"info","event":"Downloaded page 3/530","logger":"task.stdout"}
{"timestamp":"2026-07-24T03:12:48.096191Z","level":"info","event":"Downloaded page 4/530","logger":"task.stdout"}
{"timestamp":"2026-07-24T03:12:48.712030Z","level":"info","event":"Downloaded page 5/530","logger":"task.stdout"}
{"timestamp":"2026-07-24T03:12:48.725837Z","level":"info","event":"","logger":"task.stdout"}
{"timestamp":"2026-07-24T03:12:48.726376Z","level":"info","event":"Saved 250 records to obsoletes.json","logger":"task.stdout"}
{"timestamp":"2026-07-24T03:12:48.725740Z","level":"info","event":"Done. Returned value was: None","dag_id":"data_load_daily","task_id":"python_task","run_id":"scheduled__2026-07-24T03:00:00+00:00","map_index":-1,"ti_id":"019f921c-6d98-7ea1-8c53-a16f0d320f9c","try_number":1,"logger":"airflow.task.operators.airflow.providers.standard.operators.python.PythonOperator","filename":"python.py","lineno":233}
{"timestamp":"2026-07-24T03:12:48.726271Z","level":"info","event":"::group::Post Execute","dag_id":"data_load_daily","task_id":"python_task","run_id":"scheduled__2026-07-24T03:00:00+00:00","map_index":-1,"ti_id":"019f921c-6d98-7ea1-8c53-a16f0d320f9c","try_number":1,"logger":"task","filename":"task_runner.py","lineno":1577}
{"timestamp":"2026-07-24T03:12:48.744851Z","level":"info","event":"Task instance in success state","logger":"task.stdout"}
{"timestamp":"2026-07-24T03:12:48.745715Z","level":"info","event":" Previous state of the Task instance: TaskInstanceState.RUNNING","logger":"task.stdout"}
{"timestamp":"2026-07-24T03:12:48.746691Z","level":"info","event":"Task operator:<Task(PythonOperator): python_task>","logger":"task.stdout"}
{"timestamp":"2026-07-24T03:12:48.744008Z","level":"info","event":"::endgroup::","dag_id":"data_load_daily","task_id":"python_task","run_id":"scheduled__2026-07-24T03:00:00+00:00","map_index":-1,"ti_id":"019f921c-6d98-7ea1-8c53-a16f0d320f9c","try_number":1,"logger":"task","filename":"task_runner.py","lineno":2270}
